
> babylon-lite-workspace@ test D:\Repos\Babylon-Lite-2
> pnpm build:bundle-scenes && pnpm test:parity


> babylon-lite-workspace@ build:bundle-scenes D:\Repos\Babylon-Lite-2
> tsx scripts/build-bundle-scenes.ts

Γ£ô Bundle master baseline manifest (origin/master) written to D:\Repos\Babylon-Lite-2\lab\public\bundle\master-manifest.json
[1/248] Building scene1...
[1/248] Γ£ô scene1 (2.7s, total 2.9s)
[2/248] Building scene2...
[2/248] Γ£ô scene2 (1.5s, total 4.4s)
[3/248] Building scene3...
[3/248] Γ£ô scene3 (1.2s, total 5.6s)
[4/248] Building scene4...
[4/248] Γ£ô scene4 (1.3s, total 6.9s)
[5/248] Building scene5...
[5/248] Γ£ô scene5 (1.8s, total 8.7s)
[6/248] Building scene6...
[6/248] Γ£ô scene6 (1.2s, total 9.9s)
[7/248] Building scene7...
[7/248] Γ£ô scene7 (1.8s, total 11.7s)
[8/248] Building scene8...
[8/248] Γ£ô scene8 (1.3s, total 13.0s)
[9/248] Building scene9...
[9/248] Γ£ô scene9 (1.8s, total 14.8s)
[10/248] Building scene10...
[10/248] Γ£ô scene10 (1.2s, total 16.0s)
[11/248] Building scene11...
[11/248] Γ£ô scene11 (1.4s, total 17.4s)
[12/248] Building scene12...
[12/248] Γ£ô scene12 (1.6s, total 19.0s)
[13/248] Building scene13...
[13/248] Γ£ô scene13 (1.5s, total 20.5s)
[14/248] Building scene14...
[14/248] Γ£ô scene14 (1.7s, total 22.2s)
[15/248] Building scene15...
[15/248] Γ£ô scene15 (1.1s, total 23.3s)
[16/248] Building scene16...
[16/248] Γ£ô scene16 (1.0s, total 24.3s)
[17/248] Building scene17...
[17/248] Γ£ô scene17 (1.3s, total 25.6s)
[18/248] Building scene18...
[18/248] Γ£ô scene18 (1.0s, total 26.5s)
[19/248] Building scene19...
[19/248] Γ£ô scene19 (1.3s, total 27.9s)
[20/248] Building scene20...
[20/248] Γ£ô scene20 (1.3s, total 29.1s)
[21/248] Building scene21...
[21/248] Γ£ô scene21 (1.6s, total 30.8s)
[22/248] Building scene22...
[22/248] Γ£ô scene22 (1.5s, total 32.3s)
[23/248] Building scene23...
[23/248] Γ£ô scene23 (1.3s, total 33.6s)
[24/248] Building scene24...
[24/248] Γ£ô scene24 (1.0s, total 34.5s)
[25/248] Building scene25...
[25/248] Γ£ô scene25 (1.0s, total 35.5s)
[26/248] Building scene26...
[26/248] Γ£ô scene26 (1.5s, total 37.0s)
[27/248] Building scene27...
[27/248] Γ£ô scene27 (1.4s, total 38.5s)
[28/248] Building scene28...
[28/248] Γ£ô scene28 (1.7s, total 40.2s)
[29/248] Building scene29...
[29/248] Γ£ô scene29 (1.5s, total 41.7s)
[30/248] Building scene30...
[30/248] Γ£ô scene30 (1.6s, total 43.3s)
[31/248] Building scene31...
[31/248] Γ£ô scene31 (1.7s, total 44.9s)
[32/248] Building scene32...
[32/248] Γ£ô scene32 (1.6s, total 46.5s)
[33/248] Building scene33...
[33/248] Γ£ô scene33 (1.5s, total 48.0s)
[34/248] Building scene34...
[34/248] Γ£ô scene34 (1.6s, total 49.6s)
[35/248] Building scene35...
[35/248] Γ£ô scene35 (1.8s, total 51.4s)
[36/248] Building scene36...
[36/248] Γ£ô scene36 (1.0s, total 52.4s)
[37/248] Building scene37...
[37/248] Γ£ô scene37 (1.8s, total 54.2s)
[38/248] Building scene38...
[38/248] Γ£ô scene38 (1.4s, total 55.6s)
[39/248] Building scene40...
[39/248] Γ£ô scene40 (1.3s, total 56.9s)
[40/248] Building scene50...
[40/248] Γ£ô scene50 (0.9s, total 57.7s)
[41/248] Building scene51...
[41/248] Γ£ô scene51 (0.9s, total 58.6s)
[42/248] Building scene52...
[42/248] Γ£ô scene52 (1.5s, total 60.1s)
[43/248] Building scene53...
[43/248] Γ£ô scene53 (1.5s, total 61.6s)
[44/248] Building scene54...
[44/248] Γ£ô scene54 (1.7s, total 63.3s)
[45/248] Building scene55...
[45/248] Γ£ô scene55 (0.8s, total 64.1s)
[46/248] Building scene56...
[46/248] Γ£ô scene56 (1.4s, total 65.5s)
[47/248] Building scene57...
[47/248] Γ£ô scene57 (1.1s, total 66.6s)
[48/248] Building scene58...
[48/248] Γ£ô scene58 (0.8s, total 67.4s)
[49/248] Building scene59...
[49/248] Γ£ô scene59 (1.0s, total 68.4s)
[50/248] Building scene60...
[50/248] Γ£ô scene60 (2.0s, total 70.4s)
[51/248] Building scene61...
[51/248] Γ£ô scene61 (2.0s, total 72.4s)
[52/248] Building scene62...
[52/248] Γ£ô scene62 (3.2s, total 75.6s)
[53/248] Building scene63...
[53/248] Γ£ô scene63 (2.4s, total 78.0s)
[54/248] Building scene64...
[54/248] Γ£ô scene64 (1.9s, total 79.9s)
[55/248] Building scene65...
[55/248] Γ£ô scene65 (2.2s, total 82.0s)
[56/248] Building scene66...
[56/248] Γ£ô scene66 (2.6s, total 84.6s)
[57/248] Building scene67...
[57/248] Γ£ô scene67 (2.4s, total 87.0s)
[58/248] Building scene68...
[58/248] Γ£ô scene68 (2.4s, total 89.4s)
[59/248] Building scene69...
[59/248] Γ£ô scene69 (2.4s, total 91.8s)
[60/248] Building scene70...
[60/248] Γ£ô scene70 (1.6s, total 93.4s)
[61/248] Building scene71...
[61/248] Γ£ô scene71 (1.9s, total 95.4s)
[62/248] Building scene72...
[62/248] Γ£ô scene72 (1.9s, total 97.3s)
[63/248] Building scene73...
[63/248] Γ£ô scene73 (3.5s, total 100.8s)
[64/248] Building scene74...
[64/248] Γ£ô scene74 (0.8s, total 101.6s)
[65/248] Building scene75...
[65/248] Γ£ô scene75 (1.1s, total 102.7s)
[66/248] Building scene76...
[66/248] Γ£ô scene76 (0.8s, total 103.5s)
[67/248] Building scene77...
[67/248] Γ£ô scene77 (3.3s, total 106.8s)
[68/248] Building scene78...
[68/248] Γ£ô scene78 (1.8s, total 108.6s)
[69/248] Building scene79...
[69/248] Γ£ô scene79 (1.6s, total 110.3s)
[70/248] Building scene80...
[70/248] Γ£ô scene80 (1.5s, total 111.8s)
[71/248] Building scene81...
[71/248] Γ£ô scene81 (1.6s, total 113.4s)
[72/248] Building scene82...
[72/248] Γ£ô scene82 (1.8s, total 115.1s)
[73/248] Building scene83...
[73/248] Γ£ô scene83 (1.9s, total 117.0s)
[74/248] Building scene84...
[74/248] Γ£ô scene84 (2.1s, total 119.1s)
[75/248] Building scene85...
[75/248] Γ£ô scene85 (1.8s, total 120.9s)
[76/248] Building scene86...
[76/248] Γ£ô scene86 (1.9s, total 122.7s)
[77/248] Building scene87...
[77/248] Γ£ô scene87 (1.9s, total 124.7s)
[78/248] Building scene88...
[78/248] Γ£ô scene88 (2.0s, total 126.7s)
[79/248] Building scene89...
[79/248] Γ£ô scene89 (1.9s, total 128.5s)
[80/248] Building scene90...
[80/248] Γ£ô scene90 (1.2s, total 129.7s)
[81/248] Building scene91...
[81/248] Γ£ô scene91 (1.1s, total 130.8s)
[82/248] Building scene110...
[82/248] Γ£ô scene110 (1.0s, total 131.9s)
[83/248] Building scene111...
[83/248] Γ£ô scene111 (2.8s, total 134.7s)
[84/248] Building scene112...
[84/248] Γ£ô scene112 (1.8s, total 136.5s)
[85/248] Building scene113...
[plugin vite:reporter] 
(!) D:/Repos/Babylon-Lite-2/packages/babylon-lite/src/picking/deformed-geometry.ts is dynamically imported by D:/Repos/Babylon-Lite-2/packages/babylon-lite/src/picking/gpu-picker.ts but also statically imported by D:/Repos/Babylon-Lite-2/packages/babylon-lite/src/picking/detailed-picking.ts, dynamic import will not move module into another chunk.

[85/248] Γ£ô scene113 (1.3s, total 137.8s)
[86/248] Building scene114...
[plugin vite:reporter] 
(!) D:/Repos/Babylon-Lite-2/packages/babylon-lite/src/picking/deformed-geometry.ts is dynamically imported by D:/Repos/Babylon-Lite-2/packages/babylon-lite/src/picking/gpu-picker.ts but also statically imported by D:/Repos/Babylon-Lite-2/packages/babylon-lite/src/picking/detailed-picking.ts, dynamic import will not move module into another chunk.

[86/248] Γ£ô scene114 (1.4s, total 139.2s)
[87/248] Building scene115...
[plugin vite:reporter] 
(!) D:/Repos/Babylon-Lite-2/packages/babylon-lite/src/picking/deformed-geometry.ts is dynamically imported by D:/Repos/Babylon-Lite-2/packages/babylon-lite/src/picking/gpu-picker.ts but also statically imported by D:/Repos/Babylon-Lite-2/packages/babylon-lite/src/picking/detailed-picking.ts, dynamic import will not move module into another chunk.

[87/248] Γ£ô scene115 (1.9s, total 141.1s)
[88/248] Building scene116...
[88/248] Γ£ô scene116 (1.5s, total 142.6s)
[89/248] Building scene120...
[89/248] Γ£ô scene120 (1.1s, total 143.7s)
[90/248] Building scene121...
[90/248] Γ£ô scene121 (0.9s, total 144.6s)
[91/248] Building scene122...
[91/248] Γ£ô scene122 (1.0s, total 145.6s)
[92/248] Building scene123...
[92/248] Γ£ô scene123 (0.9s, total 146.5s)
[93/248] Building scene124...
[93/248] Γ£ô scene124 (0.9s, total 147.4s)
[94/248] Building scene125...
[94/248] Γ£ô scene125 (1.1s, total 148.5s)
[95/248] Building scene126...
[95/248] Γ£ô scene126 (0.9s, total 149.4s)
[96/248] Building scene127...
[96/248] Γ£ô scene127 (1.1s, total 150.5s)
[97/248] Building scene128...
[97/248] Γ£ô scene128 (1.3s, total 151.8s)
[98/248] Building scene129...
[98/248] Γ£ô scene129 (1.4s, total 153.2s)
[99/248] Building scene140...
[99/248] Γ£ô scene140 (1.9s, total 155.1s)
[100/248] Building scene141...
[100/248] Γ£ô scene141 (2.4s, total 157.5s)
[101/248] Building scene142...
[101/248] Γ£ô scene142 (1.1s, total 158.6s)
[102/248] Building scene143...
[102/248] Γ£ô scene143 (1.3s, total 159.9s)
[103/248] Building scene144...
[103/248] Γ£ô scene144 (1.7s, total 161.6s)
[104/248] Building scene150...
[104/248] Γ£ô scene150 (1.2s, total 162.8s)
[105/248] Building scene151...
[105/248] Γ£ô scene151 (1.1s, total 163.9s)
[106/248] Building scene152...
[106/248] Γ£ô scene152 (1.6s, total 165.5s)
[107/248] Building scene153...
[107/248] Γ£ô scene153 (0.7s, total 166.2s)
[108/248] Building scene154...
[108/248] Γ£ô scene154 (1.0s, total 167.3s)
[109/248] Building scene155...
[109/248] Γ£ô scene155 (1.0s, total 168.3s)
[110/248] Building scene156...
[110/248] Γ£ô scene156 (1.2s, total 169.5s)
[111/248] Building scene157...
[111/248] Γ£ô scene157 (1.7s, total 171.2s)
[112/248] Building scene158...
[112/248] Γ£ô scene158 (1.9s, total 173.1s)
[113/248] Building scene159...
[113/248] Γ£ô scene159 (1.0s, total 174.2s)
[114/248] Building scene160...
[114/248] Γ£ô scene160 (1.0s, total 175.1s)
[115/248] Building scene161...
[115/248] Γ£ô scene161 (0.9s, total 176.0s)
[116/248] Building scene162...
[116/248] Γ£ô scene162 (0.9s, total 176.9s)
[117/248] Building scene163...
[117/248] Γ£ô scene163 (0.9s, total 177.8s)
[118/248] Building scene164...
[118/248] Γ£ô scene164 (1.7s, total 179.5s)
[119/248] Building scene170...
[119/248] Γ£ô scene170 (1.2s, total 180.7s)
[120/248] Building scene171...
[120/248] Γ£ô scene171 (1.8s, total 182.5s)
[121/248] Building scene172...
[121/248] Γ£ô scene172 (1.2s, total 183.7s)
[122/248] Building scene173...
[122/248] Γ£ô scene173 (1.1s, total 184.8s)
[123/248] Building scene174...
[123/248] Γ£ô scene174 (2.2s, total 187.0s)
[124/248] Building scene175...
[124/248] Γ£ô scene175 (2.0s, total 189.0s)
[125/248] Building bjs-scene1...

(!) Some chunks are larger than 500 kB after minification. Consider:
- Using dynamic import() to code-split the application
- Use build.rollupOptions.output.manualChunks to improve chunking: https://rollupjs.org/configuration-options/#output-manualchunks
- Adjust chunk size limit for this warning via build.chunkSizeWarningLimit.
[125/248] Γ£ô bjs-scene1 (8.7s, total 197.8s)
[126/248] Building bjs-scene2...

(!) Some chunks are larger than 500 kB after minification. Consider:
- Using dynamic import() to code-split the application
- Use build.rollupOptions.output.manualChunks to improve chunking: https://rollupjs.org/configuration-options/#output-manualchunks
- Adjust chunk size limit for this warning via build.chunkSizeWarningLimit.
[126/248] Γ£ô bjs-scene2 (4.2s, total 202.0s)
[127/248] Building bjs-scene3...

(!) Some chunks are larger than 500 kB after minification. Consider:
- Using dynamic import() to code-split the application
- Use build.rollupOptions.output.manualChunks to improve chunking: https://rollupjs.org/configuration-options/#output-manualchunks
- Adjust chunk size limit for this warning via build.chunkSizeWarningLimit.
[127/248] Γ£ô bjs-scene3 (4.4s, total 206.3s)
[128/248] Building bjs-scene4...

(!) Some chunks are larger than 500 kB after minification. Consider:
- Using dynamic import() to code-split the application
- Use build.rollupOptions.output.manualChunks to improve chunking: https://rollupjs.org/configuration-options/#output-manualchunks
- Adjust chunk size limit for this warning via build.chunkSizeWarningLimit.
[128/248] Γ£ô bjs-scene4 (4.8s, total 211.2s)
[129/248] Building bjs-scene5...

(!) Some chunks are larger than 500 kB after minification. Consider:
- Using dynamic import() to code-split the application
- Use build.rollupOptions.output.manualChunks to improve chunking: https://rollupjs.org/configuration-options/#output-manualchunks
- Adjust chunk size limit for this warning via build.chunkSizeWarningLimit.
[129/248] Γ£ô bjs-scene5 (6.6s, total 217.7s)
[130/248] Building bjs-scene6...

(!) Some chunks are larger than 500 kB after minification. Consider:
- Using dynamic import() to code-split the application
- Use build.rollupOptions.output.manualChunks to improve chunking: https://rollupjs.org/configuration-options/#output-manualchunks
- Adjust chunk size limit for this warning via build.chunkSizeWarningLimit.
[130/248] Γ£ô bjs-scene6 (5.9s, total 223.6s)
[131/248] Building bjs-scene7...

(!) Some chunks are larger than 500 kB after minification. Consider:
- Using dynamic import() to code-split the application
- Use build.rollupOptions.output.manualChunks to improve chunking: https://rollupjs.org/configuration-options/#output-manualchunks
- Adjust chunk size limit for this warning via build.chunkSizeWarningLimit.
[131/248] Γ£ô bjs-scene7 (9.0s, total 232.6s)
[132/248] Building bjs-scene8...

(!) Some chunks are larger than 500 kB after minification. Consider:
- Using dynamic import() to code-split the application
- Use build.rollupOptions.output.manualChunks to improve chunking: https://rollupjs.org/configuration-options/#output-manualchunks
- Adjust chunk size limit for this warning via build.chunkSizeWarningLimit.
[132/248] Γ£ô bjs-scene8 (4.8s, total 237.4s)
[133/248] Building bjs-scene9...

(!) Some chunks are larger than 500 kB after minification. Consider:
- Using dynamic import() to code-split the application
- Use build.rollupOptions.output.manualChunks to improve chunking: https://rollupjs.org/configuration-options/#output-manualchunks
- Adjust chunk size limit for this warning via build.chunkSizeWarningLimit.
[133/248] Γ£ô bjs-scene9 (10.7s, total 248.1s)
[134/248] Building bjs-scene10...

(!) Some chunks are larger than 500 kB after minification. Consider:
- Using dynamic import() to code-split the application
- Use build.rollupOptions.output.manualChunks to improve chunking: https://rollupjs.org/configuration-options/#output-manualchunks
- Adjust chunk size limit for this warning via build.chunkSizeWarningLimit.
[134/248] Γ£ô bjs-scene10 (4.5s, total 252.7s)
[135/248] Building bjs-scene11...

(!) Some chunks are larger than 500 kB after minification. Consider:
- Using dynamic import() to code-split the application
- Use build.rollupOptions.output.manualChunks to improve chunking: https://rollupjs.org/configuration-options/#output-manualchunks
- Adjust chunk size limit for this warning via build.chunkSizeWarningLimit.
[135/248] Γ£ô bjs-scene11 (8.4s, total 261.1s)
[136/248] Building bjs-scene12...

(!) Some chunks are larger than 500 kB after minification. Consider:
- Using dynamic import() to code-split the application
- Use build.rollupOptions.output.manualChunks to improve chunking: https://rollupjs.org/configuration-options/#output-manualchunks
- Adjust chunk size limit for this warning via build.chunkSizeWarningLimit.
[136/248] Γ£ô bjs-scene12 (7.2s, total 268.3s)
[137/248] Building bjs-scene13...

(!) Some chunks are larger than 500 kB after minification. Consider:
- Using dynamic import() to code-split the application
- Use build.rollupOptions.output.manualChunks to improve chunking: https://rollupjs.org/configuration-options/#output-manualchunks
- Adjust chunk size limit for this warning via build.chunkSizeWarningLimit.
[137/248] Γ£ô bjs-scene13 (8.0s, total 276.3s)
[138/248] Building bjs-scene14...

(!) Some chunks are larger than 500 kB after minification. Consider:
- Using dynamic import() to code-split the application
- Use build.rollupOptions.output.manualChunks to improve chunking: https://rollupjs.org/configuration-options/#output-manualchunks
- Adjust chunk size limit for this warning via build.chunkSizeWarningLimit.
[138/248] Γ£ô bjs-scene14 (7.7s, total 284.0s)
[139/248] Building bjs-scene15...

(!) Some chunks are larger than 500 kB after minification. Consider:
- Using dynamic import() to code-split the application
- Use build.rollupOptions.output.manualChunks to improve chunking: https://rollupjs.org/configuration-options/#output-manualchunks
- Adjust chunk size limit for this warning via build.chunkSizeWarningLimit.
[139/248] Γ£ô bjs-scene15 (4.2s, total 288.2s)
[140/248] Building bjs-scene16...

(!) Some chunks are larger than 500 kB after minification. Consider:
- Using dynamic import() to code-split the application
- Use build.rollupOptions.output.manualChunks to improve chunking: https://rollupjs.org/configuration-options/#output-manualchunks
- Adjust chunk size limit for this warning via build.chunkSizeWarningLimit.
[140/248] Γ£ô bjs-scene16 (4.4s, total 292.6s)
[141/248] Building bjs-scene17...

(!) Some chunks are larger than 500 kB after minification. Consider:
- Using dynamic import() to code-split the application
- Use build.rollupOptions.output.manualChunks to improve chunking: https://rollupjs.org/configuration-options/#output-manualchunks
- Adjust chunk size limit for this warning via build.chunkSizeWarningLimit.
[141/248] Γ£ô bjs-scene17 (4.5s, total 297.1s)
[142/248] Building bjs-scene18...

(!) Some chunks are larger than 500 kB after minification. Consider:
- Using dynamic import() to code-split the application
- Use build.rollupOptions.output.manualChunks to improve chunking: https://rollupjs.org/configuration-options/#output-manualchunks
- Adjust chunk size limit for this warning via build.chunkSizeWarningLimit.
[142/248] Γ£ô bjs-scene18 (4.4s, total 301.4s)
[143/248] Building bjs-scene19...

(!) Some chunks are larger than 500 kB after minification. Consider:
- Using dynamic import() to code-split the application
- Use build.rollupOptions.output.manualChunks to improve chunking: https://rollupjs.org/configuration-options/#output-manualchunks
- Adjust chunk size limit for this warning via build.chunkSizeWarningLimit.
[143/248] Γ£ô bjs-scene19 (5.4s, total 306.9s)
[144/248] Building bjs-scene20...

(!) Some chunks are larger than 500 kB after minification. Consider:
- Using dynamic import() to code-split the application
- Use build.rollupOptions.output.manualChunks to improve chunking: https://rollupjs.org/configuration-options/#output-manualchunks
- Adjust chunk size limit for this warning via build.chunkSizeWarningLimit.
[144/248] Γ£ô bjs-scene20 (6.2s, total 313.1s)
[145/248] Building bjs-scene21...

(!) Some chunks are larger than 500 kB after minification. Consider:
- Using dynamic import() to code-split the application
- Use build.rollupOptions.output.manualChunks to improve chunking: https://rollupjs.org/configuration-options/#output-manualchunks
- Adjust chunk size limit for this warning via build.chunkSizeWarningLimit.
[145/248] Γ£ô bjs-scene21 (8.2s, total 321.2s)
[146/248] Building bjs-scene22...

(!) Some chunks are larger than 500 kB after minification. Consider:
- Using dynamic import() to code-split the application
- Use build.rollupOptions.output.manualChunks to improve chunking: https://rollupjs.org/configuration-options/#output-manualchunks
- Adjust chunk size limit for this warning via build.chunkSizeWarningLimit.
[146/248] Γ£ô bjs-scene22 (4.8s, total 326.0s)
[147/248] Building bjs-scene23...

(!) Some chunks are larger than 500 kB after minification. Consider:
- Using dynamic import() to code-split the application
- Use build.rollupOptions.output.manualChunks to improve chunking: https://rollupjs.org/configuration-options/#output-manualchunks
- Adjust chunk size limit for this warning via build.chunkSizeWarningLimit.
[147/248] Γ£ô bjs-scene23 (5.7s, total 331.8s)
[148/248] Building bjs-scene24...

(!) Some chunks are larger than 500 kB after minification. Consider:
- Using dynamic import() to code-split the application
- Use build.rollupOptions.output.manualChunks to improve chunking: https://rollupjs.org/configuration-options/#output-manualchunks
- Adjust chunk size limit for this warning via build.chunkSizeWarningLimit.
[148/248] Γ£ô bjs-scene24 (8.0s, total 339.7s)
[149/248] Building bjs-scene25...

(!) Some chunks are larger than 500 kB after minification. Consider:
- Using dynamic import() to code-split the application
- Use build.rollupOptions.output.manualChunks to improve chunking: https://rollupjs.org/configuration-options/#output-manualchunks
- Adjust chunk size limit for this warning via build.chunkSizeWarningLimit.
[149/248] Γ£ô bjs-scene25 (3.6s, total 343.3s)
[150/248] Building bjs-scene26...

(!) Some chunks are larger than 500 kB after minification. Consider:
- Using dynamic import() to code-split the application
- Use build.rollupOptions.output.manualChunks to improve chunking: https://rollupjs.org/configuration-options/#output-manualchunks
- Adjust chunk size limit for this warning via build.chunkSizeWarningLimit.
[150/248] Γ£ô bjs-scene26 (5.9s, total 349.2s)
[151/248] Building bjs-scene27...
[plugin vite:reporter] 
(!) D:/Repos/Babylon-Lite-2/node_modules/.pnpm/@babylonjs+loaders@9.5.0_@babylonjs+core@9.5.0_babylonjs-gltf2interface@9.5.0/node_modules/@babylonjs/loaders/glTF/2.0/Extensions/KHR_materials_variants.js is dynamically imported by D:/Repos/Babylon-Lite-2/lab/src/bjs/scene27.ts but also statically imported by D:/Repos/Babylon-Lite-2/node_modules/.pnpm/@babylonjs+loaders@9.5.0_@babylonjs+core@9.5.0_babylonjs-gltf2interface@9.5.0/node_modules/@babylonjs/loaders/glTF/2.0/Extensions/index.js, dynamic import will not move module into another chunk.


(!) Some chunks are larger than 500 kB after minification. Consider:
- Using dynamic import() to code-split the application
- Use build.rollupOptions.output.manualChunks to improve chunking: https://rollupjs.org/configuration-options/#output-manualchunks
- Adjust chunk size limit for this warning via build.chunkSizeWarningLimit.
[151/248] Γ£ô bjs-scene27 (5.8s, total 355.0s)
[152/248] Building bjs-scene28...

(!) Some chunks are larger than 500 kB after minification. Consider:
- Using dynamic import() to code-split the application
- Use build.rollupOptions.output.manualChunks to improve chunking: https://rollupjs.org/configuration-options/#output-manualchunks
- Adjust chunk size limit for this warning via build.chunkSizeWarningLimit.
[152/248] Γ£ô bjs-scene28 (7.1s, total 362.1s)
[153/248] Building bjs-scene29...

(!) Some chunks are larger than 500 kB after minification. Consider:
- Using dynamic import() to code-split the application
- Use build.rollupOptions.output.manualChunks to improve chunking: https://rollupjs.org/configuration-options/#output-manualchunks
- Adjust chunk size limit for this warning via build.chunkSizeWarningLimit.
[153/248] Γ£ô bjs-scene29 (6.8s, total 368.9s)
[154/248] Building bjs-scene30...

(!) Some chunks are larger than 500 kB after minification. Consider:
- Using dynamic import() to code-split the application
- Use build.rollupOptions.output.manualChunks to improve chunking: https://rollupjs.org/configuration-options/#output-manualchunks
- Adjust chunk size limit for this warning via build.chunkSizeWarningLimit.
[154/248] Γ£ô bjs-scene30 (7.5s, total 376.4s)
[155/248] Building bjs-scene31...

(!) Some chunks are larger than 500 kB after minification. Consider:
- Using dynamic import() to code-split the application
- Use build.rollupOptions.output.manualChunks to improve chunking: https://rollupjs.org/configuration-options/#output-manualchunks
- Adjust chunk size limit for this warning via build.chunkSizeWarningLimit.
[155/248] Γ£ô bjs-scene31 (7.4s, total 383.8s)
[156/248] Building bjs-scene32...

(!) Some chunks are larger than 500 kB after minification. Consider:
- Using dynamic import() to code-split the application
- Use build.rollupOptions.output.manualChunks to improve chunking: https://rollupjs.org/configuration-options/#output-manualchunks
- Adjust chunk size limit for this warning via build.chunkSizeWarningLimit.
[156/248] Γ£ô bjs-scene32 (7.3s, total 391.1s)
[157/248] Building bjs-scene33...

(!) Some chunks are larger than 500 kB after minification. Consider:
- Using dynamic import() to code-split the application
- Use build.rollupOptions.output.manualChunks to improve chunking: https://rollupjs.org/configuration-options/#output-manualchunks
- Adjust chunk size limit for this warning via build.chunkSizeWarningLimit.
[157/248] Γ£ô bjs-scene33 (7.2s, total 398.3s)
[158/248] Building bjs-scene34...

(!) Some chunks are larger than 500 kB after minification. Consider:
- Using dynamic import() to code-split the application
- Use build.rollupOptions.output.manualChunks to improve chunking: https://rollupjs.org/configuration-options/#output-manualchunks
- Adjust chunk size limit for this warning via build.chunkSizeWarningLimit.
[158/248] Γ£ô bjs-scene34 (7.5s, total 405.8s)
[159/248] Building bjs-scene35...

(!) Some chunks are larger than 500 kB after minification. Consider:
- Using dynamic import() to code-split the application
- Use build.rollupOptions.output.manualChunks to improve chunking: https://rollupjs.org/configuration-options/#output-manualchunks
- Adjust chunk size limit for this warning via build.chunkSizeWarningLimit.
[159/248] Γ£ô bjs-scene35 (6.8s, total 412.6s)
[160/248] Building bjs-scene36...

(!) Some chunks are larger than 500 kB after minification. Consider:
- Using dynamic import() to code-split the application
- Use build.rollupOptions.output.manualChunks to improve chunking: https://rollupjs.org/configuration-options/#output-manualchunks
- Adjust chunk size limit for this warning via build.chunkSizeWarningLimit.
[160/248] Γ£ô bjs-scene36 (3.7s, total 416.3s)
[161/248] Building bjs-scene37...

(!) Some chunks are larger than 500 kB after minification. Consider:
- Using dynamic import() to code-split the application
- Use build.rollupOptions.output.manualChunks to improve chunking: https://rollupjs.org/configuration-options/#output-manualchunks
- Adjust chunk size limit for this warning via build.chunkSizeWarningLimit.
[161/248] Γ£ô bjs-scene37 (7.3s, total 423.6s)
[162/248] Building bjs-scene38...

(!) Some chunks are larger than 500 kB after minification. Consider:
- Using dynamic import() to code-split the application
- Use build.rollupOptions.output.manualChunks to improve chunking: https://rollupjs.org/configuration-options/#output-manualchunks
- Adjust chunk size limit for this warning via build.chunkSizeWarningLimit.
[162/248] Γ£ô bjs-scene38 (3.8s, total 427.5s)
[163/248] Building bjs-scene40...

(!) Some chunks are larger than 500 kB after minification. Consider:
- Using dynamic import() to code-split the application
- Use build.rollupOptions.output.manualChunks to improve chunking: https://rollupjs.org/configuration-options/#output-manualchunks
- Adjust chunk size limit for this warning via build.chunkSizeWarningLimit.
[163/248] Γ£ô bjs-scene40 (6.0s, total 433.4s)
[164/248] Building bjs-scene50...

(!) Some chunks are larger than 500 kB after minification. Consider:
- Using dynamic import() to code-split the application
- Use build.rollupOptions.output.manualChunks to improve chunking: https://rollupjs.org/configuration-options/#output-manualchunks
- Adjust chunk size limit for this warning via build.chunkSizeWarningLimit.
[164/248] Γ£ô bjs-scene50 (2.8s, total 436.2s)
[165/248] Building bjs-scene51...

(!) Some chunks are larger than 500 kB after minification. Consider:
- Using dynamic import() to code-split the application
- Use build.rollupOptions.output.manualChunks to improve chunking: https://rollupjs.org/configuration-options/#output-manualchunks
- Adjust chunk size limit for this warning via build.chunkSizeWarningLimit.
[165/248] Γ£ô bjs-scene51 (2.8s, total 439.1s)
[166/248] Building bjs-scene52...

(!) Some chunks are larger than 500 kB after minification. Consider:
- Using dynamic import() to code-split the application
- Use build.rollupOptions.output.manualChunks to improve chunking: https://rollupjs.org/configuration-options/#output-manualchunks
- Adjust chunk size limit for this warning via build.chunkSizeWarningLimit.
[166/248] Γ£ô bjs-scene52 (4.1s, total 443.1s)
[167/248] Building bjs-scene53...

(!) Some chunks are larger than 500 kB after minification. Consider:
- Using dynamic import() to code-split the application
- Use build.rollupOptions.output.manualChunks to improve chunking: https://rollupjs.org/configuration-options/#output-manualchunks
- Adjust chunk size limit for this warning via build.chunkSizeWarningLimit.
[167/248] Γ£ô bjs-scene53 (3.9s, total 447.0s)
[168/248] Building bjs-scene54...

(!) Some chunks are larger than 500 kB after minification. Consider:
- Using dynamic import() to code-split the application
- Use build.rollupOptions.output.manualChunks to improve chunking: https://rollupjs.org/configuration-options/#output-manualchunks
- Adjust chunk size limit for this warning via build.chunkSizeWarningLimit.
[168/248] Γ£ô bjs-scene54 (3.9s, total 451.0s)
[169/248] Building bjs-scene55...

(!) Some chunks are larger than 500 kB after minification. Consider:
- Using dynamic import() to code-split the application
- Use build.rollupOptions.output.manualChunks to improve chunking: https://rollupjs.org/configuration-options/#output-manualchunks
- Adjust chunk size limit for this warning via build.chunkSizeWarningLimit.
[169/248] Γ£ô bjs-scene55 (2.9s, total 453.8s)
[170/248] Building bjs-scene56...

(!) Some chunks are larger than 500 kB after minification. Consider:
- Using dynamic import() to code-split the application
- Use build.rollupOptions.output.manualChunks to improve chunking: https://rollupjs.org/configuration-options/#output-manualchunks
- Adjust chunk size limit for this warning via build.chunkSizeWarningLimit.
[170/248] Γ£ô bjs-scene56 (3.7s, total 457.6s)
[171/248] Building bjs-scene57...

(!) Some chunks are larger than 500 kB after minification. Consider:
- Using dynamic import() to code-split the application
- Use build.rollupOptions.output.manualChunks to improve chunking: https://rollupjs.org/configuration-options/#output-manualchunks
- Adjust chunk size limit for this warning via build.chunkSizeWarningLimit.
[171/248] Γ£ô bjs-scene57 (3.6s, total 461.2s)
[172/248] Building bjs-scene58...

(!) Some chunks are larger than 500 kB after minification. Consider:
- Using dynamic import() to code-split the application
- Use build.rollupOptions.output.manualChunks to improve chunking: https://rollupjs.org/configuration-options/#output-manualchunks
- Adjust chunk size limit for this warning via build.chunkSizeWarningLimit.
[172/248] Γ£ô bjs-scene58 (2.6s, total 463.8s)
[173/248] Building bjs-scene59...

(!) Some chunks are larger than 500 kB after minification. Consider:
- Using dynamic import() to code-split the application
- Use build.rollupOptions.output.manualChunks to improve chunking: https://rollupjs.org/configuration-options/#output-manualchunks
- Adjust chunk size limit for this warning via build.chunkSizeWarningLimit.
[173/248] Γ£ô bjs-scene59 (3.8s, total 467.6s)
[174/248] Building bjs-scene60...

(!) Some chunks are larger than 500 kB after minification. Consider:
- Using dynamic import() to code-split the application
- Use build.rollupOptions.output.manualChunks to improve chunking: https://rollupjs.org/configuration-options/#output-manualchunks
- Adjust chunk size limit for this warning via build.chunkSizeWarningLimit.
[174/248] Γ£ô bjs-scene60 (6.6s, total 474.2s)
[175/248] Building bjs-scene61...

(!) Some chunks are larger than 500 kB after minification. Consider:
- Using dynamic import() to code-split the application
- Use build.rollupOptions.output.manualChunks to improve chunking: https://rollupjs.org/configuration-options/#output-manualchunks
- Adjust chunk size limit for this warning via build.chunkSizeWarningLimit.
[175/248] Γ£ô bjs-scene61 (5.8s, total 480.0s)
[176/248] Building bjs-scene62...

(!) Some chunks are larger than 500 kB after minification. Consider:
- Using dynamic import() to code-split the application
- Use build.rollupOptions.output.manualChunks to improve chunking: https://rollupjs.org/configuration-options/#output-manualchunks
- Adjust chunk size limit for this warning via build.chunkSizeWarningLimit.
[176/248] Γ£ô bjs-scene62 (7.3s, total 487.3s)
[177/248] Building bjs-scene63...

(!) Some chunks are larger than 500 kB after minification. Consider:
- Using dynamic import() to code-split the application
- Use build.rollupOptions.output.manualChunks to improve chunking: https://rollupjs.org/configuration-options/#output-manualchunks
- Adjust chunk size limit for this warning via build.chunkSizeWarningLimit.
[177/248] Γ£ô bjs-scene63 (7.2s, total 494.5s)
[178/248] Building bjs-scene64...

(!) Some chunks are larger than 500 kB after minification. Consider:
- Using dynamic import() to code-split the application
- Use build.rollupOptions.output.manualChunks to improve chunking: https://rollupjs.org/configuration-options/#output-manualchunks
- Adjust chunk size limit for this warning via build.chunkSizeWarningLimit.
[178/248] Γ£ô bjs-scene64 (7.8s, total 502.3s)
[179/248] Building bjs-scene65...

(!) Some chunks are larger than 500 kB after minification. Consider:
- Using dynamic import() to code-split the application
- Use build.rollupOptions.output.manualChunks to improve chunking: https://rollupjs.org/configuration-options/#output-manualchunks
- Adjust chunk size limit for this warning via build.chunkSizeWarningLimit.
[179/248] Γ£ô bjs-scene65 (7.2s, total 509.6s)
[180/248] Building bjs-scene66...

(!) Some chunks are larger than 500 kB after minification. Consider:
- Using dynamic import() to code-split the application
- Use build.rollupOptions.output.manualChunks to improve chunking: https://rollupjs.org/configuration-options/#output-manualchunks
- Adjust chunk size limit for this warning via build.chunkSizeWarningLimit.
[180/248] Γ£ô bjs-scene66 (6.9s, total 516.4s)
[181/248] Building bjs-scene67...

(!) Some chunks are larger than 500 kB after minification. Consider:
- Using dynamic import() to code-split the application
- Use build.rollupOptions.output.manualChunks to improve chunking: https://rollupjs.org/configuration-options/#output-manualchunks
- Adjust chunk size limit for this warning via build.chunkSizeWarningLimit.
[181/248] Γ£ô bjs-scene67 (6.8s, total 523.3s)
[182/248] Building bjs-scene68...

(!) Some chunks are larger than 500 kB after minification. Consider:
- Using dynamic import() to code-split the application
- Use build.rollupOptions.output.manualChunks to improve chunking: https://rollupjs.org/configuration-options/#output-manualchunks
- Adjust chunk size limit for this warning via build.chunkSizeWarningLimit.
[182/248] Γ£ô bjs-scene68 (7.0s, total 530.3s)
[183/248] Building bjs-scene69...

(!) Some chunks are larger than 500 kB after minification. Consider:
- Using dynamic import() to code-split the application
- Use build.rollupOptions.output.manualChunks to improve chunking: https://rollupjs.org/configuration-options/#output-manualchunks
- Adjust chunk size limit for this warning via build.chunkSizeWarningLimit.
[183/248] Γ£ô bjs-scene69 (6.8s, total 537.1s)
[184/248] Building bjs-scene70...

(!) Some chunks are larger than 500 kB after minification. Consider:
- Using dynamic import() to code-split the application
- Use build.rollupOptions.output.manualChunks to improve chunking: https://rollupjs.org/configuration-options/#output-manualchunks
- Adjust chunk size limit for this warning via build.chunkSizeWarningLimit.
[184/248] Γ£ô bjs-scene70 (6.7s, total 543.8s)
[185/248] Building bjs-scene71...

(!) Some chunks are larger than 500 kB after minification. Consider:
- Using dynamic import() to code-split the application
- Use build.rollupOptions.output.manualChunks to improve chunking: https://rollupjs.org/configuration-options/#output-manualchunks
- Adjust chunk size limit for this warning via build.chunkSizeWarningLimit.
[185/248] Γ£ô bjs-scene71 (6.8s, total 550.7s)
[186/248] Building bjs-scene72...

(!) Some chunks are larger than 500 kB after minification. Consider:
- Using dynamic import() to code-split the application
- Use build.rollupOptions.output.manualChunks to improve chunking: https://rollupjs.org/configuration-options/#output-manualchunks
- Adjust chunk size limit for this warning via build.chunkSizeWarningLimit.
[186/248] Γ£ô bjs-scene72 (7.3s, total 557.9s)
[187/248] Building bjs-scene73...

(!) Some chunks are larger than 500 kB after minification. Consider:
- Using dynamic import() to code-split the application
- Use build.rollupOptions.output.manualChunks to improve chunking: https://rollupjs.org/configuration-options/#output-manualchunks
- Adjust chunk size limit for this warning via build.chunkSizeWarningLimit.
[187/248] Γ£ô bjs-scene73 (9.2s, total 567.1s)
[188/248] Building bjs-scene74...

(!) Some chunks are larger than 500 kB after minification. Consider:
- Using dynamic import() to code-split the application
- Use build.rollupOptions.output.manualChunks to improve chunking: https://rollupjs.org/configuration-options/#output-manualchunks
- Adjust chunk size limit for this warning via build.chunkSizeWarningLimit.
[188/248] Γ£ô bjs-scene74 (2.6s, total 569.8s)
[189/248] Building bjs-scene75...

(!) Some chunks are larger than 500 kB after minification. Consider:
- Using dynamic import() to code-split the application
- Use build.rollupOptions.output.manualChunks to improve chunking: https://rollupjs.org/configuration-options/#output-manualchunks
- Adjust chunk size limit for this warning via build.chunkSizeWarningLimit.
[189/248] Γ£ô bjs-scene75 (4.7s, total 574.4s)
[190/248] Building bjs-scene76...

(!) Some chunks are larger than 500 kB after minification. Consider:
- Using dynamic import() to code-split the application
- Use build.rollupOptions.output.manualChunks to improve chunking: https://rollupjs.org/configuration-options/#output-manualchunks
- Adjust chunk size limit for this warning via build.chunkSizeWarningLimit.
[190/248] Γ£ô bjs-scene76 (2.8s, total 577.2s)
[191/248] Building bjs-scene77...

(!) Some chunks are larger than 500 kB after minification. Consider:
- Using dynamic import() to code-split the application
- Use build.rollupOptions.output.manualChunks to improve chunking: https://rollupjs.org/configuration-options/#output-manualchunks
- Adjust chunk size limit for this warning via build.chunkSizeWarningLimit.
[191/248] Γ£ô bjs-scene77 (6.2s, total 583.4s)
[192/248] Building bjs-scene78...

(!) Some chunks are larger than 500 kB after minification. Consider:
- Using dynamic import() to code-split the application
- Use build.rollupOptions.output.manualChunks to improve chunking: https://rollupjs.org/configuration-options/#output-manualchunks
- Adjust chunk size limit for this warning via build.chunkSizeWarningLimit.
[192/248] Γ£ô bjs-scene78 (6.1s, total 589.5s)
[193/248] Building bjs-scene79...

(!) Some chunks are larger than 500 kB after minification. Consider:
- Using dynamic import() to code-split the application
- Use build.rollupOptions.output.manualChunks to improve chunking: https://rollupjs.org/configuration-options/#output-manualchunks
- Adjust chunk size limit for this warning via build.chunkSizeWarningLimit.
[193/248] Γ£ô bjs-scene79 (6.3s, total 595.8s)
[194/248] Building bjs-scene80...

(!) Some chunks are larger than 500 kB after minification. Consider:
- Using dynamic import() to code-split the application
- Use build.rollupOptions.output.manualChunks to improve chunking: https://rollupjs.org/configuration-options/#output-manualchunks
- Adjust chunk size limit for this warning via build.chunkSizeWarningLimit.
[194/248] Γ£ô bjs-scene80 (6.0s, total 601.8s)
[195/248] Building bjs-scene81...

(!) Some chunks are larger than 500 kB after minification. Consider:
- Using dynamic import() to code-split the application
- Use build.rollupOptions.output.manualChunks to improve chunking: https://rollupjs.org/configuration-options/#output-manualchunks
- Adjust chunk size limit for this warning via build.chunkSizeWarningLimit.
[195/248] Γ£ô bjs-scene81 (8.7s, total 610.5s)
[196/248] Building bjs-scene82...

(!) Some chunks are larger than 500 kB after minification. Consider:
- Using dynamic import() to code-split the application
- Use build.rollupOptions.output.manualChunks to improve chunking: https://rollupjs.org/configuration-options/#output-manualchunks
- Adjust chunk size limit for this warning via build.chunkSizeWarningLimit.
[196/248] Γ£ô bjs-scene82 (7.1s, total 617.6s)
[197/248] Building bjs-scene83...

(!) Some chunks are larger than 500 kB after minification. Consider:
- Using dynamic import() to code-split the application
- Use build.rollupOptions.output.manualChunks to improve chunking: https://rollupjs.org/configuration-options/#output-manualchunks
- Adjust chunk size limit for this warning via build.chunkSizeWarningLimit.
[197/248] Γ£ô bjs-scene83 (5.7s, total 623.3s)
[198/248] Building bjs-scene84...

(!) Some chunks are larger than 500 kB after minification. Consider:
- Using dynamic import() to code-split the application
- Use build.rollupOptions.output.manualChunks to improve chunking: https://rollupjs.org/configuration-options/#output-manualchunks
- Adjust chunk size limit for this warning via build.chunkSizeWarningLimit.
[198/248] Γ£ô bjs-scene84 (6.1s, total 629.4s)
[199/248] Building bjs-scene85...

(!) Some chunks are larger than 500 kB after minification. Consider:
- Using dynamic import() to code-split the application
- Use build.rollupOptions.output.manualChunks to improve chunking: https://rollupjs.org/configuration-options/#output-manualchunks
- Adjust chunk size limit for this warning via build.chunkSizeWarningLimit.
[199/248] Γ£ô bjs-scene85 (5.8s, total 635.2s)
[200/248] Building bjs-scene86...

(!) Some chunks are larger than 500 kB after minification. Consider:
- Using dynamic import() to code-split the application
- Use build.rollupOptions.output.manualChunks to improve chunking: https://rollupjs.org/configuration-options/#output-manualchunks
- Adjust chunk size limit for this warning via build.chunkSizeWarningLimit.
[200/248] Γ£ô bjs-scene86 (5.5s, total 640.7s)
[201/248] Building bjs-scene87...

(!) Some chunks are larger than 500 kB after minification. Consider:
- Using dynamic import() to code-split the application
- Use build.rollupOptions.output.manualChunks to improve chunking: https://rollupjs.org/configuration-options/#output-manualchunks
- Adjust chunk size limit for this warning via build.chunkSizeWarningLimit.
[201/248] Γ£ô bjs-scene87 (6.7s, total 647.3s)
[202/248] Building bjs-scene88...

(!) Some chunks are larger than 500 kB after minification. Consider:
- Using dynamic import() to code-split the application
- Use build.rollupOptions.output.manualChunks to improve chunking: https://rollupjs.org/configuration-options/#output-manualchunks
- Adjust chunk size limit for this warning via build.chunkSizeWarningLimit.
[202/248] Γ£ô bjs-scene88 (6.4s, total 653.7s)
[203/248] Building bjs-scene89...

(!) Some chunks are larger than 500 kB after minification. Consider:
- Using dynamic import() to code-split the application
- Use build.rollupOptions.output.manualChunks to improve chunking: https://rollupjs.org/configuration-options/#output-manualchunks
- Adjust chunk size limit for this warning via build.chunkSizeWarningLimit.
[203/248] Γ£ô bjs-scene89 (6.4s, total 660.1s)
[204/248] Building bjs-scene90...

(!) Some chunks are larger than 500 kB after minification. Consider:
- Using dynamic import() to code-split the application
- Use build.rollupOptions.output.manualChunks to improve chunking: https://rollupjs.org/configuration-options/#output-manualchunks
- Adjust chunk size limit for this warning via build.chunkSizeWarningLimit.
[204/248] Γ£ô bjs-scene90 (4.3s, total 664.4s)
[205/248] Building bjs-scene91...

(!) Some chunks are larger than 500 kB after minification. Consider:
- Using dynamic import() to code-split the application
- Use build.rollupOptions.output.manualChunks to improve chunking: https://rollupjs.org/configuration-options/#output-manualchunks
- Adjust chunk size limit for this warning via build.chunkSizeWarningLimit.
[205/248] Γ£ô bjs-scene91 (4.3s, total 668.7s)
[206/248] Building bjs-scene110...

(!) Some chunks are larger than 500 kB after minification. Consider:
- Using dynamic import() to code-split the application
- Use build.rollupOptions.output.manualChunks to improve chunking: https://rollupjs.org/configuration-options/#output-manualchunks
- Adjust chunk size limit for this warning via build.chunkSizeWarningLimit.
[206/248] Γ£ô bjs-scene110 (3.9s, total 672.6s)
[207/248] Building bjs-scene111...

(!) Some chunks are larger than 500 kB after minification. Consider:
- Using dynamic import() to code-split the application
- Use build.rollupOptions.output.manualChunks to improve chunking: https://rollupjs.org/configuration-options/#output-manualchunks
- Adjust chunk size limit for this warning via build.chunkSizeWarningLimit.
[207/248] Γ£ô bjs-scene111 (6.4s, total 679.0s)
[208/248] Building bjs-scene112...

(!) Some chunks are larger than 500 kB after minification. Consider:
- Using dynamic import() to code-split the application
- Use build.rollupOptions.output.manualChunks to improve chunking: https://rollupjs.org/configuration-options/#output-manualchunks
- Adjust chunk size limit for this warning via build.chunkSizeWarningLimit.
[208/248] Γ£ô bjs-scene112 (8.3s, total 687.3s)
[209/248] Building bjs-scene113...

(!) Some chunks are larger than 500 kB after minification. Consider:
- Using dynamic import() to code-split the application
- Use build.rollupOptions.output.manualChunks to improve chunking: https://rollupjs.org/configuration-options/#output-manualchunks
- Adjust chunk size limit for this warning via build.chunkSizeWarningLimit.
[209/248] Γ£ô bjs-scene113 (4.2s, total 691.5s)
[210/248] Building bjs-scene114...

(!) Some chunks are larger than 500 kB after minification. Consider:
- Using dynamic import() to code-split the application
- Use build.rollupOptions.output.manualChunks to improve chunking: https://rollupjs.org/configuration-options/#output-manualchunks
- Adjust chunk size limit for this warning via build.chunkSizeWarningLimit.
[210/248] Γ£ô bjs-scene114 (4.9s, total 696.4s)
[211/248] Building bjs-scene115...

(!) Some chunks are larger than 500 kB after minification. Consider:
- Using dynamic import() to code-split the application
- Use build.rollupOptions.output.manualChunks to improve chunking: https://rollupjs.org/configuration-options/#output-manualchunks
- Adjust chunk size limit for this warning via build.chunkSizeWarningLimit.
[211/248] Γ£ô bjs-scene115 (8.1s, total 704.5s)
[212/248] Building bjs-scene116...

(!) Some chunks are larger than 500 kB after minification. Consider:
- Using dynamic import() to code-split the application
- Use build.rollupOptions.output.manualChunks to improve chunking: https://rollupjs.org/configuration-options/#output-manualchunks
- Adjust chunk size limit for this warning via build.chunkSizeWarningLimit.
[212/248] Γ£ô bjs-scene116 (5.4s, total 709.8s)
[213/248] Building bjs-scene120...

(!) Some chunks are larger than 500 kB after minification. Consider:
- Using dynamic import() to code-split the application
- Use build.rollupOptions.output.manualChunks to improve chunking: https://rollupjs.org/configuration-options/#output-manualchunks
- Adjust chunk size limit for this warning via build.chunkSizeWarningLimit.
[213/248] Γ£ô bjs-scene120 (4.6s, total 714.5s)
[214/248] Building bjs-scene121...

(!) Some chunks are larger than 500 kB after minification. Consider:
- Using dynamic import() to code-split the application
- Use build.rollupOptions.output.manualChunks to improve chunking: https://rollupjs.org/configuration-options/#output-manualchunks
- Adjust chunk size limit for this warning via build.chunkSizeWarningLimit.
[214/248] Γ£ô bjs-scene121 (5.1s, total 719.5s)
[215/248] Building bjs-scene122...

(!) Some chunks are larger than 500 kB after minification. Consider:
- Using dynamic import() to code-split the application
- Use build.rollupOptions.output.manualChunks to improve chunking: https://rollupjs.org/configuration-options/#output-manualchunks
- Adjust chunk size limit for this warning via build.chunkSizeWarningLimit.
[215/248] Γ£ô bjs-scene122 (5.2s, total 724.8s)
[216/248] Building bjs-scene123...

(!) Some chunks are larger than 500 kB after minification. Consider:
- Using dynamic import() to code-split the application
- Use build.rollupOptions.output.manualChunks to improve chunking: https://rollupjs.org/configuration-options/#output-manualchunks
- Adjust chunk size limit for this warning via build.chunkSizeWarningLimit.
[216/248] Γ£ô bjs-scene123 (4.3s, total 729.0s)
[217/248] Building bjs-scene124...

(!) Some chunks are larger than 500 kB after minification. Consider:
- Using dynamic import() to code-split the application
- Use build.rollupOptions.output.manualChunks to improve chunking: https://rollupjs.org/configuration-options/#output-manualchunks
- Adjust chunk size limit for this warning via build.chunkSizeWarningLimit.
[217/248] Γ£ô bjs-scene124 (4.4s, total 733.4s)
[218/248] Building bjs-scene125...

(!) Some chunks are larger than 500 kB after minification. Consider:
- Using dynamic import() to code-split the application
- Use build.rollupOptions.output.manualChunks to improve chunking: https://rollupjs.org/configuration-options/#output-manualchunks
- Adjust chunk size limit for this warning via build.chunkSizeWarningLimit.
[218/248] Γ£ô bjs-scene125 (4.9s, total 738.3s)
[219/248] Building bjs-scene126...

(!) Some chunks are larger than 500 kB after minification. Consider:
- Using dynamic import() to code-split the application
- Use build.rollupOptions.output.manualChunks to improve chunking: https://rollupjs.org/configuration-options/#output-manualchunks
- Adjust chunk size limit for this warning via build.chunkSizeWarningLimit.
[219/248] Γ£ô bjs-scene126 (4.4s, total 742.7s)
[220/248] Building bjs-scene127...

(!) Some chunks are larger than 500 kB after minification. Consider:
- Using dynamic import() to code-split the application
- Use build.rollupOptions.output.manualChunks to improve chunking: https://rollupjs.org/configuration-options/#output-manualchunks
- Adjust chunk size limit for this warning via build.chunkSizeWarningLimit.
[220/248] Γ£ô bjs-scene127 (5.1s, total 747.7s)
[221/248] Building bjs-scene128...

(!) Some chunks are larger than 500 kB after minification. Consider:
- Using dynamic import() to code-split the application
- Use build.rollupOptions.output.manualChunks to improve chunking: https://rollupjs.org/configuration-options/#output-manualchunks
- Adjust chunk size limit for this warning via build.chunkSizeWarningLimit.
[221/248] Γ£ô bjs-scene128 (4.9s, total 752.6s)
[222/248] Building bjs-scene129...

(!) Some chunks are larger than 500 kB after minification. Consider:
- Using dynamic import() to code-split the application
- Use build.rollupOptions.output.manualChunks to improve chunking: https://rollupjs.org/configuration-options/#output-manualchunks
- Adjust chunk size limit for this warning via build.chunkSizeWarningLimit.
[222/248] Γ£ô bjs-scene129 (4.7s, total 757.3s)
[223/248] Building bjs-scene140...

(!) Some chunks are larger than 500 kB after minification. Consider:
- Using dynamic import() to code-split the application
- Use build.rollupOptions.output.manualChunks to improve chunking: https://rollupjs.org/configuration-options/#output-manualchunks
- Adjust chunk size limit for this warning via build.chunkSizeWarningLimit.
[223/248] Γ£ô bjs-scene140 (5.9s, total 763.2s)
[224/248] Building bjs-scene141...

(!) Some chunks are larger than 500 kB after minification. Consider:
- Using dynamic import() to code-split the application
- Use build.rollupOptions.output.manualChunks to improve chunking: https://rollupjs.org/configuration-options/#output-manualchunks
- Adjust chunk size limit for this warning via build.chunkSizeWarningLimit.
[224/248] Γ£ô bjs-scene141 (5.9s, total 769.1s)
[225/248] Building bjs-scene142...

(!) Some chunks are larger than 500 kB after minification. Consider:
- Using dynamic import() to code-split the application
- Use build.rollupOptions.output.manualChunks to improve chunking: https://rollupjs.org/configuration-options/#output-manualchunks
- Adjust chunk size limit for this warning via build.chunkSizeWarningLimit.
[225/248] Γ£ô bjs-scene142 (3.5s, total 772.6s)
[226/248] Building bjs-scene143...

(!) Some chunks are larger than 500 kB after minification. Consider:
- Using dynamic import() to code-split the application
- Use build.rollupOptions.output.manualChunks to improve chunking: https://rollupjs.org/configuration-options/#output-manualchunks
- Adjust chunk size limit for this warning via build.chunkSizeWarningLimit.
[226/248] Γ£ô bjs-scene143 (7.1s, total 779.7s)
[227/248] Building bjs-scene144...

(!) Some chunks are larger than 500 kB after minification. Consider:
- Using dynamic import() to code-split the application
- Use build.rollupOptions.output.manualChunks to improve chunking: https://rollupjs.org/configuration-options/#output-manualchunks
- Adjust chunk size limit for this warning via build.chunkSizeWarningLimit.
[227/248] Γ£ô bjs-scene144 (6.4s, total 786.2s)
[228/248] Building bjs-scene150...

(!) Some chunks are larger than 500 kB after minification. Consider:
- Using dynamic import() to code-split the application
- Use build.rollupOptions.output.manualChunks to improve chunking: https://rollupjs.org/configuration-options/#output-manualchunks
- Adjust chunk size limit for this warning via build.chunkSizeWarningLimit.
[228/248] Γ£ô bjs-scene150 (3.6s, total 789.8s)
[229/248] Building bjs-scene151...

(!) Some chunks are larger than 500 kB after minification. Consider:
- Using dynamic import() to code-split the application
- Use build.rollupOptions.output.manualChunks to improve chunking: https://rollupjs.org/configuration-options/#output-manualchunks
- Adjust chunk size limit for this warning via build.chunkSizeWarningLimit.
[229/248] Γ£ô bjs-scene151 (3.4s, total 793.2s)
[230/248] Building bjs-scene152...

(!) Some chunks are larger than 500 kB after minification. Consider:
- Using dynamic import() to code-split the application
- Use build.rollupOptions.output.manualChunks to improve chunking: https://rollupjs.org/configuration-options/#output-manualchunks
- Adjust chunk size limit for this warning via build.chunkSizeWarningLimit.
[230/248] Γ£ô bjs-scene152 (5.5s, total 798.7s)
[231/248] Building bjs-scene153...

(!) Some chunks are larger than 500 kB after minification. Consider:
- Using dynamic import() to code-split the application
- Use build.rollupOptions.output.manualChunks to improve chunking: https://rollupjs.org/configuration-options/#output-manualchunks
- Adjust chunk size limit for this warning via build.chunkSizeWarningLimit.
[231/248] Γ£ô bjs-scene153 (1.8s, total 800.4s)
[232/248] Building bjs-scene154...

(!) Some chunks are larger than 500 kB after minification. Consider:
- Using dynamic import() to code-split the application
- Use build.rollupOptions.output.manualChunks to improve chunking: https://rollupjs.org/configuration-options/#output-manualchunks
- Adjust chunk size limit for this warning via build.chunkSizeWarningLimit.
[232/248] Γ£ô bjs-scene154 (3.5s, total 803.9s)
[233/248] Building bjs-scene155...

(!) Some chunks are larger than 500 kB after minification. Consider:
- Using dynamic import() to code-split the application
- Use build.rollupOptions.output.manualChunks to improve chunking: https://rollupjs.org/configuration-options/#output-manualchunks
- Adjust chunk size limit for this warning via build.chunkSizeWarningLimit.
[233/248] Γ£ô bjs-scene155 (3.4s, total 807.3s)
[234/248] Building bjs-scene156...

(!) Some chunks are larger than 500 kB after minification. Consider:
- Using dynamic import() to code-split the application
- Use build.rollupOptions.output.manualChunks to improve chunking: https://rollupjs.org/configuration-options/#output-manualchunks
- Adjust chunk size limit for this warning via build.chunkSizeWarningLimit.
[234/248] Γ£ô bjs-scene156 (3.4s, total 810.7s)
[235/248] Building bjs-scene157...

(!) Some chunks are larger than 500 kB after minification. Consider:
- Using dynamic import() to code-split the application
- Use build.rollupOptions.output.manualChunks to improve chunking: https://rollupjs.org/configuration-options/#output-manualchunks
- Adjust chunk size limit for this warning via build.chunkSizeWarningLimit.
[235/248] Γ£ô bjs-scene157 (5.2s, total 815.9s)
[236/248] Building bjs-scene158...

(!) Some chunks are larger than 500 kB after minification. Consider:
- Using dynamic import() to code-split the application
- Use build.rollupOptions.output.manualChunks to improve chunking: https://rollupjs.org/configuration-options/#output-manualchunks
- Adjust chunk size limit for this warning via build.chunkSizeWarningLimit.
[236/248] Γ£ô bjs-scene158 (5.4s, total 821.3s)
[237/248] Building bjs-scene159...

(!) Some chunks are larger than 500 kB after minification. Consider:
- Using dynamic import() to code-split the application
- Use build.rollupOptions.output.manualChunks to improve chunking: https://rollupjs.org/configuration-options/#output-manualchunks
- Adjust chunk size limit for this warning via build.chunkSizeWarningLimit.
[237/248] Γ£ô bjs-scene159 (3.1s, total 824.4s)
[238/248] Building bjs-scene160...

(!) Some chunks are larger than 500 kB after minification. Consider:
- Using dynamic import() to code-split the application
- Use build.rollupOptions.output.manualChunks to improve chunking: https://rollupjs.org/configuration-options/#output-manualchunks
- Adjust chunk size limit for this warning via build.chunkSizeWarningLimit.
[238/248] Γ£ô bjs-scene160 (3.1s, total 827.5s)
[239/248] Building bjs-scene161...

(!) Some chunks are larger than 500 kB after minification. Consider:
- Using dynamic import() to code-split the application
- Use build.rollupOptions.output.manualChunks to improve chunking: https://rollupjs.org/configuration-options/#output-manualchunks
- Adjust chunk size limit for this warning via build.chunkSizeWarningLimit.
[239/248] Γ£ô bjs-scene161 (3.1s, total 830.6s)
[240/248] Building bjs-scene162...

(!) Some chunks are larger than 500 kB after minification. Consider:
- Using dynamic import() to code-split the application
- Use build.rollupOptions.output.manualChunks to improve chunking: https://rollupjs.org/configuration-options/#output-manualchunks
- Adjust chunk size limit for this warning via build.chunkSizeWarningLimit.
[240/248] Γ£ô bjs-scene162 (3.1s, total 833.7s)
[241/248] Building bjs-scene163...

(!) Some chunks are larger than 500 kB after minification. Consider:
- Using dynamic import() to code-split the application
- Use build.rollupOptions.output.manualChunks to improve chunking: https://rollupjs.org/configuration-options/#output-manualchunks
- Adjust chunk size limit for this warning via build.chunkSizeWarningLimit.
[241/248] Γ£ô bjs-scene163 (3.0s, total 836.8s)
[242/248] Building bjs-scene164...

(!) Some chunks are larger than 500 kB after minification. Consider:
- Using dynamic import() to code-split the application
- Use build.rollupOptions.output.manualChunks to improve chunking: https://rollupjs.org/configuration-options/#output-manualchunks
- Adjust chunk size limit for this warning via build.chunkSizeWarningLimit.
[242/248] Γ£ô bjs-scene164 (5.2s, total 841.9s)
[243/248] Building bjs-scene170...

(!) Some chunks are larger than 500 kB after minification. Consider:
- Using dynamic import() to code-split the application
- Use build.rollupOptions.output.manualChunks to improve chunking: https://rollupjs.org/configuration-options/#output-manualchunks
- Adjust chunk size limit for this warning via build.chunkSizeWarningLimit.
[243/248] Γ£ô bjs-scene170 (3.9s, total 845.8s)
[244/248] Building bjs-scene171...

(!) Some chunks are larger than 500 kB after minification. Consider:
- Using dynamic import() to code-split the application
- Use build.rollupOptions.output.manualChunks to improve chunking: https://rollupjs.org/configuration-options/#output-manualchunks
- Adjust chunk size limit for this warning via build.chunkSizeWarningLimit.
[244/248] Γ£ô bjs-scene171 (8.8s, total 854.6s)
[245/248] Building bjs-scene172...

(!) Some chunks are larger than 500 kB after minification. Consider:
- Using dynamic import() to code-split the application
- Use build.rollupOptions.output.manualChunks to improve chunking: https://rollupjs.org/configuration-options/#output-manualchunks
- Adjust chunk size limit for this warning via build.chunkSizeWarningLimit.
[245/248] Γ£ô bjs-scene172 (4.3s, total 859.0s)
[246/248] Building bjs-scene173...

(!) Some chunks are larger than 500 kB after minification. Consider:
- Using dynamic import() to code-split the application
- Use build.rollupOptions.output.manualChunks to improve chunking: https://rollupjs.org/configuration-options/#output-manualchunks
- Adjust chunk size limit for this warning via build.chunkSizeWarningLimit.
[246/248] Γ£ô bjs-scene173 (4.3s, total 863.2s)
[247/248] Building bjs-scene174...

(!) Some chunks are larger than 500 kB after minification. Consider:
- Using dynamic import() to code-split the application
- Use build.rollupOptions.output.manualChunks to improve chunking: https://rollupjs.org/configuration-options/#output-manualchunks
- Adjust chunk size limit for this warning via build.chunkSizeWarningLimit.
[247/248] Γ£ô bjs-scene174 (6.2s, total 869.4s)
[248/248] Building bjs-scene175...

(!) Some chunks are larger than 500 kB after minification. Consider:
- Using dynamic import() to code-split the application
- Use build.rollupOptions.output.manualChunks to improve chunking: https://rollupjs.org/configuration-options/#output-manualchunks
- Adjust chunk size limit for this warning via build.chunkSizeWarningLimit.
[248/248] Γ£ô bjs-scene175 (7.0s, total 876.4s)

All 248 scenes built in 876.4s
Launching measurement browser...
Browser launched in 0.6s
  measured scene1: 84.9 KB raw, 34.5 KB gzip (2.0s)
  measured scene2: 43.1 KB raw, 17.2 KB gzip (0.3s)
  measured scene3: 50 KB raw, 19.8 KB gzip (0.3s)
  measured scene4: 68.5 KB raw, 26.7 KB gzip (0.7s)
  measured scene5: 81.6 KB raw, 33.5 KB gzip (1.9s)
  measured scene6: 69 KB raw, 28.3 KB gzip (0.5s)
  measured scene7: 95.5 KB raw, 39.3 KB gzip (1.7s)
  measured scene8: 70.1 KB raw, 27.8 KB gzip (1.0s)
  measured scene9: 55.3 KB raw, 22.4 KB gzip (3.9s)
  measured scene10: 48.3 KB raw, 19.6 KB gzip (0.5s)
  measured scene11: 77.6 KB raw, 31.8 KB gzip (2.1s)
  measured scene12: 93.5 KB raw, 37.5 KB gzip (0.6s)
  measured scene13: 80.2 KB raw, 32.2 KB gzip (0.7s)
  measured scene14: 85.1 KB raw, 34.5 KB gzip (5.4s)
  measured scene15: 43.4 KB raw, 17.3 KB gzip (0.3s)
  measured scene16: 44.1 KB raw, 17.6 KB gzip (0.4s)
  measured scene17: 79 KB raw, 32.6 KB gzip (0.5s)
  measured scene18: 56.9 KB raw, 22.6 KB gzip (0.5s)
  measured scene19: 64.4 KB raw, 26.1 KB gzip (0.5s)
  measured scene20: 74 KB raw, 30.5 KB gzip (1.3s)
  measured scene21: 81.7 KB raw, 32.7 KB gzip (1.3s)
  measured scene22: 90.9 KB raw, 36.5 KB gzip (0.5s)
  measured scene23: 73.3 KB raw, 29.8 KB gzip (0.6s)
  measured scene24: 55.4 KB raw, 23 KB gzip (6.5s)
  measured scene25: 48.6 KB raw, 19.2 KB gzip (0.4s)
  measured scene26: 83.8 KB raw, 33.7 KB gzip (1.2s)
  measured scene27: 73.2 KB raw, 29.4 KB gzip (1.8s)
  measured scene28: 78 KB raw, 30.9 KB gzip (0.7s)
  measured scene29: 80.5 KB raw, 32.6 KB gzip (1.3s)
  measured scene30: 93.7 KB raw, 37.8 KB gzip (1.2s)
  measured scene31: 73.3 KB raw, 29.3 KB gzip (1.1s)
  measured scene32: 73.1 KB raw, 29.3 KB gzip (0.6s)
  measured scene33: 92.2 KB raw, 36.9 KB gzip (0.9s)
  measured scene34: 83.1 KB raw, 33.9 KB gzip (0.6s)
  measured scene35: 75.8 KB raw, 30.4 KB gzip (0.6s)
  measured scene36: 47.7 KB raw, 18.7 KB gzip (0.6s)
  measured scene37: 86 KB raw, 34.7 KB gzip (1.6s)
  measured scene38: 57.8 KB raw, 22.6 KB gzip (0.3s)
  measured scene40: 45 KB raw, 18 KB gzip (1.6s)
  measured scene50: 15.3 KB raw, 6.5 KB gzip (0.3s)
  measured scene51: 15.2 KB raw, 6.4 KB gzip (0.3s)
  measured scene52: 54.4 KB raw, 21.6 KB gzip (0.3s)
  measured scene53: 54.7 KB raw, 21.5 KB gzip (0.4s)
  measured scene54: 56.3 KB raw, 22.6 KB gzip (0.3s)
  measured scene55: 29.6 KB raw, 12.1 KB gzip (0.3s)
  measured scene56: 56.5 KB raw, 22.7 KB gzip (0.3s)
  measured scene57: 56.5 KB raw, 22.7 KB gzip (0.3s)
  measured scene58: 18.5 KB raw, 7.5 KB gzip (0.3s)
  measured scene59: 59.6 KB raw, 23.7 KB gzip (0.3s)
  measured scene60: 53.8 KB raw, 21.5 KB gzip, ignored 4 KB raw *-nme.ts (0.3s)
  measured scene61: 52.7 KB raw, 22 KB gzip, ignored 7.3 KB raw *-nme.ts (0.3s)
  measured scene62: 58.4 KB raw, 24 KB gzip, ignored 5.3 KB raw *-nme.ts (0.4s)
  measured scene63: 56.7 KB raw, 23.3 KB gzip, ignored 6.4 KB raw *-nme.ts (0.3s)
  measured scene64: 55.2 KB raw, 22.3 KB gzip, ignored 4.3 KB raw *-nme.ts (0.3s)
  measured scene65: 72.7 KB raw, 29.3 KB gzip, ignored 6.4 KB raw *-nme.ts (0.3s)
  measured scene66: 87.2 KB raw, 39.8 KB gzip, ignored 5.5 KB raw *-nme.ts (0.6s)
  measured scene67: 74.3 KB raw, 30.8 KB gzip, ignored 9.6 KB raw *-nme.ts (0.4s)
  measured scene68: 84.9 KB raw, 34.2 KB gzip, ignored 11.4 KB raw *-nme.ts (0.4s)
  measured scene69: 84.3 KB raw, 34.4 KB gzip, ignored 13.3 KB raw *-nme.ts (0.4s)
  measured scene70: 84.7 KB raw, 35 KB gzip, ignored 14.9 KB raw *-nme.ts (0.7s)
  measured scene71: 84.5 KB raw, 34.4 KB gzip, ignored 12.9 KB raw *-nme.ts (0.5s)
  measured scene72: 101.5 KB raw, 41.9 KB gzip, ignored 3.3 KB raw *-nme.ts (0.6s)
  measured scene73: 131.6 KB raw, 53.5 KB gzip, ignored 3.3 KB raw *-nme.ts (0.7s)
  measured scene74: 8 KB raw, 3.4 KB gzip (0.2s)
  measured scene75: 46.6 KB raw, 18.5 KB gzip (0.3s)
  measured scene76: 8.9 KB raw, 3.7 KB gzip (0.2s)
  measured scene77: 58.2 KB raw, 24.3 KB gzip, ignored 7 KB raw *-nme.ts (0.3s)
  measured scene78: 56.2 KB raw, 26.1 KB gzip, ignored 9.7 KB raw *-nme.ts (0.3s)
  measured scene79: 59.7 KB raw, 26.3 KB gzip, ignored 8.1 KB raw *-nme.ts (0.3s)
  measured scene80: 59.1 KB raw, 25.4 KB gzip, ignored 6 KB raw *-nme.ts (0.3s)
  measured scene81: 65.1 KB raw, 28.5 KB gzip, ignored 7 KB raw *-nme.ts (0.3s)
  measured scene82: 65 KB raw, 28.4 KB gzip, ignored 8.4 KB raw *-nme.ts (0.3s)
  measured scene83: 68 KB raw, 31.9 KB gzip, ignored 11.4 KB raw *-nme.ts (0.3s)
  measured scene84: 81.7 KB raw, 34.4 KB gzip, ignored 5.5 KB raw *-nme.ts (0.3s)
  measured scene85: 58.9 KB raw, 25.1 KB gzip, ignored 6.5 KB raw *-nme.ts (0.3s)
  measured scene86: 58.2 KB raw, 25.8 KB gzip, ignored 8 KB raw *-nme.ts (0.3s)
  measured scene87: 87.8 KB raw, 35.9 KB gzip, ignored 12 KB raw *-nme.ts (0.6s)
  measured scene88: 59.1 KB raw, 25.6 KB gzip, ignored 6.4 KB raw *-nme.ts (0.2s)
  measured scene89: 58.6 KB raw, 25.8 KB gzip, ignored 7.6 KB raw *-nme.ts (0.3s)
  measured scene90: 55.5 KB raw, 21.8 KB gzip (1.0s)
  measured scene91: 54.7 KB raw, 21.6 KB gzip (0.5s)
  measured scene110: 46.8 KB raw, 18.2 KB gzip (0.3s)
  measured scene111: 128.1 KB raw, 51.4 KB gzip, ignored 6.4 KB raw *-nme.ts (0.3s)
  measured scene112: 109.5 KB raw, 43.4 KB gzip (3.6s)
  measured scene113: 58.3 KB raw, 22.3 KB gzip (0.7s)
  measured scene114: 75.6 KB raw, 28.8 KB gzip (0.5s)
  measured scene115: 113.7 KB raw, 45.6 KB gzip (2.1s)
  measured scene116: 70.3 KB raw, 28.7 KB gzip (0.3s)
  measured scene120: 33.5 KB raw, 12.9 KB gzip (2.1s)
  measured scene121: 33.7 KB raw, 13 KB gzip (1.4s)
  measured scene122: 46.2 KB raw, 18.1 KB gzip (1.8s)
  measured scene123: 43 KB raw, 17.1 KB gzip (2.3s)
  measured scene124: 48.9 KB raw, 19.1 KB gzip (2.4s)
  measured scene125: 35.4 KB raw, 13.6 KB gzip (1.3s)
  measured scene126: 33.7 KB raw, 13 KB gzip (1.2s)
  measured scene127: 53.7 KB raw, 20 KB gzip (1.2s)
  measured scene128: 53.6 KB raw, 20 KB gzip (1.3s)
  measured scene129: 78.1 KB raw, 29.4 KB gzip (1.4s)
  measured scene140: 94.3 KB raw, 40.2 KB gzip (0.5s)
  measured scene141: 124 KB raw, 48.1 KB gzip (0.4s)
  measured scene142: 57.7 KB raw, 21.3 KB gzip (0.4s)
  measured scene143: 64.2 KB raw, 25.2 KB gzip (4.1s)
  measured scene144: 100.9 KB raw, 39.6 KB gzip (4.3s)
  measured scene150: 51.2 KB raw, 19.9 KB gzip (0.3s)
  measured scene151: 51.5 KB raw, 20 KB gzip (0.2s)
  measured scene152: 82.6 KB raw, 33.5 KB gzip (1.7s)
  measured scene153: 7.9 KB raw, 3.3 KB gzip (0.1s)
  measured scene154: 51.6 KB raw, 20 KB gzip (0.2s)
  measured scene155: 54.1 KB raw, 20.9 KB gzip (0.2s)
  measured scene156: 54.9 KB raw, 21.2 KB gzip (0.2s)
  measured scene157: 85.9 KB raw, 34.3 KB gzip (0.7s)
  measured scene158: 86.3 KB raw, 34.4 KB gzip (0.6s)
  measured scene159: 33.3 KB raw, 13.1 KB gzip (0.2s)
  measured scene160: 35.4 KB raw, 13.8 KB gzip (0.2s)
  measured scene161: 33.6 KB raw, 13.2 KB gzip (0.2s)
  measured scene162: 33.3 KB raw, 13.1 KB gzip (0.2s)
  measured scene163: 33 KB raw, 12.9 KB gzip (0.2s)
  measured scene164: 88.7 KB raw, 35.5 KB gzip (1.8s)
  measured scene170: 48.1 KB raw, 18.9 KB gzip (0.3s)
  measured scene171: 90.6 KB raw, 36.2 KB gzip (0.3s)
  measured scene172: 56 KB raw, 21.8 KB gzip (0.3s)
  measured scene173: 57.9 KB raw, 22.4 KB gzip (0.3s)
  measured scene174: 91.2 KB raw, 36.6 KB gzip (0.4s)
  measured scene175: 89.5 KB raw, 35.9 KB gzip (0.3s)
  bjs-scene1: 2799.9 KB raw, 675.2 KB gzip (cached)
  bjs-scene2: 1448.9 KB raw, 343.7 KB gzip (cached)
  bjs-scene3: 1455.3 KB raw, 346 KB gzip (cached)
  bjs-scene4: 1559.8 KB raw, 371.2 KB gzip (cached)
  bjs-scene5: 2206.6 KB raw, 529.2 KB gzip (cached)
  bjs-scene6: 2289.4 KB raw, 549.2 KB gzip (cached)
  bjs-scene7: 2812.1 KB raw, 678.1 KB gzip (cached)
  bjs-scene8: 1699.1 KB raw, 410.4 KB gzip (cached)
  bjs-scene9: 2982.8 KB raw, 731.9 KB gzip (cached)
  bjs-scene10: 1643.1 KB raw, 397.2 KB gzip (cached)
  bjs-scene11: 2207 KB raw, 529.3 KB gzip (cached)
  bjs-scene12: 2209.2 KB raw, 531.5 KB gzip (cached)
  bjs-scene13: 2798.9 KB raw, 674.6 KB gzip (cached)
  bjs-scene14: 2800.3 KB raw, 675.3 KB gzip (cached)
  bjs-scene15: 1453 KB raw, 344.3 KB gzip (cached)
  bjs-scene16: 1443.9 KB raw, 341.7 KB gzip (cached)
  bjs-scene17: 1719.3 KB raw, 415.6 KB gzip (cached)
  bjs-scene18: 1509.8 KB raw, 358.5 KB gzip (cached)
  bjs-scene19: 1665.4 KB raw, 403 KB gzip (cached)
  bjs-scene20: 2361.9 KB raw, 569.9 KB gzip (cached)
  bjs-scene21: 2812.4 KB raw, 678.2 KB gzip (cached)
  bjs-scene22: 1856.4 KB raw, 448.3 KB gzip (cached)
  bjs-scene23: 2344.7 KB raw, 565.6 KB gzip (cached)
  bjs-scene24: 2983 KB raw, 732.2 KB gzip (cached)
  bjs-scene25: 1414.5 KB raw, 335.9 KB gzip (cached)
  bjs-scene26: 2513.7 KB raw, 620.2 KB gzip (cached)
  bjs-scene27: 2172.5 KB raw, 520.6 KB gzip (cached)
  bjs-scene28: 2785.5 KB raw, 672 KB gzip (cached)
  bjs-scene29: 2785.5 KB raw, 672 KB gzip (cached)
  bjs-scene30: 2785.6 KB raw, 673.2 KB gzip (cached)
  bjs-scene31: 2785.6 KB raw, 672 KB gzip (cached)
  bjs-scene32: 2785.6 KB raw, 672 KB gzip (cached)
  bjs-scene33: 2785.6 KB raw, 672 KB gzip (cached)
  bjs-scene34: 2799 KB raw, 675.5 KB gzip (cached)
  bjs-scene35: 2785.6 KB raw, 672 KB gzip (cached)
  bjs-scene36: 1450.7 KB raw, 345.5 KB gzip (cached)
  bjs-scene37: 2785.6 KB raw, 672 KB gzip (cached)
  bjs-scene38: 1452.1 KB raw, 344.5 KB gzip (cached)
  bjs-scene40: 1494.6 KB raw, 354.9 KB gzip (cached)
  bjs-scene50: 792.2 KB raw, 195.1 KB gzip (cached)
  bjs-scene51: 803.4 KB raw, 198.3 KB gzip (cached)
  bjs-scene52: 1528.5 KB raw, 363.8 KB gzip (cached)
  bjs-scene53: 1546.3 KB raw, 368.8 KB gzip (cached)
  bjs-scene54: 1545.9 KB raw, 368.7 KB gzip (cached)
  bjs-scene55: 1000.2 KB raw, 240.4 KB gzip (cached)
  bjs-scene56: 1510.9 KB raw, 359.7 KB gzip (cached)
  bjs-scene57: 1466.8 KB raw, 348.6 KB gzip (cached)
  bjs-scene58: 792.5 KB raw, 195.2 KB gzip (cached)
  bjs-scene59: 1502 KB raw, 357.7 KB gzip (cached)
  bjs-scene60: 2245.7 KB raw, 525 KB gzip (cached)
  bjs-scene61: 2244.3 KB raw, 525.1 KB gzip (cached)
  bjs-scene62: 2245.2 KB raw, 525.1 KB gzip (cached)
  bjs-scene63: 2248.9 KB raw, 525.9 KB gzip (cached)
  bjs-scene64: 2260.1 KB raw, 528 KB gzip (cached)
  bjs-scene65: 2323.9 KB raw, 545.8 KB gzip (cached)
  bjs-scene66: 2337.3 KB raw, 551.4 KB gzip (cached)
  bjs-scene67: 2434.8 KB raw, 564.1 KB gzip (cached)
  bjs-scene68: 2434.6 KB raw, 564.3 KB gzip (cached)
  bjs-scene69: 2433.9 KB raw, 564.4 KB gzip (cached)
  bjs-scene70: 2433.2 KB raw, 564.5 KB gzip (cached)
  bjs-scene71: 2434.1 KB raw, 564.4 KB gzip (cached)
  bjs-scene72: 2509.9 KB raw, 585.1 KB gzip (cached)
  bjs-scene73: 3450.9 KB raw, 801.9 KB gzip (cached)
  bjs-scene74: 711.6 KB raw, 175 KB gzip (cached)
  bjs-scene75: 1656.4 KB raw, 400.9 KB gzip (cached)
  bjs-scene76: 713.2 KB raw, 175.4 KB gzip (cached)
  bjs-scene77: 2245 KB raw, 524.3 KB gzip (cached)
  bjs-scene78: 2242.7 KB raw, 525.4 KB gzip (cached)
  bjs-scene79: 2243.5 KB raw, 525.1 KB gzip (cached)
  bjs-scene80: 2244.5 KB raw, 524.8 KB gzip (cached)
  bjs-scene81: 2244.9 KB raw, 525.9 KB gzip (cached)
  bjs-scene82: 2243.3 KB raw, 525.1 KB gzip (cached)
  bjs-scene83: 2247.3 KB raw, 527.2 KB gzip (cached)
  bjs-scene84: 2328.4 KB raw, 543.2 KB gzip (cached)
  bjs-scene85: 2244.3 KB raw, 524.9 KB gzip (cached)
  bjs-scene86: 2131.8 KB raw, 491.1 KB gzip (cached)
  bjs-scene87: 2425.8 KB raw, 563.8 KB gzip (cached)
  bjs-scene88: 2244.4 KB raw, 524.8 KB gzip (cached)
  bjs-scene89: 2243.9 KB raw, 524.9 KB gzip (cached)
  bjs-scene90: 1453.2 KB raw, 345.7 KB gzip (cached)
  bjs-scene91: 1450.1 KB raw, 345.2 KB gzip (cached)
  bjs-scene110: 1463 KB raw, 345.6 KB gzip (cached)
  bjs-scene111: 2593.3 KB raw, 598.7 KB gzip (cached)
  bjs-scene112: 2802.4 KB raw, 676.1 KB gzip (cached)
  bjs-scene113: 1445.6 KB raw, 343.8 KB gzip (cached)
  bjs-scene114: 1790.2 KB raw, 432.8 KB gzip (cached)
  bjs-scene115: 2357.1 KB raw, 575.3 KB gzip (cached)
  bjs-scene116: 1757.5 KB raw, 421.1 KB gzip (cached)
  bjs-scene120: 1494.5 KB raw, 361.9 KB gzip (cached)
  bjs-scene121: 1494.7 KB raw, 361.9 KB gzip (cached)
  bjs-scene122: skipped BJS measurement (page.goto: net::ERR_HTTP_RESPONSE_CODE_FAILURE at http://localhost:62136/bundle-bjs-scene122.html
Call log:
  - navigating to "http://localhost:62136/bundle-bjs-scene122.html", waiting until "load"
)
Live measurement completed in 108.4s

=== Per-scene bundle sizes (live runtime measurement) ===
  scene1: 84.9 KB raw, 34.5 KB gzip  |  BJS: 2799.9 KB raw, 675.2 KB gzip
  scene2: 43.1 KB raw, 17.2 KB gzip  |  BJS: 1448.9 KB raw, 343.7 KB gzip
  scene3: 50 KB raw, 19.8 KB gzip  |  BJS: 1455.3 KB raw, 346 KB gzip
  scene4: 68.5 KB raw, 26.7 KB gzip  |  BJS: 1559.8 KB raw, 371.2 KB gzip
  scene5: 81.6 KB raw, 33.5 KB gzip  |  BJS: 2206.6 KB raw, 529.2 KB gzip
  scene6: 69 KB raw, 28.3 KB gzip  |  BJS: 2289.4 KB raw, 549.2 KB gzip
  scene7: 95.5 KB raw, 39.3 KB gzip  |  BJS: 2812.1 KB raw, 678.1 KB gzip
  scene8: 70.1 KB raw, 27.8 KB gzip  |  BJS: 1699.1 KB raw, 410.4 KB gzip
  scene9: 55.3 KB raw, 22.4 KB gzip  |  BJS: 2982.8 KB raw, 731.9 KB gzip
  scene10: 48.3 KB raw, 19.6 KB gzip  |  BJS: 1643.1 KB raw, 397.2 KB gzip
  scene11: 77.6 KB raw, 31.8 KB gzip  |  BJS: 2207 KB raw, 529.3 KB gzip
  scene12: 93.5 KB raw, 37.5 KB gzip  |  BJS: 2209.2 KB raw, 531.5 KB gzip
  scene13: 80.2 KB raw, 32.2 KB gzip  |  BJS: 2798.9 KB raw, 674.6 KB gzip
  scene14: 85.1 KB raw, 34.5 KB gzip  |  BJS: 2800.3 KB raw, 675.3 KB gzip
  scene15: 43.4 KB raw, 17.3 KB gzip  |  BJS: 1453 KB raw, 344.3 KB gzip
  scene16: 44.1 KB raw, 17.6 KB gzip  |  BJS: 1443.9 KB raw, 341.7 KB gzip
  scene17: 79 KB raw, 32.6 KB gzip  |  BJS: 1719.3 KB raw, 415.6 KB gzip
  scene18: 56.9 KB raw, 22.6 KB gzip  |  BJS: 1509.8 KB raw, 358.5 KB gzip
  scene19: 64.4 KB raw, 26.1 KB gzip  |  BJS: 1665.4 KB raw, 403 KB gzip
  scene20: 74 KB raw, 30.5 KB gzip  |  BJS: 2361.9 KB raw, 569.9 KB gzip
  scene21: 81.7 KB raw, 32.7 KB gzip  |  BJS: 2812.4 KB raw, 678.2 KB gzip
  scene22: 90.9 KB raw, 36.5 KB gzip  |  BJS: 1856.4 KB raw, 448.3 KB gzip
  scene23: 73.3 KB raw, 29.8 KB gzip  |  BJS: 2344.7 KB raw, 565.6 KB gzip
  scene24: 55.4 KB raw, 23 KB gzip  |  BJS: 2983 KB raw, 732.2 KB gzip
  scene25: 48.6 KB raw, 19.2 KB gzip  |  BJS: 1414.5 KB raw, 335.9 KB gzip
  scene26: 83.8 KB raw, 33.7 KB gzip  |  BJS: 2513.7 KB raw, 620.2 KB gzip
  scene27: 73.2 KB raw, 29.4 KB gzip  |  BJS: 2172.5 KB raw, 520.6 KB gzip
  scene28: 78 KB raw, 30.9 KB gzip  |  BJS: 2785.5 KB raw, 672 KB gzip
  scene29: 80.5 KB raw, 32.6 KB gzip  |  BJS: 2785.5 KB raw, 672 KB gzip
  scene30: 93.7 KB raw, 37.8 KB gzip  |  BJS: 2785.6 KB raw, 673.2 KB gzip
  scene31: 73.3 KB raw, 29.3 KB gzip  |  BJS: 2785.6 KB raw, 672 KB gzip
  scene32: 73.1 KB raw, 29.3 KB gzip  |  BJS: 2785.6 KB raw, 672 KB gzip
  scene33: 92.2 KB raw, 36.9 KB gzip  |  BJS: 2785.6 KB raw, 672 KB gzip
  scene34: 83.1 KB raw, 33.9 KB gzip  |  BJS: 2799 KB raw, 675.5 KB gzip
  scene35: 75.8 KB raw, 30.4 KB gzip  |  BJS: 2785.6 KB raw, 672 KB gzip
  scene36: 47.7 KB raw, 18.7 KB gzip  |  BJS: 1450.7 KB raw, 345.5 KB gzip
  scene37: 86 KB raw, 34.7 KB gzip  |  BJS: 2785.6 KB raw, 672 KB gzip
  scene38: 57.8 KB raw, 22.6 KB gzip  |  BJS: 1452.1 KB raw, 344.5 KB gzip
  scene40: 45 KB raw, 18 KB gzip  |  BJS: 1494.6 KB raw, 354.9 KB gzip
  scene50: 15.3 KB raw, 6.5 KB gzip  |  BJS: 792.2 KB raw, 195.1 KB gzip
  scene51: 15.2 KB raw, 6.4 KB gzip  |  BJS: 803.4 KB raw, 198.3 KB gzip
  scene52: 54.4 KB raw, 21.6 KB gzip  |  BJS: 1528.5 KB raw, 363.8 KB gzip
  scene53: 54.7 KB raw, 21.5 KB gzip  |  BJS: 1546.3 KB raw, 368.8 KB gzip
  scene54: 56.3 KB raw, 22.6 KB gzip  |  BJS: 1545.9 KB raw, 368.7 KB gzip
  scene55: 29.6 KB raw, 12.1 KB gzip  |  BJS: 1000.2 KB raw, 240.4 KB gzip
  scene56: 56.5 KB raw, 22.7 KB gzip  |  BJS: 1510.9 KB raw, 359.7 KB gzip
  scene57: 56.5 KB raw, 22.7 KB gzip  |  BJS: 1466.8 KB raw, 348.6 KB gzip
  scene58: 18.5 KB raw, 7.5 KB gzip  |  BJS: 792.5 KB raw, 195.2 KB gzip
  scene59: 59.6 KB raw, 23.7 KB gzip  |  BJS: 1502 KB raw, 357.7 KB gzip
  scene60: 53.8 KB raw, 21.5 KB gzip  |  BJS: 2245.7 KB raw, 525 KB gzip
  scene61: 52.7 KB raw, 22 KB gzip  |  BJS: 2244.3 KB raw, 525.1 KB gzip
  scene62: 58.4 KB raw, 24 KB gzip  |  BJS: 2245.2 KB raw, 525.1 KB gzip
  scene63: 56.7 KB raw, 23.3 KB gzip  |  BJS: 2248.9 KB raw, 525.9 KB gzip
  scene64: 55.2 KB raw, 22.3 KB gzip  |  BJS: 2260.1 KB raw, 528 KB gzip
  scene65: 72.7 KB raw, 29.3 KB gzip  |  BJS: 2323.9 KB raw, 545.8 KB gzip
  scene66: 87.2 KB raw, 39.8 KB gzip  |  BJS: 2337.3 KB raw, 551.4 KB gzip
  scene67: 74.3 KB raw, 30.8 KB gzip  |  BJS: 2434.8 KB raw, 564.1 KB gzip
  scene68: 84.9 KB raw, 34.2 KB gzip  |  BJS: 2434.6 KB raw, 564.3 KB gzip
  scene69: 84.3 KB raw, 34.4 KB gzip  |  BJS: 2433.9 KB raw, 564.4 KB gzip
  scene70: 84.7 KB raw, 35 KB gzip  |  BJS: 2433.2 KB raw, 564.5 KB gzip
  scene71: 84.5 KB raw, 34.4 KB gzip  |  BJS: 2434.1 KB raw, 564.4 KB gzip
  scene72: 101.5 KB raw, 41.9 KB gzip  |  BJS: 2509.9 KB raw, 585.1 KB gzip
  scene73: 131.6 KB raw, 53.5 KB gzip  |  BJS: 3450.9 KB raw, 801.9 KB gzip
  scene74: 8 KB raw, 3.4 KB gzip  |  BJS: 711.6 KB raw, 175 KB gzip
  scene75: 46.6 KB raw, 18.5 KB gzip  |  BJS: 1656.4 KB raw, 400.9 KB gzip
  scene76: 8.9 KB raw, 3.7 KB gzip  |  BJS: 713.2 KB raw, 175.4 KB gzip
  scene77: 58.2 KB raw, 24.3 KB gzip  |  BJS: 2245 KB raw, 524.3 KB gzip
  scene78: 56.2 KB raw, 26.1 KB gzip  |  BJS: 2242.7 KB raw, 525.4 KB gzip
  scene79: 59.7 KB raw, 26.3 KB gzip  |  BJS: 2243.5 KB raw, 525.1 KB gzip
  scene80: 59.1 KB raw, 25.4 KB gzip  |  BJS: 2244.5 KB raw, 524.8 KB gzip
  scene81: 65.1 KB raw, 28.5 KB gzip  |  BJS: 2244.9 KB raw, 525.9 KB gzip
  scene82: 65 KB raw, 28.4 KB gzip  |  BJS: 2243.3 KB raw, 525.1 KB gzip
  scene83: 68 KB raw, 31.9 KB gzip  |  BJS: 2247.3 KB raw, 527.2 KB gzip
  scene84: 81.7 KB raw, 34.4 KB gzip  |  BJS: 2328.4 KB raw, 543.2 KB gzip
  scene85: 58.9 KB raw, 25.1 KB gzip  |  BJS: 2244.3 KB raw, 524.9 KB gzip
  scene86: 58.2 KB raw, 25.8 KB gzip  |  BJS: 2131.8 KB raw, 491.1 KB gzip
  scene87: 87.8 KB raw, 35.9 KB gzip  |  BJS: 2425.8 KB raw, 563.8 KB gzip
  scene88: 59.1 KB raw, 25.6 KB gzip  |  BJS: 2244.4 KB raw, 524.8 KB gzip
  scene89: 58.6 KB raw, 25.8 KB gzip  |  BJS: 2243.9 KB raw, 524.9 KB gzip
  scene90: 55.5 KB raw, 21.8 KB gzip  |  BJS: 1453.2 KB raw, 345.7 KB gzip
  scene91: 54.7 KB raw, 21.6 KB gzip  |  BJS: 1450.1 KB raw, 345.2 KB gzip
  scene110: 46.8 KB raw, 18.2 KB gzip  |  BJS: 1463 KB raw, 345.6 KB gzip
  scene111: 128.1 KB raw, 51.4 KB gzip  |  BJS: 2593.3 KB raw, 598.7 KB gzip
  scene112: 109.5 KB raw, 43.4 KB gzip  |  BJS: 2802.4 KB raw, 676.1 KB gzip
  scene113: 58.3 KB raw, 22.3 KB gzip  |  BJS: 1445.6 KB raw, 343.8 KB gzip
  scene114: 75.6 KB raw, 28.8 KB gzip  |  BJS: 1790.2 KB raw, 432.8 KB gzip
  scene115: 113.7 KB raw, 45.6 KB gzip  |  BJS: 2357.1 KB raw, 575.3 KB gzip
  scene116: 70.3 KB raw, 28.7 KB gzip  |  BJS: 1757.5 KB raw, 421.1 KB gzip
  scene120: 33.5 KB raw, 12.9 KB gzip  |  BJS: 1494.5 KB raw, 361.9 KB gzip
  scene121: 33.7 KB raw, 13 KB gzip  |  BJS: 1494.7 KB raw, 361.9 KB gzip
  scene122: 46.2 KB raw, 18.1 KB gzip
  scene123: 43 KB raw, 17.1 KB gzip
  scene124: 48.9 KB raw, 19.1 KB gzip
  scene125: 35.4 KB raw, 13.6 KB gzip
  scene126: 33.7 KB raw, 13 KB gzip
  scene127: 53.7 KB raw, 20 KB gzip
  scene128: 53.6 KB raw, 20 KB gzip
  scene129: 78.1 KB raw, 29.4 KB gzip
  scene140: 94.3 KB raw, 40.2 KB gzip
  scene141: 124 KB raw, 48.1 KB gzip
  scene142: 57.7 KB raw, 21.3 KB gzip
  scene143: 64.2 KB raw, 25.2 KB gzip
  scene144: 100.9 KB raw, 39.6 KB gzip
  scene150: 51.2 KB raw, 19.9 KB gzip  |  BJS: 1481.7 KB raw, 350.8 KB gzip
  scene151: 51.5 KB raw, 20 KB gzip  |  BJS: 1482.1 KB raw, 350.9 KB gzip
  scene152: 82.6 KB raw, 33.5 KB gzip  |  BJS: 2315.7 KB raw, 552.4 KB gzip
  scene153: 7.9 KB raw, 3.3 KB gzip  |  BJS: 579.1 KB raw, 138.8 KB gzip
  scene154: 51.6 KB raw, 20 KB gzip  |  BJS: 1482.1 KB raw, 350.9 KB gzip
  scene155: 54.1 KB raw, 20.9 KB gzip  |  BJS: 1494.9 KB raw, 353.8 KB gzip
  scene156: 54.9 KB raw, 21.2 KB gzip  |  BJS: 1495.1 KB raw, 353.9 KB gzip
  scene157: 85.9 KB raw, 34.3 KB gzip  |  BJS: 2180.1 KB raw, 512.1 KB gzip
  scene158: 86.3 KB raw, 34.4 KB gzip  |  BJS: 2180.4 KB raw, 510.7 KB gzip
  scene159: 33.3 KB raw, 13.1 KB gzip  |  BJS: 1200.4 KB raw, 293.9 KB gzip
  scene160: 35.4 KB raw, 13.8 KB gzip  |  BJS: 1200.7 KB raw, 294 KB gzip
  scene161: 33.6 KB raw, 13.2 KB gzip  |  BJS: 1200.6 KB raw, 293.9 KB gzip
  scene162: 33.3 KB raw, 13.1 KB gzip  |  BJS: 1200.5 KB raw, 293.9 KB gzip
  scene163: 33 KB raw, 12.9 KB gzip  |  BJS: 1200.6 KB raw, 294 KB gzip
  scene164: 88.7 KB raw, 35.5 KB gzip
  scene170: 48.1 KB raw, 18.9 KB gzip  |  BJS: 1330.9 KB raw, 326 KB gzip
  scene171: 90.6 KB raw, 36.2 KB gzip  |  BJS: 3800 KB raw, 961.4 KB gzip
  scene172: 56 KB raw, 21.8 KB gzip  |  BJS: 2235.1 KB raw, 576.8 KB gzip
  scene173: 57.9 KB raw, 22.4 KB gzip  |  BJS: 2235.3 KB raw, 576.9 KB gzip
  scene174: 91.2 KB raw, 36.6 KB gzip  |  BJS: 3065.1 KB raw, 785.8 KB gzip
  scene175: 89.5 KB raw, 35.9 KB gzip  |  BJS: 3064.1 KB raw, 785.3 KB gzip
Γ£ô Bundle scenes + manifest built to D:\Repos\Babylon-Lite-2\lab\public\bundle (total 984.7s)

> babylon-lite-workspace@ test:parity D:\Repos\Babylon-Lite-2
> npx playwright test tests/parity


Running 253 tests using 2 workers

  Γ£ô    2 tests\parity\scene-config.spec.ts:6:9 ΓÇ║ scene-config parity skip options ΓÇ║ skipParityOnCI skips only when CI is set (6ms)
  Γ£ô    3 tests\parity\scene-config.spec.ts:11:9 ΓÇ║ scene-config parity skip options ΓÇ║ skipParity remains an unconditional parity skip (2ms)
  Scene 1 ΓÇö BoomBox PBR: 84.9 KB raw (limit: 93 KB), 34.5 KB gzip (informational)
  Files loaded (12):
    scene1.js: 44.0 KB raw
    scene1-gltf-glb-parser-BdYiApo0.js: 0.5 KB raw
    scene1-generate-mipmaps-DEhxQL9t.js: 1.7 KB raw
    scene1-rgbd-decode-Baow08lG.js: 2.6 KB raw
    scene1-pbr-renderable-Bim5ouPT.js: 22.3 KB raw
    scene1-background-ground-Dh_coKKo.js: 5.3 KB raw
    scene1-scene-uniforms-FTYH6Ct0.js: 0.5 KB raw
    scene1-wgsl-helpers-BgB2AJrF.js: 0.3 KB raw
    scene1-ibl-fragment-BfgmykuX.js: 2.6 KB raw
    scene1-background-dds-skybox-CRoj6BBy.js: 3.3 KB raw
    scene1-singlelight-hemispheric-wgsl-CU6xMcAz.js: 0.7 KB raw
    scene1-cubemap-skybox-material-DoxLD3io.js: 1.1 KB raw
  Γ£ô    1 tests\parity\bundle-size.spec.ts:69:9 ΓÇ║ Scene 1 ΓÇö BoomBox PBR bundle Γëñ 93 KB raw (2.9s)
  Scene 2 ΓÇö Sphere: 43.1 KB raw (limit: 46.2 KB), 17.2 KB gzip (informational)
  Files loaded (3):
    scene2.js: 26.7 KB raw
    scene2-standard-renderable-B_T4Zg2a.js: 15.4 KB raw
    scene2-wgsl-helpers-WTsokIfK.js: 1.1 KB raw
  Γ£ô    5 tests\parity\bundle-size.spec.ts:69:9 ΓÇ║ Scene 2 ΓÇö Sphere bundle Γëñ 46.2 KB raw (677ms)
  Scene 3 ΓÇö Fog + Skybox: 50.0 KB raw (limit: 53.5 KB), 19.8 KB gzip (informational)
  Files loaded (5):
    scene3.js: 31.2 KB raw
    scene3-skybox-renderable-mPrLSw9r.js: 2.5 KB raw
    scene3-wgsl-helpers-DkZw4EJ3.js: 1.1 KB raw
    scene3-scene-uniforms-FTYH6Ct0.js: 0.5 KB raw
    scene3-standard-renderable-DQxepS30.js: 14.7 KB raw
  Γ£ô    6 tests\parity\bundle-size.spec.ts:69:9 ΓÇ║ Scene 3 ΓÇö Fog + Skybox bundle Γëñ 53.5 KB raw (1.1s)
  Scene 4 ΓÇö Shadows: 68.5 KB raw (limit: 72.4 KB), 26.7 KB gzip (informational)
  Files loaded (9):
    scene4.js: 44.8 KB raw
    scene4-generate-mipmaps-qGQ1D0G4.js: 1.7 KB raw
    scene4-std-shadow-fragment-C4iPvy9E.js: 4.0 KB raw
    scene4-standard-renderable-CXwRKRDI.js: 15.1 KB raw
    scene4-wgsl-helpers-WTsokIfK.js: 1.1 KB raw
    scene4-shadow-task-PTeH8Mbs.js: 0.8 KB raw
    scene4-esm-shadow-view-7yqUFA1x.js: 0.6 KB raw
    scene4-no-color-view-mmRdAV3G.js: 0.2 KB raw
    scene4-material-view-Dua1bl7W.js: 0.2 KB raw
  Γ£ô    7 tests\parity\bundle-size.spec.ts:69:9 ΓÇ║ Scene 4 ΓÇö Shadows bundle Γëñ 72.4 KB raw (954ms)
  Scene 5 ΓÇö Alien Skeleton: 81.6 KB raw (limit: 88.6 KB), 33.5 KB gzip (informational)
  Files loaded (13):
    scene5.js: 43.9 KB raw
    scene5-gltf-feature-skeleton-7OKhoZZY.js: 0.7 KB raw
    scene5-gltf-feature-animations-MA15bz11.js: 0.3 KB raw
    scene5-gltf-feature-morph-D2PzB_em.js: 0.6 KB raw
    scene5-generate-mipmaps-C_ehWb8I.js: 1.9 KB raw
    scene5-create-skeleton-CWtnt4JW.js: 0.8 KB raw
    scene5-create-morph-targets-CnwWRBz8.js: 0.9 KB raw
    scene5-gltf-animation-DyBwE0dO.js: 3.8 KB raw
    scene5-pbr-renderable-6kl8vSxA.js: 22.7 KB raw
    scene5-singlelight-hemispheric-wgsl-BWhSkwzq.js: 0.7 KB raw
    scene5-skeleton-fragment-B0ojyP3K.js: 1.8 KB raw
    scene5-morph-fragment-DosQ7RZp.js: 2.0 KB raw
    scene5-pbr-template-ext-B00NeHp4.js: 1.5 KB raw
  Γ£ô    8 tests\parity\bundle-size.spec.ts:69:9 ΓÇ║ Scene 5 ΓÇö Alien Skeleton bundle Γëñ 88.6 KB raw (2.2s)
  Scene 6 ΓÇö PBR Gold Sphere: 69.0 KB raw (limit: 74 KB), 28.3 KB gzip (informational)
  Files loaded (9):
    scene6.js: 30.9 KB raw
    scene6-rgbd-decode-Baow08lG.js: 2.6 KB raw
    scene6-background-ground-kbP13OLT.js: 5.3 KB raw
    scene6-pbr-renderable-yBJEBSCv.js: 22.4 KB raw
    scene6-scene-uniforms-FTYH6Ct0.js: 0.5 KB raw
    scene6-wgsl-helpers-BgB2AJrF.js: 0.3 KB raw
    scene6-ibl-fragment-BfgmykuX.js: 2.6 KB raw
    scene6-background-dds-skybox-CYz1s55H.js: 3.3 KB raw
    scene6-cubemap-skybox-material-DvkSd0yY.js: 1.1 KB raw
  Γ£ô    9 tests\parity\bundle-size.spec.ts:69:9 ΓÇ║ Scene 6 ΓÇö PBR Gold Sphere bundle Γëñ 74 KB raw (925ms)
BoomBox region (67316 px):
  MAD: 0.02
  Exact: 95.4%
  Γëñ1: 100.0%
  Γëñ5: 100.0%
Full image (921600 px): MAD=0.00
  Γ£ô    4 tests\parity\scenes\scene1-boombox.spec.ts:21:5 ΓÇ║ Scene 1 ΓÇö BoomBox PBR matches Babylon.js reference (9.8s)
  Scene 7 ΓÇö ChibiRex Animated: 95.5 KB raw (limit: 104.5 KB), 39.3 KB gzip (informational)
  Files loaded (16):
    scene7.js: 49.2 KB raw
    scene7-gltf-feature-skeleton-C5T7Q7-A.js: 0.7 KB raw
    scene7-gltf-feature-animations-BeoDCmlU.js: 0.3 KB raw
    scene7-generate-mipmaps-BkWqHpch.js: 1.7 KB raw
    scene7-gltf-animation-BtHuTa2x.js: 3.8 KB raw
    scene7-create-skeleton-DsnF11A7.js: 0.8 KB raw
    scene7-rgbd-decode-Baow08lG.js: 2.6 KB raw
    scene7-background-solid-skybox-B_idLMOs.js: 2.5 KB raw
    scene7-pbr-renderable-Dif5MoZ3.js: 22.3 KB raw
    scene7-skybox.vertex-D1KSfOUq.js: 0.4 KB raw
    scene7-wgsl-helpers-BgB2AJrF.js: 0.3 KB raw
    scene7-scene-uniforms-FTYH6Ct0.js: 0.5 KB raw
    scene7-ibl-fragment-BfgmykuX.js: 2.6 KB raw
    scene7-background-ground-BhRav1Uz.js: 5.3 KB raw
    scene7-singlelight-hemispheric-wgsl-Uxs3i3vt.js: 0.7 KB raw
    scene7-skeleton-fragment-CZ47Lpzq.js: 1.8 KB raw
  Γ£ô   10 tests\parity\bundle-size.spec.ts:69:9 ΓÇ║ Scene 7 ΓÇö ChibiRex Animated bundle Γëñ 104.5 KB raw (2.2s)
  Scene 8 ΓÇö HDR Glass Sphere: 70.1 KB raw (limit: 74.2 KB), 27.8 KB gzip (informational)
  Files loaded (7):
    scene8.js: 39.6 KB raw
    scene8-scene-size-CBRA6KcU.js: 0.7 KB raw
    scene8-pbr-renderable-B9TLi_-n.js: 22.3 KB raw
    scene8-scene-uniforms-FTYH6Ct0.js: 0.5 KB raw
    scene8-background-hdr-skybox-CA2TrVQY.js: 3.4 KB raw
    scene8-ibl-fragment-BfgmykuX.js: 2.6 KB raw
    scene8-singlelight-point-wgsl-B-0-2YiN.js: 0.9 KB raw
  Γ£ô   12 tests\parity\bundle-size.spec.ts:69:9 ΓÇ║ Scene 8 ΓÇö HDR Glass Sphere bundle Γëñ 74.2 KB raw (1.5s)
Full image (921600 px): MAD=0.011, within-5=100.0%
  Γ£ô   11 tests\parity\scenes\scene10-pbr-rough.spec.ts:20:5 ΓÇ║ Scene 10 ΓÇö PBR Rough Sphere matches Babylon.js reference (4.5s)
  Scene 9 ΓÇö Sponza (.babylon): 55.3 KB raw (limit: 59.9 KB), 22.4 KB gzip (informational)
  Files loaded (10):
    scene9.js: 32.6 KB raw
    scene9-generate-mipmaps-CUImEqsf.js: 2.0 KB raw
    scene9-point-light-DJ5BQy-Y.js: 1.1 KB raw
    scene9-std-ambient-fragment-Cxekaaad.js: 0.6 KB raw
    scene9-normal-map-fragment-BP7duUVm.js: 0.6 KB raw
    scene9-std-opacity-fragment-DvrCnTul.js: 0.6 KB raw
    scene9-std-specular-fragment-Dv-34Xf7.js: 0.6 KB raw
    scene9-std-reflection-fragment-c89r6al4.js: 1.1 KB raw
    scene9-wgsl-helpers-WTsokIfK.js: 1.1 KB raw
    scene9-standard-renderable-Ck3L5xl8.js: 15.1 KB raw
  Γ£ô   13 tests\parity\bundle-size.spec.ts:69:9 ΓÇ║ Scene 9 ΓÇö Sponza (.babylon) bundle Γëñ 59.9 KB raw (4.9s)
  Scene 10 ΓÇö PBR Rough Sphere: 48.3 KB raw (limit: 54.1 KB), 19.6 KB gzip (informational)
  Files loaded (3):
    scene10.js: 24.9 KB raw
    scene10-pbr-renderable-q2KMd2Fu.js: 22.7 KB raw
    scene10-singlelight-hemispheric-wgsl-ftW_j34v.js: 0.7 KB raw
  Γ£ô   15 tests\parity\bundle-size.spec.ts:69:9 ΓÇ║ Scene 10 ΓÇö PBR Rough Sphere bundle Γëñ 54.1 KB raw (735ms)
  Scene 11 ΓÇö Shark GLB: 77.6 KB raw (limit: 83.4 KB), 31.8 KB gzip (informational)
  Files loaded (11):
    scene11.js: 43.9 KB raw
    scene11-gltf-glb-parser-BdYiApo0.js: 0.5 KB raw
    scene11-gltf-ext-spec-gloss-D60sFZYX.js: 0.4 KB raw
    scene11-gltf-feature-skeleton-FgQOAhYL.js: 0.7 KB raw
    scene11-gltf-feature-animations-DGG084-L.js: 0.4 KB raw
    scene11-generate-mipmaps-DvV7WxeK.js: 1.9 KB raw
    scene11-create-skeleton-m33Du1kS.js: 0.8 KB raw
    scene11-gltf-animation-DrWgEKJV.js: 3.8 KB raw
    scene11-pbr-renderable-BNRLrRpf.js: 22.7 KB raw
    scene11-singlelight-hemispheric-wgsl-B_5gGJZS.js: 0.7 KB raw
    scene11-skeleton-fragment-N-VqzJQN.js: 1.8 KB raw
  Γ£ô   16 tests\parity\bundle-size.spec.ts:69:9 ΓÇ║ Scene 11 ΓÇö Shark GLB bundle Γëñ 83.4 KB raw (2.2s)
  Scene 12 ΓÇö PBR Shader Balls: 93.5 KB raw (limit: 99.6 KB), 37.5 KB gzip (informational)
  Files loaded (15):
    scene12.js: 51.6 KB raw
    scene12-rgbd-decode-Baow08lG.js: 2.6 KB raw
    scene12-gltf-glb-parser-BdYiApo0.js: 0.5 KB raw
    scene12-gltf-feature-skeleton-BCEC18P5.js: 0.7 KB raw
    scene12-gltf-feature-animations-C0NA1ysX.js: 0.4 KB raw
    scene12-generate-mipmaps--zPlQbNW.js: 1.7 KB raw
    scene12-create-skeleton-DAEw3lEt.js: 0.8 KB raw
    scene12-gltf-animation-B_nQPCyA.js: 3.8 KB raw
    scene12-scene-material-swap-BfoPtupw.js: 0.3 KB raw
    scene12-pbr-renderable-D0UjIS6-.js: 22.4 KB raw
    scene12-scene-uniforms-FTYH6Ct0.js: 0.5 KB raw
    scene12-ibl-fragment-BfgmykuX.js: 2.6 KB raw
    scene12-singlelight-directional-wgsl-wnrNEEIR.js: 0.7 KB raw
    scene12-reflectance-fragment-DpTgZRoM.js: 3.1 KB raw
    scene12-skeleton-fragment-ayCNGZE7.js: 1.8 KB raw
  Γ£ô   17 tests\parity\bundle-size.spec.ts:69:9 ΓÇ║ Scene 12 ΓÇö PBR Shader Balls bundle Γëñ 99.6 KB raw (1.3s)
  Scene 13 ΓÇö PBR Spheres Grid: 80.2 KB raw (limit: 88.9 KB), 32.2 KB gzip (informational)
  Files loaded (10):
    scene13.js: 43.7 KB raw
    scene13-gltf-glb-parser-BdYiApo0.js: 0.5 KB raw
    scene13-generate-mipmaps-CgRZKAGP.js: 1.7 KB raw
    scene13-rgbd-decode-Baow08lG.js: 2.6 KB raw
    scene13-background-ground-BarN7Awj.js: 5.3 KB raw
    scene13-pbr-renderable-BjWiSxkN.js: 22.4 KB raw
    scene13-wgsl-helpers-BgB2AJrF.js: 0.3 KB raw
    scene13-scene-uniforms-FTYH6Ct0.js: 0.5 KB raw
    scene13-ibl-fragment-BfgmykuX.js: 2.6 KB raw
    scene13-singlelight-hemispheric-wgsl-Do0XQQfw.js: 0.7 KB raw
  Γ£ô   18 tests\parity\bundle-size.spec.ts:69:9 ΓÇ║ Scene 13 ΓÇö PBR Spheres Grid bundle Γëñ 88.9 KB raw (1.3s)
Full image (921600 px): MAD=0.000, within-5=100.0%
  Γ£ô   14 tests\parity\scenes\scene11-shark.spec.ts:21:5 ΓÇ║ Scene 11 ΓÇö Shark GLB matches Babylon.js reference (9.0s)
Full image (921600 px): MAD=0.000
  Γ£ô   20 tests\parity\scenes\scene110-rtt-override.spec.ts:18:5 ΓÇ║ Scene 110 ΓÇö RTT with material override matches Babylon.js reference (4.1s)
  Scene 14 ΓÇö Flight Helmet: 85.1 KB raw (limit: 93.2 KB), 34.5 KB gzip (informational)
  Files loaded (12):
    scene14.js: 44.2 KB raw
    scene14-gltf-glb-parser-BdYiApo0.js: 0.5 KB raw
    scene14-generate-mipmaps-DFOQbQVa.js: 1.7 KB raw
    scene14-rgbd-decode-Baow08lG.js: 2.6 KB raw
    scene14-background-ground-hNZ8MaWl.js: 5.3 KB raw
    scene14-pbr-renderable-B4s1Wzuc.js: 22.4 KB raw
    scene14-scene-uniforms-FTYH6Ct0.js: 0.5 KB raw
    scene14-wgsl-helpers-BgB2AJrF.js: 0.3 KB raw
    scene14-ibl-fragment-BfgmykuX.js: 2.6 KB raw
    scene14-singlelight-hemispheric-wgsl-BnlSfsxA.js: 0.7 KB raw
    scene14-background-dds-skybox-CLVAsm4q.js: 3.3 KB raw
    scene14-cubemap-skybox-material-Bw31NHYp.js: 1.1 KB raw
  Γ£ô   19 tests\parity\bundle-size.spec.ts:69:9 ΓÇ║ Scene 14 ΓÇö Flight Helmet bundle Γëñ 93.2 KB raw (5.7s)
  Scene 15 ΓÇö SpotLights + Ground: 43.4 KB raw (limit: 46.5 KB), 17.3 KB gzip (informational)
  Files loaded (3):
    scene15.js: 27.0 KB raw
    scene15-standard-renderable-DITcT9Jm.js: 15.4 KB raw
    scene15-wgsl-helpers-WTsokIfK.js: 1.1 KB raw
  Γ£ô   22 tests\parity\bundle-size.spec.ts:69:9 ΓÇ║ Scene 15 ΓÇö SpotLights + Ground bundle Γëñ 46.5 KB raw (650ms)
Full image (921600 px): MAD=0.002
  Γ£ô   21 tests\parity\scenes\scene111-light-selection.spec.ts:17:5 ΓÇ║ Scene 111 ΓÇö Light Selection Stress Test matches Babylon.js reference (2.3s)
  Scene 16 ΓÇö Thin Instances: 44.1 KB raw (limit: 47.4 KB), 17.6 KB gzip (informational)
  Files loaded (5):
    scene16.js: 26.2 KB raw
    scene16-thin-instance-gpu-XMpzpHvM.js: 0.7 KB raw
    scene16-thin-instance-fragment-C6G2xA6T.js: 0.8 KB raw
    scene16-standard-renderable-Bgugta1K.js: 15.3 KB raw
    scene16-wgsl-helpers-WTsokIfK.js: 1.1 KB raw
  Γ£ô   23 tests\parity\bundle-size.spec.ts:69:9 ΓÇ║ Scene 16 ΓÇö Thin Instances bundle Γëñ 47.4 KB raw (887ms)
  Scene 17 ΓÇö PBR + Std TI: 79.0 KB raw (limit: 89.8 KB), 32.6 KB gzip (informational)
  Files loaded (11):
    scene17.js: 37.3 KB raw
    scene17-rgbd-decode-DCi_9yYh.js: 1.5 KB raw
    scene17-generate-mipmaps-Dbx1sWAV.js: 1.7 KB raw
    scene17-thin-instance-fragment-C6G2xA6T.js: 0.8 KB raw
    scene17-thin-instance-gpu-XMpzpHvM.js: 0.7 KB raw
    scene17-pbr-renderable-AF7_7nRc.js: 17.3 KB raw
    scene17-standard-renderable-DAot41Q2.js: 9.8 KB raw
    scene17-mesh-features-CmiDU-Vn.js: 5.6 KB raw
    scene17-wgsl-helpers-WTsokIfK.js: 1.1 KB raw
    scene17-ibl-fragment-BfgmykuX.js: 2.6 KB raw
    scene17-singlelight-hemispheric-wgsl-Ck1RXlCo.js: 0.7 KB raw
  Γ£ô   25 tests\parity\bundle-size.spec.ts:69:9 ΓÇ║ Scene 17 ΓÇö PBR + Std TI bundle Γëñ 89.8 KB raw (1.4s)
  Scene 18 ΓÇö PCF Shadows: 56.9 KB raw (limit: 60.6 KB), 22.6 KB gzip (informational)
  Files loaded (8):
    scene18.js: 33.7 KB raw
    scene18-generate-mipmaps-CrP1te90.js: 1.8 KB raw
    scene18-std-shadow-fragment-C4iPvy9E.js: 4.0 KB raw
    scene18-standard-renderable-nryQSSSM.js: 15.1 KB raw
    scene18-wgsl-helpers-WTsokIfK.js: 1.1 KB raw
    scene18-shadow-task-D3y_IEqY.js: 0.8 KB raw
    scene18-no-color-view-D1zdiIgC.js: 0.2 KB raw
    scene18-material-view-Dua1bl7W.js: 0.2 KB raw
  Γ£ô   26 tests\parity\bundle-size.spec.ts:69:9 ΓÇ║ Scene 18 ΓÇö PCF Shadows bundle Γëñ 60.6 KB raw (1.7s)
  Scene 19 ΓÇö PBR Clearcoat: 64.4 KB raw (limit: 69.2 KB), 26.1 KB gzip (informational)
  Files loaded (6):
    scene19.js: 31.3 KB raw
    scene19-rgbd-decode-DCi_9yYh.js: 1.5 KB raw
    scene19-pbr-renderable-DcaIz_Tn.js: 22.7 KB raw
    scene19-ibl-fragment-BfgmykuX.js: 2.6 KB raw
    scene19-singlelight-hemispheric-wgsl-C60991Md.js: 0.7 KB raw
    scene19-clearcoat-fragment-DXCWYzAc.js: 5.7 KB raw
  Γ£ô   27 tests\parity\bundle-size.spec.ts:69:9 ΓÇ║ Scene 19 ΓÇö PBR Clearcoat bundle Γëñ 69.2 KB raw (889ms)
Full image (921600 px): MAD=0.292, within-5=100.0%
  Γ£ô   24 tests\parity\scenes\scene112-khr-texture-basisu.spec.ts:15:5 ΓÇ║ Scene 112 ΓÇö KHR_texture_basisu Flight Helmet matches Babylon.js reference (4.8s)
  Scene 20 ΓÇö PBR Emissive Grid: 74.0 KB raw (limit: 80.1 KB), 30.5 KB gzip (informational)
  Files loaded (11):
    scene20.js: 34.5 KB raw
    scene20-rgbd-decode-Baow08lG.js: 2.6 KB raw
    scene20-pbr-renderable-Ba5JLQCJ.js: 22.4 KB raw
    scene20-background-ground-CzqHR_t4.js: 5.3 KB raw
    scene20-scene-uniforms-FTYH6Ct0.js: 0.5 KB raw
    scene20-wgsl-helpers-BgB2AJrF.js: 0.3 KB raw
    scene20-ibl-fragment-BfgmykuX.js: 2.6 KB raw
    scene20-singlelight-hemispheric-wgsl-mbjPT-1V.js: 0.7 KB raw
    scene20-emissive-fragment-C399zhlr.js: 0.7 KB raw
    scene20-background-dds-skybox-Cf6xo71Y.js: 3.3 KB raw
    scene20-cubemap-skybox-material-D5n0PCXG.js: 1.1 KB raw
  Γ£ô   28 tests\parity\bundle-size.spec.ts:69:9 ΓÇ║ Scene 20 ΓÇö PBR Emissive Grid bundle Γëñ 80.1 KB raw (1.5s)
Full image (921600 px): MAD=0.000, within-5=100.0%
  Γ£ô   29 tests\parity\scenes\scene113-picking-precision.spec.ts:50:5 ΓÇ║ Scene 113 ΓÇö Picking Precision matches Babylon.js reference (1.7s)
  Scene 21 ΓÇö PBR Sheen Cloth: 81.7 KB raw (limit: 89.3 KB), 32.7 KB gzip (informational)
  Files loaded (11):
    scene21.js: 43.8 KB raw
    scene21-generate-mipmaps-BdL2At9I.js: 1.7 KB raw
    scene21-rgbd-decode-Baow08lG.js: 2.6 KB raw
    scene21-gltf-glb-parser-BdYiApo0.js: 0.5 KB raw
    scene21-scene-material-swap-BfoPtupw.js: 0.3 KB raw
    scene21-background-hdr-skybox-DldAq0B6.js: 2.4 KB raw
    scene21-pbr-renderable-DkhJ1auf.js: 22.4 KB raw
    scene21-scene-uniforms-FTYH6Ct0.js: 0.5 KB raw
    scene21-cubemap-skybox-material-BAKiYHRV.js: 1.1 KB raw
    scene21-ibl-fragment-BfgmykuX.js: 2.6 KB raw
    scene21-sheen-fragment-Da6rz2n0.js: 3.8 KB raw
  Γ£ô   30 tests\parity\bundle-size.spec.ts:69:9 ΓÇ║ Scene 21 ΓÇö PBR Sheen Cloth bundle Γëñ 89.3 KB raw (1.5s)
Full image (921600 px): MAD=0.000, within-5=100.0%
  Γ£ô   31 tests\parity\scenes\scene114-morph-skeleton-picking.spec.ts:16:5 ΓÇ║ Scene 114 ΓÇö Morph/Skeleton Picking matches Babylon.js reference (1.9s)
  Scene 22 ΓÇö PBR Shadows: 90.9 KB raw (limit: 101.8 KB), 36.5 KB gzip (informational)
  Files loaded (13):
    scene22.js: 47.2 KB raw
    scene22-generate-mipmaps-D0z-eFLu.js: 1.7 KB raw
    scene22-standard-renderable-BUU68-c3.js: 9.8 KB raw
    scene22-pbr-renderable-DJHxupuG.js: 17.3 KB raw
    scene22-wgsl-helpers-WTsokIfK.js: 1.1 KB raw
    scene22-mesh-features-CmiDU-Vn.js: 5.6 KB raw
    scene22-multilight-wgsl-D8WKDJCK.js: 2.3 KB raw
    scene22-pbr-shadow-fragment-BFeG0hRF.js: 0.2 KB raw
    scene22-shadow-fragment-core-BgZG1upy.js: 4.0 KB raw
    scene22-shadow-task-B9Xloplf.js: 0.8 KB raw
    scene22-esm-shadow-view-DYtxGfcI.js: 0.6 KB raw
    scene22-no-color-view-BtzQQJzb.js: 0.2 KB raw
    scene22-material-view-Dua1bl7W.js: 0.2 KB raw
  Γ£ô   32 tests\parity\bundle-size.spec.ts:69:9 ΓÇ║ Scene 22 ΓÇö PBR Shadows bundle Γëñ 101.8 KB raw (850ms)
  Scene 23 ΓÇö PBR Anisotropy: 73.3 KB raw (limit: 78.5 KB), 29.8 KB gzip (informational)
  Files loaded (10):
    scene23.js: 32.4 KB raw
    scene23-rgbd-decode-Baow08lG.js: 2.6 KB raw
    scene23-background-ground-vEiL_Yfm.js: 5.3 KB raw
    scene23-pbr-renderable-J16RSYQF.js: 22.4 KB raw
    scene23-scene-uniforms-FTYH6Ct0.js: 0.5 KB raw
    scene23-wgsl-helpers-BgB2AJrF.js: 0.3 KB raw
    scene23-ibl-fragment-BfgmykuX.js: 2.6 KB raw
    scene23-anisotropy-fragment-CyODPlMn.js: 2.9 KB raw
    scene23-background-dds-skybox-Dj4IwYFA.js: 3.3 KB raw
    scene23-cubemap-skybox-material-DdHoXp8I.js: 1.1 KB raw
  Γ£ô   34 tests\parity\bundle-size.spec.ts:69:9 ΓÇ║ Scene 23 ΓÇö PBR Anisotropy bundle Γëñ 78.5 KB raw (879ms)
  Scene 24 ΓÇö Hill Valley: 55.4 KB raw (limit: 59.7 KB), 23.0 KB gzip (informational)
  Files loaded (12):
    scene24.js: 30.4 KB raw
    scene24-cube-texture-DWu8YwZz.js: 1.1 KB raw
    scene24-generate-mipmaps-Drut-PkZ.js: 2.0 KB raw
    scene24-point-light-BOyMOw2t.js: 1.1 KB raw
    scene24-bake-local-matrix-67U-IT8C.js: 0.5 KB raw
    scene24-parse-camera-D-kPPkqm.js: 1.8 KB raw
    scene24-std-specular-fragment-3gCF3h4N.js: 0.6 KB raw
    scene24-std-ambient-fragment-Pui5pJ7d.js: 0.6 KB raw
    scene24-std-cube-reflection-fragment-CJpCTjFB.js: 0.6 KB raw
    scene24-std-opacity-fragment-BuuLInPt.js: 0.6 KB raw
    scene24-standard-renderable-Bbg2ebRQ.js: 15.1 KB raw
    scene24-wgsl-helpers-WTsokIfK.js: 1.1 KB raw
  Γ£ô   35 tests\parity\bundle-size.spec.ts:69:9 ΓÇ║ Scene 24 ΓÇö Hill Valley bundle Γëñ 59.7 KB raw (11.0s)
Full image (921600 px): MAD=0.003, within-5=100.0%
  Γ£ô   33 tests\parity\scenes\scene115-alien-picking-frame100.spec.ts:114:5 ΓÇ║ Scene 115 - Alien precise picking at frame 100 matches Babylon.js reference (12.6s)
  Scene 25 ΓÇö KTX Texture: 48.6 KB raw (limit: 51.8 KB), 19.2 KB gzip (informational)
  Files loaded (3):
    scene25.js: 32.4 KB raw
    scene25-standard-renderable-DkKkWVLS.js: 15.1 KB raw
    scene25-wgsl-helpers-WTsokIfK.js: 1.1 KB raw
  Γ£ô   36 tests\parity\bundle-size.spec.ts:69:9 ΓÇ║ Scene 25 ΓÇö KTX Texture bundle Γëñ 51.8 KB raw (779ms)
  Scene 26 ΓÇö PBR Subsurface: 83.8 KB raw (limit: 90.7 KB), 33.7 KB gzip (informational)
  Files loaded (12):
    scene26.js: 48.5 KB raw
    scene26-generate-mipmaps-C_f_YtNc.js: 1.7 KB raw
    scene26-gltf-glb-parser-BdYiApo0.js: 0.5 KB raw
    scene26-scene-material-swap-BfoPtupw.js: 0.3 KB raw
    scene26-rgbd-decode-DCi_9yYh.js: 1.5 KB raw
    scene26-pbr-renderable-BhfW0oDW.js: 22.7 KB raw
    scene26-ibl-fragment-BfgmykuX.js: 2.6 KB raw
    scene26-ibl-skybox-wgsl-CqiGRVBe.js: 0.5 KB raw
    scene26-singlelight-point-wgsl-oPUAZA8g.js: 0.9 KB raw
    scene26-subsurface-fragment-CgBIh3pX.js: 3.3 KB raw
    scene26-emissive-fragment-D7SDxfpf.js: 0.7 KB raw
    scene26-pbr-aces-wgsl-XxSkrbTG.js: 0.6 KB raw
  Γ£ô   38 tests\parity\bundle-size.spec.ts:69:9 ΓÇ║ Scene 26 ΓÇö PBR Subsurface bundle Γëñ 90.7 KB raw (1.3s)
  Scene 27 ΓÇö Material Variants: 73.2 KB raw (limit: 79.4 KB), 29.4 KB gzip (informational)
  Files loaded (11):
    scene27.js: 38.6 KB raw
    scene27-gltf-glb-parser-BdYiApo0.js: 0.5 KB raw
    scene27-gltf-ext-dielectric-fB9ecuBG.js: 1.8 KB raw
    scene27-gltf-feature-variants-BNrgSL1O.js: 0.4 KB raw
    scene27-generate-mipmaps-DkHPEQnF.js: 1.9 KB raw
    scene27-gltf-variants-DsZO9sxR.js: 1.4 KB raw
    scene27-gltf-pbr-builder-ext-Dn4nQG9B.js: 2.0 KB raw
    scene27-texture-2d-DQo3n8D6.js: 0.0 KB raw
    scene27-pbr-renderable-DC04pVzy.js: 22.7 KB raw
    scene27-singlelight-hemispheric-wgsl-C4eiBQd3.js: 0.7 KB raw
    scene27-reflectance-fragment-DGwRlQBZ.js: 3.1 KB raw
  Γ£ô   39 tests\parity\bundle-size.spec.ts:69:9 ΓÇ║ Scene 27 ΓÇö Material Variants bundle Γëñ 79.4 KB raw (2.0s)
  Scene 28 ΓÇö Clearcoat glTF: 78.0 KB raw (limit: 84 KB), 30.9 KB gzip (informational)
  Files loaded (8):
    scene28.js: 42.0 KB raw
    scene28-gltf-ext-clearcoat-BgaLgSgD.js: 0.5 KB raw
    scene28-generate-mipmaps-BhxJVhy3.js: 1.7 KB raw
    scene28-rgbd-decode-Baow08lG.js: 2.6 KB raw
    scene28-pbr-renderable-7PPOwfxP.js: 22.4 KB raw
    scene28-scene-uniforms-FTYH6Ct0.js: 0.5 KB raw
    scene28-ibl-fragment-BfgmykuX.js: 2.6 KB raw
    scene28-clearcoat-fragment-BmliuAZf.js: 5.7 KB raw
  Γ£ô   40 tests\parity\bundle-size.spec.ts:69:9 ΓÇ║ Scene 28 ΓÇö Clearcoat glTF bundle Γëñ 84 KB raw (853ms)
Full image (921600 px): MAD=0.000
  Γ£ô   37 tests\parity\scenes\scene116-shadow-depth-materials.spec.ts:17:5 ΓÇ║ Scene 116 - Shadow Depth Materials matches Babylon.js reference (4.9s)
  Scene 29 ΓÇö Sheen Cloth glTF: 80.5 KB raw (limit: 87.4 KB), 32.6 KB gzip (informational)
  Files loaded (13):
    scene29.js: 42.0 KB raw
    scene29-gltf-ext-sheen-Cje8BD0o.js: 0.3 KB raw
    scene29-gltf-ext-uv-transform-tUSEOqA7.js: 0.4 KB raw
    scene29-texture-2d-DQo3n8D6.js: 0.0 KB raw
    scene29-generate-mipmaps-DSv3346x.js: 1.7 KB raw
    scene29-gltf-pbr-builder-ext-Dh5q6a0b.js: 2.0 KB raw
    scene29-rgbd-decode-Baow08lG.js: 2.6 KB raw
    scene29-pbr-renderable-CDVu73CS.js: 22.4 KB raw
    scene29-scene-uniforms-FTYH6Ct0.js: 0.5 KB raw
    scene29-ibl-fragment-BfgmykuX.js: 2.6 KB raw
    scene29-sheen-fragment-DLIVBjEy.js: 3.8 KB raw
    scene29-uv-transform-fragment-BJnSYzXA.js: 0.6 KB raw
    scene29-pbr-template-ext-B00NeHp4.js: 1.5 KB raw
  Γ£ô   41 tests\parity\bundle-size.spec.ts:69:9 ΓÇ║ Scene 29 ΓÇö Sheen Cloth glTF bundle Γëñ 87.4 KB raw (1.3s)
  Scene 30 ΓÇö KHR_materials_volume_testing: 93.7 KB raw (limit: 94 KB), 37.8 KB gzip (informational)
  Files loaded (17):
    scene30.js: 41.8 KB raw
    scene30-rgbd-decode-Baow08lG.js: 2.6 KB raw
    scene30-gltf-glb-parser-BdYiApo0.js: 0.5 KB raw
    scene30-gltf-feature-draco-Dp1Q_d-R.js: 2.0 KB raw
    scene30-gltf-ext-dielectric-fB9ecuBG.js: 1.8 KB raw
    scene30-gltf-ext-uv-transform-DQN5DAiE.js: 0.4 KB raw
    scene30-texture-2d-DQo3n8D6.js: 0.0 KB raw
    scene30-generate-mipmaps-CwN2QvZ3.js: 1.7 KB raw
    scene30-gltf-pbr-builder-ext-kE24Du8h.js: 2.0 KB raw
    scene30-pbr-renderable-PhQJev-G.js: 22.4 KB raw
    scene30-scene-uniforms-FTYH6Ct0.js: 0.5 KB raw
    scene30-ibl-fragment-BfgmykuX.js: 2.6 KB raw
    scene30-alpha-test-fragment-CYYy-p8Y.js: 0.3 KB raw
    scene30-pbr-refraction-pZZi5w--.js: 0.2 KB raw
    scene30-pbr-transmission-ext-CPvxJnph.js: 12.8 KB raw
    scene30-uv-transform-fragment-BJnSYzXA.js: 0.6 KB raw
    scene30-pbr-template-ext-B00NeHp4.js: 1.5 KB raw
  Γ£ô   43 tests\parity\bundle-size.spec.ts:69:9 ΓÇ║ Scene 30 ΓÇö KHR_materials_volume_testing bundle Γëñ 94 KB raw (1.5s)
  Scene 31 ΓÇö KHR_materials_emissive_strength: 73.3 KB raw (limit: 78.2 KB), 29.3 KB gzip (informational)
  Files loaded (9):
    scene31.js: 42.1 KB raw
    scene31-gltf-glb-parser-BdYiApo0.js: 0.5 KB raw
    scene31-gltf-ext-emissive-strength-CButLZnK.js: 0.2 KB raw
    scene31-generate-mipmaps-BUcZGzTs.js: 1.7 KB raw
    scene31-rgbd-decode-Baow08lG.js: 2.6 KB raw
    scene31-pbr-renderable-CEaEeEvi.js: 22.4 KB raw
    scene31-scene-uniforms-FTYH6Ct0.js: 0.5 KB raw
    scene31-ibl-fragment-BfgmykuX.js: 2.6 KB raw
    scene31-emissive-fragment-C67xzXHp.js: 0.7 KB raw
  Γ£ô   44 tests\parity\bundle-size.spec.ts:69:9 ΓÇ║ Scene 31 ΓÇö KHR_materials_emissive_strength bundle Γëñ 78.2 KB raw (961ms)
  Scene 32 ΓÇö KHR_materials_unlit: 73.1 KB raw (limit: 78.1 KB), 29.3 KB gzip (informational)
  Files loaded (9):
    scene32.js: 42.1 KB raw
    scene32-gltf-glb-parser-BdYiApo0.js: 0.5 KB raw
    scene32-gltf-ext-unlit-1vUYfF7v.js: 0.2 KB raw
    scene32-generate-mipmaps-DeNEHWnM.js: 1.7 KB raw
    scene32-rgbd-decode-Baow08lG.js: 2.6 KB raw
    scene32-pbr-renderable-BmdQMlpQ.js: 22.4 KB raw
    scene32-scene-uniforms-FTYH6Ct0.js: 0.5 KB raw
    scene32-ibl-fragment-BfgmykuX.js: 2.6 KB raw
    scene32-unlit-fragment-BFCcwj1w.js: 0.6 KB raw
  Γ£ô   45 tests\parity\bundle-size.spec.ts:69:9 ΓÇ║ Scene 32 ΓÇö KHR_materials_unlit bundle Γëñ 78.1 KB raw (1.0s)
Full image (921600 px): MAD=0.025, within-5=100.0%
  Γ£ô   42 tests\parity\scenes\scene12-shader-balls.spec.ts:22:5 ΓÇ║ Scene 12 ΓÇö PBR Shader Balls matches Babylon.js reference (5.5s)
  Scene 33 ΓÇö KHR_lights_punctual: 92.2 KB raw (limit: 93 KB), 36.9 KB gzip (informational)
  Files loaded (14):
    scene33.js: 42.1 KB raw
    scene33-gltf-glb-parser-BdYiApo0.js: 0.5 KB raw
    scene33-gltf-ext-dielectric-fB9ecuBG.js: 1.8 KB raw
    scene33-gltf-feature-lights-punctual-Bje_v2lN.js: 1.5 KB raw
    scene33-generate-mipmaps-ZS3zgmeG.js: 1.7 KB raw
    scene33-point-light-B2KwGlb8.js: 0.7 KB raw
    scene33-light-base-Dko_cCEY.js: 0.5 KB raw
    scene33-rgbd-decode-Baow08lG.js: 2.6 KB raw
    scene33-pbr-renderable-CsB-ZVo1.js: 22.4 KB raw
    scene33-scene-uniforms-FTYH6Ct0.js: 0.5 KB raw
    scene33-ibl-fragment-BfgmykuX.js: 2.6 KB raw
    scene33-multilight-wgsl-WMFYMxiS.js: 2.3 KB raw
    scene33-pbr-refraction-DyCvDUOP.js: 0.2 KB raw
    scene33-pbr-transmission-ext-5-p22m8G.js: 12.8 KB raw
  Γ£ô   46 tests\parity\bundle-size.spec.ts:69:9 ΓÇ║ Scene 33 ΓÇö KHR_lights_punctual bundle Γëñ 93 KB raw (1.6s)
  Scene 34 ΓÇö KHR_node_visibility + KHR_animation_pointer: 83.1 KB raw (limit: 88.5 KB), 33.9 KB gzip (informational)
  Files loaded (12):
    scene34.js: 47.0 KB raw
    scene34-gltf-glb-parser-BdYiApo0.js: 0.5 KB raw
    scene34-gltf-feature-animations-ButLUf67.js: 0.4 KB raw
    scene34-gltf-ext-node-visibility-B4JwTDbS.js: 0.3 KB raw
    scene34-gltf-feature-animation-pointer-Cjhe50JW.js: 1.2 KB raw
    scene34-visibility-DOJqaQ7y.js: 0.2 KB raw
    scene34-gltf-animation-B-E9Gz7r.js: 3.8 KB raw
    scene34-generate-mipmaps-D5I8ocCF.js: 1.7 KB raw
    scene34-rgbd-decode-Baow08lG.js: 2.6 KB raw
    scene34-pbr-renderable-C8d0Z3PN.js: 22.4 KB raw
    scene34-scene-uniforms-FTYH6Ct0.js: 0.5 KB raw
    scene34-ibl-fragment-BfgmykuX.js: 2.6 KB raw
  Γ£ô   48 tests\parity\bundle-size.spec.ts:69:9 ΓÇ║ Scene 34 ΓÇö KHR_node_visibility + KHR_animation_pointer bundle Γëñ 88.5 KB raw (1.0s)
  Scene 35 ΓÇö EXT_mesh_gpu_instancing: 75.8 KB raw (limit: 81.1 KB), 30.4 KB gzip (informational)
  Files loaded (10):
    scene35.js: 42.1 KB raw
    scene35-gltf-glb-parser-BdYiApo0.js: 0.5 KB raw
    scene35-gltf-feature-gpu-instancing-DCcayUcD.js: 2.0 KB raw
    scene35-generate-mipmaps-DTNZuC5Y.js: 1.7 KB raw
    scene35-rgbd-decode-Baow08lG.js: 2.6 KB raw
    scene35-pbr-renderable-BEehMfLM.js: 22.4 KB raw
    scene35-scene-uniforms-FTYH6Ct0.js: 0.5 KB raw
    scene35-ibl-fragment-BfgmykuX.js: 2.6 KB raw
    scene35-thin-instance-fragment-C6G2xA6T.js: 0.8 KB raw
    scene35-thin-instance-gpu-XMpzpHvM.js: 0.7 KB raw
  Γ£ô   49 tests\parity\bundle-size.spec.ts:69:9 ΓÇ║ Scene 35 ΓÇö EXT_mesh_gpu_instancing bundle Γëñ 81.1 KB raw (1.4s)
  Scene 36 ΓÇö Basis Universal Texture: 47.7 KB raw (limit: 51.1 KB), 18.7 KB gzip (informational)
  Files loaded (4):
    scene36.js: 30.9 KB raw
    scene36-std-emissive-fragment-BNJ_WIUU.js: 0.6 KB raw
    scene36-standard-renderable-CRluO43x.js: 15.1 KB raw
    scene36-wgsl-helpers-WTsokIfK.js: 1.1 KB raw
  Γ£ô   50 tests\parity\bundle-size.spec.ts:69:9 ΓÇ║ Scene 36 ΓÇö Basis Universal Texture bundle Γëñ 51.1 KB raw (1.0s)
  Scene 37 ΓÇö Sheen Wood Leather Sofa: 86.0 KB raw (limit: 92.9 KB), 34.7 KB gzip (informational)
  Files loaded (16):
    scene37.js: 42.1 KB raw
    scene37-gltf-glb-parser-BdYiApo0.js: 0.5 KB raw
    scene37-gltf-ext-sheen-Cje8BD0o.js: 0.3 KB raw
    scene37-gltf-ext-dielectric-fB9ecuBG.js: 1.8 KB raw
    scene37-gltf-ext-uv-transform-hVTzf5Q9.js: 0.4 KB raw
    scene37-texture-2d-DQo3n8D6.js: 0.0 KB raw
    scene37-generate-mipmaps-BkYcbhEy.js: 1.7 KB raw
    scene37-gltf-pbr-builder-ext-BsxR9Yvm.js: 2.0 KB raw
    scene37-rgbd-decode-Baow08lG.js: 2.6 KB raw
    scene37-pbr-renderable-D8Utc8Vy.js: 22.4 KB raw
    scene37-scene-uniforms-FTYH6Ct0.js: 0.5 KB raw
    scene37-ibl-fragment-BfgmykuX.js: 2.6 KB raw
    scene37-reflectance-fragment-DEvCynr2.js: 3.1 KB raw
    scene37-sheen-fragment-sDE6jCzJ.js: 3.8 KB raw
    scene37-uv-transform-fragment-BJnSYzXA.js: 0.6 KB raw
    scene37-pbr-template-ext-B00NeHp4.js: 1.5 KB raw
  Γ£ô   51 tests\parity\bundle-size.spec.ts:69:9 ΓÇ║ Scene 37 ΓÇö Sheen Wood Leather Sofa bundle Γëñ 92.9 KB raw (1.9s)
  Scene 38 ΓÇö Procedural Builders: 57.8 KB raw (limit: 62.3 KB), 22.6 KB gzip (informational)
  Files loaded (3):
    scene38.js: 41.4 KB raw
    scene38-standard-renderable-BO-cbwyB.js: 15.4 KB raw
    scene38-wgsl-helpers-WTsokIfK.js: 1.1 KB raw
  Γ£ô   52 tests\parity\bundle-size.spec.ts:69:9 ΓÇ║ Scene 38 ΓÇö Procedural Builders bundle Γëñ 62.3 KB raw (759ms)
  Scene 40 ΓÇö Physics: 45.0 KB raw (limit: 48.2 KB), 18.0 KB gzip (informational)
  Files loaded (3):
    scene40.js: 28.5 KB raw
    scene40-standard-renderable-D_loqKQ0.js: 15.4 KB raw
    scene40-wgsl-helpers-WTsokIfK.js: 1.1 KB raw
  Γ£ô   53 tests\parity\bundle-size.spec.ts:69:9 ΓÇ║ Scene 40 ΓÇö Physics bundle Γëñ 48.2 KB raw (1.9s)
Full image (921600 px): MAD=0.019  within1=99.7%
  Γ£ô   47 tests\parity\scenes\scene120-gaussian-splatting.spec.ts:23:5 ΓÇ║ Scene 120 ΓÇö Gaussian Splatting matches Babylon.js reference (8.8s)
  Scene 50 ΓÇö Sprite Grid: 15.3 KB raw (limit: 20 KB), 6.5 KB gzip (informational)
  Files loaded (1):
    scene50.js: 15.3 KB raw
  Γ£ô   54 tests\parity\bundle-size.spec.ts:69:9 ΓÇ║ Scene 50 ΓÇö Sprite Grid bundle Γëñ 20 KB raw (782ms)
  Scene 51 ΓÇö Soft-Edged Sprite Grid (Premultiplied): 15.2 KB raw (limit: 20 KB), 6.4 KB gzip (informational)
  Files loaded (1):
    scene51.js: 15.2 KB raw
  Γ£ô   56 tests\parity\bundle-size.spec.ts:69:9 ΓÇ║ Scene 51 ΓÇö Soft-Edged Sprite Grid (Premultiplied) bundle Γëñ 20 KB raw (633ms)
  Scene 52 ΓÇö HUD on 3D: 54.4 KB raw (limit: 60 KB), 21.6 KB gzip (informational)
  Files loaded (3):
    scene52.js: 38.2 KB raw
    scene52-standard-renderable-C-5lG_Eo.js: 15.1 KB raw
    scene52-wgsl-helpers-WTsokIfK.js: 1.1 KB raw
  Γ£ô   57 tests\parity\bundle-size.spec.ts:69:9 ΓÇ║ Scene 52 ΓÇö HUD on 3D bundle Γëñ 60 KB raw (669ms)
  Scene 53 ΓÇö Depth-Hosted Sprites Mixed With 3D: 54.7 KB raw (limit: 60 KB), 21.5 KB gzip (informational)
  Files loaded (3):
    scene53.js: 38.5 KB raw
    scene53-standard-renderable-C5MO6vZC.js: 15.1 KB raw
    scene53-wgsl-helpers-WTsokIfK.js: 1.1 KB raw
  Γ£ô   58 tests\parity\bundle-size.spec.ts:69:9 ΓÇ║ Scene 53 ΓÇö Depth-Hosted Sprites Mixed With 3D bundle Γëñ 60 KB raw (660ms)
  Scene 54 ΓÇö Facing Billboards: 56.3 KB raw (limit: 65 KB), 22.6 KB gzip (informational)
  Files loaded (5):
    scene54.js: 32.1 KB raw
    scene54-standard-renderable-CU1tGsPs.js: 14.7 KB raw
    scene54-billboard-renderable-QQUI0eVq.js: 7.9 KB raw
    scene54-wgsl-helpers-WTsokIfK.js: 1.1 KB raw
    scene54-scene-uniforms-FTYH6Ct0.js: 0.5 KB raw
  Γ£ô   59 tests\parity\bundle-size.spec.ts:69:9 ΓÇ║ Scene 54 ΓÇö Facing Billboards bundle Γëñ 65 KB raw (678ms)
  Scene 55 ΓÇö Billboard Sorting: 29.6 KB raw (limit: 35 KB), 12.1 KB gzip (informational)
  Files loaded (2):
    scene55.js: 21.3 KB raw
    scene55-billboard-renderable-BH7uK7--.js: 8.2 KB raw
  Γ£ô   60 tests\parity\bundle-size.spec.ts:69:9 ΓÇ║ Scene 55 ΓÇö Billboard Sorting bundle Γëñ 35 KB raw (687ms)
  Scene 56 ΓÇö Axis-Locked Billboards: 56.5 KB raw (limit: 65 KB), 22.7 KB gzip (informational)
  Files loaded (5):
    scene56.js: 32.4 KB raw
    scene56-standard-renderable-Bs5X9pXC.js: 14.7 KB raw
    scene56-billboard-renderable-CtdNn7sE.js: 7.9 KB raw
    scene56-wgsl-helpers-WTsokIfK.js: 1.1 KB raw
    scene56-scene-uniforms-FTYH6Ct0.js: 0.5 KB raw
  Γ£ô   61 tests\parity\bundle-size.spec.ts:69:9 ΓÇ║ Scene 56 ΓÇö Axis-Locked Billboards bundle Γëñ 65 KB raw (643ms)
  Scene 57 ΓÇö Cutout Billboards: 56.5 KB raw (limit: 65 KB), 22.7 KB gzip (informational)
  Files loaded (5):
    scene57.js: 32.4 KB raw
    scene57-standard-renderable-DxRlKLyE.js: 14.7 KB raw
    scene57-billboard-renderable-BjXu_S6W.js: 7.9 KB raw
    scene57-wgsl-helpers-WTsokIfK.js: 1.1 KB raw
    scene57-scene-uniforms-FTYH6Ct0.js: 0.5 KB raw
  Γ£ô   62 tests\parity\bundle-size.spec.ts:69:9 ΓÇ║ Scene 57 ΓÇö Cutout Billboards bundle Γëñ 65 KB raw (693ms)
  Scene 58 ΓÇö Sprite2D Animation: 18.5 KB raw (limit: 25 KB), 7.5 KB gzip (informational)
  Files loaded (1):
    scene58.js: 18.5 KB raw
  Γ£ô   63 tests\parity\bundle-size.spec.ts:69:9 ΓÇ║ Scene 58 ΓÇö Sprite2D Animation bundle Γëñ 25 KB raw (619ms)
  Scene 59 ΓÇö Billboard Sprite Animation: 59.6 KB raw (limit: 70 KB), 23.7 KB gzip (informational)
  Files loaded (5):
    scene59.js: 35.4 KB raw
    scene59-standard-renderable-mfafKYUE.js: 14.7 KB raw
    scene59-billboard-renderable-DORGl5Rt.js: 7.9 KB raw
    scene59-wgsl-helpers-WTsokIfK.js: 1.1 KB raw
    scene59-scene-uniforms-FTYH6Ct0.js: 0.5 KB raw
  Γ£ô   64 tests\parity\bundle-size.spec.ts:69:9 ΓÇ║ Scene 59 ΓÇö Billboard Sprite Animation bundle Γëñ 70 KB raw (730ms)
  Scene 60 ΓÇö NME Flat Colour: 53.8 KB raw (limit: 60 KB), 21.5 KB gzip (informational)
  Files loaded (8):
    scene60.js: 43.3 KB raw
    scene60-node-registry-FXngXg4h.js: 6.0 KB raw
    scene60-input-block-Dx-s01X8.js: 1.9 KB raw
    scene60-transform-block-CTO4A4d-.js: 0.6 KB raw
    scene60-vertex-output-C7G5u6Y0.js: 0.2 KB raw
    scene60-fragment-output-CfRmfbPv.js: 0.6 KB raw
    scene60-_math-factory-DFVyS8gB.js: 0.8 KB raw
    scene60-node-renderable--zWEG9Uq.js: 4.5 KB raw
  Γ£ô   65 tests\parity\bundle-size.spec.ts:69:9 ΓÇ║ Scene 60 ΓÇö NME Flat Colour bundle Γëñ 60 KB raw (708ms)
Full image (921600 px): MAD=0.007  within1=100.0%
  Γ£ô   55 tests\parity\scenes\scene121-gs-update-data.spec.ts:18:5 ΓÇ║ Scene 121 ΓÇö Gaussian Splatting updateData matches Babylon.js reference (7.2s)
  Scene 61 ΓÇö NME Normal As Color: 52.7 KB raw (limit: 60 KB), 22.0 KB gzip (informational)
  Files loaded (10):
    scene61.js: 45.2 KB raw
    scene61-node-registry-CNVAcHSt.js: 6.0 KB raw
    scene61-input-block-DpRZ-Ft1.js: 1.9 KB raw
    scene61-transform-block-CNLo7x5_.js: 0.6 KB raw
    scene61-vertex-output-C7G5u6Y0.js: 0.2 KB raw
    scene61-scale-block-6qtIvFiz.js: 0.2 KB raw
    scene61-add-block-TSWvZugz.js: 0.1 KB raw
    scene61-fragment-output-CfRmfbPv.js: 0.6 KB raw
    scene61-_math-factory-DFVyS8gB.js: 0.8 KB raw
    scene61-node-renderable-CGiO-GKl.js: 4.5 KB raw
  Γ£ô   66 tests\parity\bundle-size.spec.ts:69:9 ΓÇ║ Scene 61 ΓÇö NME Normal As Color bundle Γëñ 60 KB raw (749ms)
  Scene 62 ΓÇö NME Diffuse Texture: 58.4 KB raw (limit: 63 KB), 24.0 KB gzip (informational)
  Files loaded (10):
    scene62.js: 46.1 KB raw
    scene62-generate-mipmaps-pBtPea8u.js: 1.8 KB raw
    scene62-node-registry-CDqYzzqf.js: 6.0 KB raw
    scene62-input-block-BgDpnyI_.js: 1.9 KB raw
    scene62-transform-block-BSlYzxBO.js: 0.6 KB raw
    scene62-vertex-output-C7G5u6Y0.js: 0.2 KB raw
    scene62-texture-block-qpJiHpPr.js: 1.4 KB raw
    scene62-fragment-output-CfRmfbPv.js: 0.6 KB raw
    scene62-_math-factory-DFVyS8gB.js: 0.8 KB raw
    scene62-node-renderable-lQqky7rX.js: 4.5 KB raw
  Γ£ô   68 tests\parity\bundle-size.spec.ts:69:9 ΓÇ║ Scene 62 ΓÇö NME Diffuse Texture bundle Γëñ 63 KB raw (802ms)
  Scene 63 ΓÇö NME Directional Light: 56.7 KB raw (limit: 64 KB), 23.3 KB gzip (informational)
  Files loaded (9):
    scene63.js: 46.0 KB raw
    scene63-node-registry-BAXbUqIH.js: 6.0 KB raw
    scene63-input-block-DtZeDmLA.js: 1.9 KB raw
    scene63-transform-block-CvEP0L-h.js: 0.6 KB raw
    scene63-light-block-DmaCaNJp.js: 2.6 KB raw
    scene63-vertex-output-C7G5u6Y0.js: 0.2 KB raw
    scene63-fragment-output-CfRmfbPv.js: 0.6 KB raw
    scene63-_math-factory-DFVyS8gB.js: 0.8 KB raw
    scene63-node-renderable-BqHZt_Vd.js: 4.5 KB raw
  Γ£ô   69 tests\parity\bundle-size.spec.ts:69:9 ΓÇ║ Scene 63 ΓÇö NME Directional Light bundle Γëñ 64 KB raw (657ms)
  Scene 64 ΓÇö NME Morph Targets: 55.2 KB raw (limit: 65 KB), 22.3 KB gzip (informational)
  Files loaded (9):
    scene64.js: 44.5 KB raw
    scene64-node-registry-DAXeLBV6.js: 6.0 KB raw
    scene64-input-block-CmvPVsv0.js: 1.9 KB raw
    scene64-morph-targets-CsnL5CDS.js: 0.6 KB raw
    scene64-transform-block-C-HoggRW.js: 0.6 KB raw
    scene64-vertex-output-C7G5u6Y0.js: 0.2 KB raw
    scene64-fragment-output-CfRmfbPv.js: 0.6 KB raw
    scene64-_math-factory-DFVyS8gB.js: 0.8 KB raw
    scene64-node-renderable-o4Zmwrow.js: 4.5 KB raw
  Γ£ô   70 tests\parity\bundle-size.spec.ts:69:9 ΓÇ║ Scene 64 ΓÇö NME Morph Targets bundle Γëñ 65 KB raw (615ms)
  Scene 65 ΓÇö NME Shadow Receive: 72.7 KB raw (limit: 80 KB), 29.3 KB gzip (informational)
  Files loaded (14):
    scene65.js: 55.5 KB raw
    scene65-node-registry-BGuwpNSf.js: 6.0 KB raw
    scene65-input-block-nestxI4l.js: 1.9 KB raw
    scene65-transform-block-DDRhlmcT.js: 0.6 KB raw
    scene65-vertex-output-C7G5u6Y0.js: 0.2 KB raw
    scene65-light-block-Cu2MSwjJ.js: 2.6 KB raw
    scene65-fragment-output-CfRmfbPv.js: 0.6 KB raw
    scene65-_math-factory-DFVyS8gB.js: 0.8 KB raw
    scene65-node-shadow-DGK1QqE_.js: 4.7 KB raw
    scene65-node-renderable-u1QhW1hD.js: 4.6 KB raw
    scene65-node-flags-3CD_c1Kp.js: 0.0 KB raw
    scene65-shadow-task-_DG5nftP.js: 0.8 KB raw
    scene65-esm-shadow-view-nmD0JCiO.js: 0.6 KB raw
    scene65-material-view-Dua1bl7W.js: 0.2 KB raw
  Γ£ô   71 tests\parity\bundle-size.spec.ts:69:9 ΓÇ║ Scene 65 ΓÇö NME Shadow Receive bundle Γëñ 80 KB raw (655ms)
  Scene 66 ΓÇö NME Full Playground (AT7YY5#6): 87.2 KB raw (limit: 99 KB), 39.8 KB gzip (informational)
  Files loaded (37):
    scene66.js: 57.2 KB raw
    scene66-generate-mipmaps-D7MjUuq6.js: 1.8 KB raw
    scene66-node-registry-D6yaz49s.js: 6.0 KB raw
    scene66-vertex-output-C7G5u6Y0.js: 0.2 KB raw
    scene66-transform-block-CSMiS9fY.js: 0.6 KB raw
    scene66-morph-targets-CsnL5CDS.js: 0.6 KB raw
    scene66-input-block-BKxsuJgd.js: 1.9 KB raw
    scene66-bones-block-17BsH0Oj.js: 0.6 KB raw
    scene66-instances-block-ClV6QcvR.js: 0.1 KB raw
    scene66-fog-block-Dv6mnoZu.js: 0.8 KB raw
    scene66-max-block-Daau2SgS.js: 0.1 KB raw
    scene66-lerp-block-C-aAgJ4A.js: 0.3 KB raw
    scene66-add-block-CDksYOyn.js: 0.1 KB raw
    scene66-reflection-texture-block-DVZpi6Yq.js: 1.5 KB raw
    scene66-normalize-block-i-7IPb6A.js: 0.1 KB raw
    scene66-perturb-normal-Bqx-TYaB.js: 1.0 KB raw
    scene66-texture-block-qpJiHpPr.js: 1.4 KB raw
    scene66-negate-block--YegGQDT.js: 0.1 KB raw
    scene66-multiply-block-DVIBX1Qz.js: 0.1 KB raw
    scene66-oneminus-block-C_JubHUo.js: 0.1 KB raw
    scene66-front-facing-BE20bXNF.js: 0.2 KB raw
    scene66-light-block-DXotWUTS.js: 2.6 KB raw
    scene66-color-splitter-BK-XgtrJ.js: 0.6 KB raw
    scene66-clamp-block-DtZ4WkFX.js: 0.5 KB raw
    scene66-fragment-output-CfRmfbPv.js: 0.6 KB raw
    scene66-vector-merger-YcC3xFyg.js: 0.8 KB raw
    scene66-vector-splitter-BMf4DQi8.js: 0.6 KB raw
    scene66-dot-block-DJC7HnJr.js: 0.3 KB raw
    scene66-discard-block-C8ZjFVJk.js: 0.5 KB raw
    scene66-subtract-block-Hxi-scSa.js: 0.1 KB raw
    scene66-_math-factory-DFVyS8gB.js: 0.8 KB raw
    scene66-node-shadow-fpSaAatb.js: 4.7 KB raw
    scene66-node-renderable-DgjMLEMI.js: 4.6 KB raw
    scene66-node-flags-3CD_c1Kp.js: 0.0 KB raw
    scene66-shadow-task-DCsxdfRq.js: 0.8 KB raw
    scene66-no-color-view-CIGis567.js: 0.2 KB raw
    scene66-material-view-Dua1bl7W.js: 0.2 KB raw
  Γ£ô   72 tests\parity\bundle-size.spec.ts:69:9 ΓÇ║ Scene 66 ΓÇö NME Full Playground (AT7YY5#6) bundle Γëñ 99 KB raw (886ms)
  Scene 67 ΓÇö NME PBR Core: 74.3 KB raw (limit: 95 KB), 30.8 KB gzip (informational)
  Files loaded (13):
    scene67.js: 55.1 KB raw
    scene67-rgbd-decode-Baow08lG.js: 2.6 KB raw
    scene67-node-registry-B852mqOf.js: 6.0 KB raw
    scene67-input-block-C3R5NLd7.js: 1.9 KB raw
    scene67-transform-block-rM3lkwUr.js: 0.6 KB raw
    scene67-reflection-block-CIXuH-z0.js: 0.1 KB raw
    scene67-vertex-output-C7G5u6Y0.js: 0.2 KB raw
    scene67-pbr-metallic-roughness-block-DO8GQS6Y.js: 2.6 KB raw
    scene67-fragment-output-CfRmfbPv.js: 0.6 KB raw
    scene67-_math-factory-DFVyS8gB.js: 0.8 KB raw
    scene67-pbr-mr-helper-core-CJZPYcnZ.js: 7.9 KB raw
    scene67-node-env-9-digQG0.js: 1.1 KB raw
    scene67-node-renderable-DUlC3K9I.js: 4.5 KB raw
  Γ£ô   73 tests\parity\bundle-size.spec.ts:69:9 ΓÇ║ Scene 67 ΓÇö NME PBR Core bundle Γëñ 95 KB raw (885ms)
  Scene 68 ΓÇö NME PBR Clearcoat: 84.9 KB raw (limit: 96 KB), 34.2 KB gzip (informational)
  Files loaded (13):
    scene68.js: 56.7 KB raw
    scene68-rgbd-decode-Baow08lG.js: 2.6 KB raw
    scene68-node-registry-6r2nj24I.js: 6.0 KB raw
    scene68-input-block-CMznN6K7.js: 1.9 KB raw
    scene68-transform-block-W9o3XBNz.js: 0.6 KB raw
    scene68-vertex-output-C7G5u6Y0.js: 0.2 KB raw
    scene68-reflection-block-CIXuH-z0.js: 0.1 KB raw
    scene68-clearcoat-block-BPLkmxQ1.js: 0.2 KB raw
    scene68-pbr-metallic-roughness-block-full-REdypJq2.js: 21.2 KB raw
    scene68-fragment-output-CfRmfbPv.js: 0.6 KB raw
    scene68-_math-factory-DFVyS8gB.js: 0.8 KB raw
    scene68-node-env-9-digQG0.js: 1.1 KB raw
    scene68-node-renderable-Ckgym-0p.js: 4.5 KB raw
  Γ£ô   74 tests\parity\bundle-size.spec.ts:69:9 ΓÇ║ Scene 68 ΓÇö NME PBR Clearcoat bundle Γëñ 96 KB raw (1.2s)
  Scene 69 ΓÇö NME PBR Sheen: 84.3 KB raw (limit: 98 KB), 34.4 KB gzip (informational)
  Files loaded (14):
    scene69.js: 57.9 KB raw
    scene69-rgbd-decode-Baow08lG.js: 2.6 KB raw
    scene69-node-registry-wiJtxvXS.js: 6.0 KB raw
    scene69-input-block-DlAP62bA.js: 1.9 KB raw
    scene69-transform-block-9HPeqD3I.js: 0.6 KB raw
    scene69-vertex-output-C7G5u6Y0.js: 0.2 KB raw
    scene69-reflection-block-CIXuH-z0.js: 0.1 KB raw
    scene69-clearcoat-block-BPLkmxQ1.js: 0.2 KB raw
    scene69-sheen-block-DPtS9jU8.js: 0.1 KB raw
    scene69-pbr-metallic-roughness-block-full-CX07wwYq.js: 21.2 KB raw
    scene69-fragment-output-CfRmfbPv.js: 0.6 KB raw
    scene69-_math-factory-DFVyS8gB.js: 0.8 KB raw
    scene69-node-env-9-digQG0.js: 1.1 KB raw
    scene69-node-renderable-CnGHShF_.js: 4.5 KB raw
  Γ£ô   75 tests\parity\bundle-size.spec.ts:69:9 ΓÇ║ Scene 69 ΓÇö NME PBR Sheen bundle Γëñ 98 KB raw (781ms)
  Scene 70 ΓÇö NME PBR Anisotropy: 84.7 KB raw (limit: 100 KB), 35.0 KB gzip (informational)
  Files loaded (15):
    scene70.js: 58.8 KB raw
    scene70-rgbd-decode-Baow08lG.js: 2.6 KB raw
    scene70-node-registry-DKWxDoAp.js: 6.0 KB raw
    scene70-transform-block-C-Fv9v1c.js: 0.6 KB raw
    scene70-input-block-Db0MJXes.js: 1.9 KB raw
    scene70-vertex-output-C7G5u6Y0.js: 0.2 KB raw
    scene70-reflection-block-CIXuH-z0.js: 0.1 KB raw
    scene70-clearcoat-block-BPLkmxQ1.js: 0.2 KB raw
    scene70-anisotropy-block-DShn3fIV.js: 0.2 KB raw
    scene70-perturb-normal-Bqx-TYaB.js: 1.0 KB raw
    scene70-pbr-metallic-roughness-block-full-E5QfYS5u.js: 21.2 KB raw
    scene70-fragment-output-CfRmfbPv.js: 0.6 KB raw
    scene70-_math-factory-DFVyS8gB.js: 0.8 KB raw
    scene70-node-env-9-digQG0.js: 1.1 KB raw
    scene70-node-renderable-BW9QrnKF.js: 4.5 KB raw
  Γ£ô   76 tests\parity\bundle-size.spec.ts:69:9 ΓÇ║ Scene 70 ΓÇö NME PBR Anisotropy bundle Γëñ 100 KB raw (765ms)
Full image (921600 px): MAD=0.011  within1=100.0%
  Γ£ô   67 tests\parity\scenes\scene122-gs-sog.spec.ts:23:5 ΓÇ║ Scene 122 ΓÇö Gaussian Splatting SOG matches Babylon.js reference (8.2s)
  Scene 71 ΓÇö NME PBR SubSurface: 84.5 KB raw (limit: 100 KB), 34.4 KB gzip (informational)
  Files loaded (14):
    scene71.js: 57.7 KB raw
    scene71-rgbd-decode-Baow08lG.js: 2.6 KB raw
    scene71-node-registry-BeZOcrab.js: 6.0 KB raw
    scene71-transform-block-DmQXXRvt.js: 0.6 KB raw
    scene71-vertex-output-C7G5u6Y0.js: 0.2 KB raw
    scene71-refraction-block-CNhcdLis.js: 0.1 KB raw
    scene71-reflection-block-CIXuH-z0.js: 0.1 KB raw
    scene71-input-block-DDVjNkyD.js: 1.9 KB raw
    scene71-subsurface-block-DAwWnSbB.js: 0.2 KB raw
    scene71-pbr-metallic-roughness-block-full-BsdZK4TJ.js: 21.2 KB raw
    scene71-fragment-output-CfRmfbPv.js: 0.6 KB raw
    scene71-_math-factory-DFVyS8gB.js: 0.8 KB raw
    scene71-node-env-9-digQG0.js: 1.1 KB raw
    scene71-node-renderable-B8heGaPD.js: 4.5 KB raw
  Γ£ô   77 tests\parity\bundle-size.spec.ts:69:9 ΓÇ║ Scene 71 ΓÇö NME PBR SubSurface bundle Γëñ 100 KB raw (812ms)
  Scene 72 ΓÇö NME PBR Full (D8AK3Z): 101.5 KB raw (limit: 115 KB), 41.9 KB gzip (informational)
  Files loaded (28):
    scene72.js: 63.7 KB raw
    scene72-rgbd-decode-Baow08lG.js: 2.6 KB raw
    scene72-generate-mipmaps-CpX-AFRr.js: 1.7 KB raw
    scene72-vertex-output-C7G5u6Y0.js: 0.2 KB raw
    scene72-transform-block-COUf1XQW.js: 0.6 KB raw
    scene72-fragment-output-CfRmfbPv.js: 0.6 KB raw
    scene72-input-block-CwsdVAEj.js: 1.9 KB raw
    scene72-lerp-block-BvdxNwIV.js: 0.3 KB raw
    scene72-pbr-metallic-roughness-block-full-DRGZ5OOG.js: 21.2 KB raw
    scene72-multiply-block-D_sMIxWb.js: 0.1 KB raw
    scene72-texture-block-qpJiHpPr.js: 1.4 KB raw
    scene72-perturb-normal-Bqx-TYaB.js: 1.0 KB raw
    scene72-reflection-block-CIXuH-z0.js: 0.1 KB raw
    scene72-clearcoat-block-BPLkmxQ1.js: 0.2 KB raw
    scene72-subsurface-block-DAwWnSbB.js: 0.2 KB raw
    scene72-sheen-block-DPtS9jU8.js: 0.1 KB raw
    scene72-add-block-Fz8cfPs2.js: 0.1 KB raw
    scene72-subtract-block-CyBlvApI.js: 0.1 KB raw
    scene72-anisotropy-block-DShn3fIV.js: 0.2 KB raw
    scene72-refraction-block-CNhcdLis.js: 0.1 KB raw
    scene72-_math-factory-DFVyS8gB.js: 0.8 KB raw
    scene72-vector-merger-YcC3xFyg.js: 0.8 KB raw
    scene72-node-env-9-digQG0.js: 1.1 KB raw
    scene72-node-renderable-DsmMgheu.js: 4.6 KB raw
    scene72-node-flags-3CD_c1Kp.js: 0.0 KB raw
    scene72-shadow-task-BY5vbi7h.js: 0.8 KB raw
    scene72-no-color-view-BDusEge-.js: 0.2 KB raw
    scene72-material-view-Dua1bl7W.js: 0.2 KB raw
  Γ£ô   79 tests\parity\bundle-size.spec.ts:69:9 ΓÇ║ Scene 72 ΓÇö NME PBR Full (D8AK3Z) bundle Γëñ 115 KB raw (844ms)
  Scene 73 ΓÇö Wheel PBR vs NME Viewports: 131.6 KB raw (limit: 140 KB), 53.5 KB gzip (informational)
  Files loaded (22):
    scene73.js: 65.2 KB raw
    scene73-rgbd-decode-Baow08lG.js: 2.6 KB raw
    scene73-gltf-glb-parser-BdYiApo0.js: 0.5 KB raw
    scene73-gltf-ext-clearcoat-BgaLgSgD.js: 0.5 KB raw
    scene73-generate-mipmaps-DrjgHgY0.js: 1.7 KB raw
    scene73-vertex-output-C7G5u6Y0.js: 0.2 KB raw
    scene73-transform-block-CCvg31Cx.js: 0.6 KB raw
    scene73-input-block-lrbZBZJO.js: 1.9 KB raw
    scene73-fragment-output-CfRmfbPv.js: 0.6 KB raw
    scene73-perturb-normal-Bqx-TYaB.js: 1.0 KB raw
    scene73-pbr-metallic-roughness-block-full-DFO4r1Jo.js: 21.2 KB raw
    scene73-texture-block-qpJiHpPr.js: 1.4 KB raw
    scene73-reflection-block-CIXuH-z0.js: 0.1 KB raw
    scene73-color-splitter-BK-XgtrJ.js: 0.6 KB raw
    scene73-clearcoat-block-BPLkmxQ1.js: 0.2 KB raw
    scene73-_math-factory-DFVyS8gB.js: 0.7 KB raw
    scene73-node-env-9-digQG0.js: 1.1 KB raw
    scene73-pbr-renderable-B58mA71V.js: 21.7 KB raw
    scene73-ibl-fragment-BfgmykuX.js: 2.6 KB raw
    scene73-clearcoat-fragment-DalZzqYg.js: 5.7 KB raw
    scene73-node-renderable-DE6N3kN9.js: 4.5 KB raw
    scene73-swapchain-overlay-DDEHaTMc.js: 0.3 KB raw
  Γ£ô   80 tests\parity\bundle-size.spec.ts:69:9 ΓÇ║ Scene 73 ΓÇö Wheel PBR vs NME Viewports bundle Γëñ 140 KB raw (1.2s)
  Scene 74 ΓÇö Effect Renderer: 8.0 KB raw (limit: 20 KB), 3.4 KB gzip (informational)
  Files loaded (1):
    scene74.js: 8.0 KB raw
  Γ£ô   81 tests\parity\bundle-size.spec.ts:69:9 ΓÇ║ Scene 74 ΓÇö Effect Renderer bundle Γëñ 20 KB raw (608ms)
  Scene 75 ΓÇö Effect RTT Sphere: 46.6 KB raw (limit: 50 KB), 18.5 KB gzip (informational)
  Files loaded (3):
    scene75.js: 30.4 KB raw
    scene75-standard-renderable-Cjd4VqRf.js: 15.1 KB raw
    scene75-wgsl-helpers-WTsokIfK.js: 1.1 KB raw
  Γ£ô   82 tests\parity\bundle-size.spec.ts:69:9 ΓÇ║ Scene 75 ΓÇö Effect RTT Sphere bundle Γëñ 50 KB raw (657ms)
  Scene 76 ΓÇö Effect Texture: 8.9 KB raw (limit: 25 KB), 3.7 KB gzip (informational)
  Files loaded (1):
    scene76.js: 8.9 KB raw
  Γ£ô   83 tests\parity\bundle-size.spec.ts:69:9 ΓÇ║ Scene 76 ΓÇö Effect Texture bundle Γëñ 25 KB raw (601ms)
  Scene 77 ΓÇö NME Compatibility Blocks: 58.2 KB raw (limit: 65 KB), 24.3 KB gzip (informational)
  Files loaded (17):
    scene77.js: 45.3 KB raw
    scene77-node-registry-DcC9lRX2.js: 6.0 KB raw
    scene77-transform-block-CJGYrtEX.js: 0.6 KB raw
    scene77-vector-splitter-BMf4DQi8.js: 0.6 KB raw
    scene77-vertex-output-C7G5u6Y0.js: 0.2 KB raw
    scene77-input-block-_gviBho7.js: 1.9 KB raw
    scene77-node-registry-extra-compat-WJskWIWa.js: 1.4 KB raw
    scene77-node-registry-extra-math-BDZZMEV4.js: 1.6 KB raw
    scene77-vector-merger-YcC3xFyg.js: 0.8 KB raw
    scene77-fragment-output-CfRmfbPv.js: 0.6 KB raw
    scene77-_math-factory-DFVyS8gB.js: 0.8 KB raw
    scene77-debug-block-BQoPvcej.js: 0.2 KB raw
    scene77-elbow-block-CSQUp118.js: 0.1 KB raw
    scene77-teleport-out-block-C2Djod45.js: 0.5 KB raw
    scene77-teleport-in-block-DJKPTgKE.js: 0.1 KB raw
    scene77-opposite-block-DWEPm0Z5.js: 0.1 KB raw
    scene77-node-renderable-BlSfOiAi.js: 4.5 KB raw
  Γ£ô   84 tests\parity\bundle-size.spec.ts:69:9 ΓÇ║ Scene 77 ΓÇö NME Compatibility Blocks bundle Γëñ 65 KB raw (833ms)
  Scene 78 ΓÇö NME Scalar/Vector Math: 56.2 KB raw (limit: 60 KB), 26.1 KB gzip (informational)
  Files loaded (25):
    scene78.js: 45.5 KB raw
    scene78-node-registry-DTVe-Q-I.js: 6.0 KB raw
    scene78-input-block-BCPfEm1m.js: 1.9 KB raw
    scene78-transform-block-Jjo6o9u1.js: 0.6 KB raw
    scene78-vertex-output-C7G5u6Y0.js: 0.2 KB raw
    scene78-vector-splitter-BMf4DQi8.js: 0.6 KB raw
    scene78-multiply-block-DKKfQJFj.js: 0.1 KB raw
    scene78-node-registry-extra-math-CKvWkhfv.js: 1.6 KB raw
    scene78-add-block-DDaKmlqd.js: 0.1 KB raw
    scene78-subtract-block-CDvP6OoU.js: 0.1 KB raw
    scene78-vector-merger-YcC3xFyg.js: 0.8 KB raw
    scene78-normalize-block-BUk4O2XX.js: 0.1 KB raw
    scene78-fragment-output-CfRmfbPv.js: 0.6 KB raw
    scene78-_math-factory-DFVyS8gB.js: 0.8 KB raw
    scene78-reflect-block-CSAIYNw5.js: 0.2 KB raw
    scene78-divide-block-nD6bFgJA.js: 0.1 KB raw
    scene78-mod-block-CXuPIZet.js: 0.1 KB raw
    scene78-refract-block-DiC9i5qf.js: 0.3 KB raw
    scene78-fresnel-block-Bf13eDZ4.js: 0.6 KB raw
    scene78-cross-block-u5Q1qf8C.js: 0.2 KB raw
    scene78-reciprocal-block-DilmIM2-.js: 0.2 KB raw
    scene78-arc-tan2-block-wXN99ItN.js: 0.2 KB raw
    scene78-length-block-BD-DmMg-.js: 0.1 KB raw
    scene78-distance-block-B1WTietT.js: 0.3 KB raw
    scene78-node-renderable-Ddgot059.js: 4.5 KB raw
  Γ£ô   85 tests\parity\bundle-size.spec.ts:69:9 ΓÇ║ Scene 78 ΓÇö NME Scalar/Vector Math bundle Γëñ 60 KB raw (622ms)
  Scene 79 ΓÇö NME Modes: 59.7 KB raw (limit: 65 KB), 26.3 KB gzip (informational)
  Files loaded (19):
    scene79.js: 44.7 KB raw
    scene79-node-registry-BzCHdJmk.js: 6.0 KB raw
    scene79-input-block-BlC907Cr.js: 1.9 KB raw
    scene79-transform-block-Dt_QHxTW.js: 0.6 KB raw
    scene79-vertex-output-C7G5u6Y0.js: 0.2 KB raw
    scene79-vector-splitter-BMf4DQi8.js: 0.6 KB raw
    scene79-node-registry-extra-math-Dw_l0pN0.js: 1.6 KB raw
    scene79-add-block-BJURU1WJ.js: 0.1 KB raw
    scene79-multiply-block-CHVCDqxQ.js: 0.1 KB raw
    scene79-vector-merger-YcC3xFyg.js: 0.8 KB raw
    scene79-fragment-output-CfRmfbPv.js: 0.6 KB raw
    scene79-_math-factory-DFVyS8gB.js: 0.8 KB raw
    scene79-conditional-block-BfEAF5L6.js: 0.9 KB raw
    scene79-divide-block-CY1pX0X7.js: 0.1 KB raw
    scene79-random-number-block-Cc5cHymD.js: 0.5 KB raw
    scene79-nlerp-block-DCTQwLVE.js: 0.5 KB raw
    scene79-curve-block-CStLhZYq.js: 2.7 KB raw
    scene79-wave-block-cFABXFxd.js: 0.7 KB raw
    scene79-node-renderable-BFmrVXR4.js: 4.5 KB raw
  Γ£ô   86 tests\parity\bundle-size.spec.ts:69:9 ΓÇ║ Scene 79 ΓÇö NME Modes bundle Γëñ 65 KB raw (763ms)
  Scene 80 ΓÇö NME Color Operations: 59.1 KB raw (limit: 65 KB), 25.4 KB gzip (informational)
  Files loaded (16):
    scene80.js: 43.7 KB raw
    scene80-node-registry-BeRBqav1.js: 6.0 KB raw
    scene80-input-block-CRfb77r9.js: 1.9 KB raw
    scene80-transform-block-DM6P_1Fx.js: 0.6 KB raw
    scene80-vertex-output-C7G5u6Y0.js: 0.2 KB raw
    scene80-vector-splitter-BMf4DQi8.js: 0.6 KB raw
    scene80-node-registry-extra-procedural-CIYNG1uF.js: 1.5 KB raw
    scene80-fragment-output-CfRmfbPv.js: 0.6 KB raw
    scene80-_math-factory-DFVyS8gB.js: 0.8 KB raw
    scene80-desaturate-block-fwjhrbl5.js: 0.3 KB raw
    scene80-posterize-block-PW8UWjyJ.js: 0.4 KB raw
    scene80-gradient-block-DY_wOadG.js: 1.1 KB raw
    scene80-replace-color-block-jNV1Iu7G.js: 0.5 KB raw
    scene80-color-converter-block-DtG9umpu.js: 1.5 KB raw
    scene80-color-merger-0HZ9FICW.js: 1.0 KB raw
    scene80-node-renderable-BOvkjH1X.js: 4.5 KB raw
  Γ£ô   87 tests\parity\bundle-size.spec.ts:69:9 ΓÇ║ Scene 80 ΓÇö NME Color Operations bundle Γëñ 65 KB raw (675ms)
  Scene 81 ΓÇö NME UV Projection: 65.1 KB raw (limit: 71 KB), 28.5 KB gzip (informational)
  Files loaded (16):
    scene81.js: 47.4 KB raw
    scene81-node-registry-DHn1Hdn5.js: 6.0 KB raw
    scene81-input-block-DjQ0htzg.js: 1.9 KB raw
    scene81-transform-block-DT58Th1f.js: 0.6 KB raw
    scene81-vertex-output-C7G5u6Y0.js: 0.2 KB raw
    scene81-node-registry-extra-procedural-DVqOq6t1.js: 1.5 KB raw
    scene81-texture-block-qpJiHpPr.js: 1.4 KB raw
    scene81-add-block-BAx3Nz3W.js: 0.1 KB raw
    scene81-scale-block-6qtIvFiz.js: 0.2 KB raw
    scene81-fragment-output-CfRmfbPv.js: 0.6 KB raw
    scene81-_math-factory-DFVyS8gB.js: 0.8 KB raw
    scene81-biplanar-block-CZYy9ovX.js: 2.9 KB raw
    scene81-panner-block-fcbonbH6.js: 0.3 KB raw
    scene81-triplanar-block-DjKBAH5H.js: 3.6 KB raw
    scene81-rotate2d-block-PoTUVgvt.js: 0.3 KB raw
    scene81-node-renderable-DG9xDj0O.js: 4.5 KB raw
  Γ£ô   88 tests\parity\bundle-size.spec.ts:69:9 ΓÇ║ Scene 81 ΓÇö NME UV Projection bundle Γëñ 71 KB raw (772ms)
  Scene 82 ΓÇö NME Procedural Noise: 65.0 KB raw (limit: 75 KB), 28.4 KB gzip (informational)
  Files loaded (20):
    scene82.js: 44.7 KB raw
    scene82-node-registry-BoNGfxgA.js: 6.0 KB raw
    scene82-input-block-BS70ksk6.js: 1.9 KB raw
    scene82-transform-block-Dmzn7Riu.js: 0.6 KB raw
    scene82-vertex-output-C7G5u6Y0.js: 0.2 KB raw
    scene82-vector-splitter-BMf4DQi8.js: 0.6 KB raw
    scene82-scale-block-6qtIvFiz.js: 0.2 KB raw
    scene82-node-registry-extra-procedural-Bmt_Y40q.js: 1.5 KB raw
    scene82-vector-merger-YcC3xFyg.js: 0.8 KB raw
    scene82-add-block-D0Q3VBAs.js: 0.1 KB raw
    scene82-node-registry-extra-math-B_9Eknx7.js: 1.6 KB raw
    scene82-fragment-output-CfRmfbPv.js: 0.6 KB raw
    scene82-_math-factory-DFVyS8gB.js: 0.8 KB raw
    scene82-color-merger-0HZ9FICW.js: 1.0 KB raw
    scene82-worley-noise-3d-block-DvnzjY-o.js: 1.5 KB raw
    scene82-voronoi-noise-block-qKswGW4q.js: 1.0 KB raw
    scene82-cloud-block-DQfExWzx.js: 2.7 KB raw
    scene82-simplex-perlin-3d-block-Cfood6_x.js: 2.3 KB raw
    scene82-conditional-block-CD6MCOBs.js: 0.9 KB raw
    scene82-node-renderable-sEeihOBA.js: 4.5 KB raw
  Γ£ô   89 tests\parity\bundle-size.spec.ts:69:9 ΓÇ║ Scene 82 ΓÇö NME Procedural Noise bundle Γëñ 75 KB raw (672ms)
Full image (921600 px): MAD=0.011  within1=100.0%
  Γ£ô   78 tests\parity\scenes\scene123-gs-spz.spec.ts:21:5 ΓÇ║ Scene 123 ΓÇö Gaussian Splatting SPZ matches Babylon.js reference (8.8s)
  Scene 83 ΓÇö NME Normals: 68.0 KB raw (limit: 75 KB), 31.9 KB gzip (informational)
  Files loaded (24):
    scene83.js: 53.8 KB raw
    scene83-generate-mipmaps-B5OnfwXc.js: 1.7 KB raw
    scene83-input-block-PzznsC_q.js: 1.9 KB raw
    scene83-transform-block-EAeL1dVS.js: 0.6 KB raw
    scene83-vector-splitter-BMf4DQi8.js: 0.6 KB raw
    scene83-vertex-output-C7G5u6Y0.js: 0.2 KB raw
    scene83-texture-block-qpJiHpPr.js: 1.4 KB raw
    scene83-vector-merger-YcC3xFyg.js: 0.8 KB raw
    scene83-scale-block-6qtIvFiz.js: 0.2 KB raw
    scene83-trigonometry-block-CB8Kv2Ma.js: 0.5 KB raw
    scene83-add-block-UCPu1UI3.js: 0.1 KB raw
    scene83-height-to-normal-block-CQM_Hw2Y.js: 1.9 KB raw
    scene83-derivative-block-CJk1WuGL.js: 0.3 KB raw
    scene83-color-merger-0HZ9FICW.js: 1.0 KB raw
    scene83-normal-blend-block-BVPL4brK.js: 0.7 KB raw
    scene83-tbn-block-BXQIIlg4.js: 1.1 KB raw
    scene83-perturb-normal-Bqx-TYaB.js: 1.0 KB raw
    scene83-light-block-Bc2jU1f-.js: 2.6 KB raw
    scene83-image-source-Bl5Ls-FU.js: 0.3 KB raw
    scene83-ambient-occlusion-block-CsWCvd0D.js: 2.8 KB raw
    scene83-multiply-block-G4bDy_QN.js: 0.1 KB raw
    scene83-fragment-output-CfRmfbPv.js: 0.6 KB raw
    scene83-_math-factory-DFVyS8gB.js: 0.8 KB raw
    scene83-node-renderable-B0oHL3bl.js: 4.5 KB raw
  Γ£ô   90 tests\parity\bundle-size.spec.ts:69:9 ΓÇ║ Scene 83 ΓÇö NME Normals bundle Γëñ 75 KB raw (820ms)
  Scene 84 ΓÇö NME Fragment Screen: 81.7 KB raw (limit: 90 KB), 34.4 KB gzip (informational)
  Files loaded (21):
    scene84.js: 47.8 KB raw
    scene84-node-registry-Bd87jLYV.js: 6.0 KB raw
    scene84-input-block-CBDHkrmD.js: 1.9 KB raw
    scene84-transform-block-PEh7VaCZ.js: 0.6 KB raw
    scene84-vertex-output-C7G5u6Y0.js: 0.2 KB raw
    scene84-node-registry-extra-advanced-CSoT_N1X.js: 1.3 KB raw
    scene84-node-registry-extra-math-DQQRybe0.js: 1.6 KB raw
    scene84-vector-splitter-BMf4DQi8.js: 0.6 KB raw
    scene84-node-registry-extra-procedural-D8ozSQZ9.js: 1.5 KB raw
    scene84-fragment-output-CfRmfbPv.js: 0.6 KB raw
    scene84-_math-factory-DFVyS8gB.js: 0.8 KB raw
    scene84-twirl-block-tQLhuAc6.js: 1.0 KB raw
    scene84-frag-coord-block-ChMHIkS8.js: 0.5 KB raw
    scene84-screen-size-block-yVY2pHhh.js: 0.3 KB raw
    scene84-screen-space-block-Cfi3u-na.js: 0.7 KB raw
    scene84-frag-depth-block-DFZCC8Qe.js: 0.8 KB raw
    scene84-divide-block-CFqH-69H.js: 0.1 KB raw
    scene84-color-merger-0HZ9FICW.js: 1.0 KB raw
    scene84-node-renderable-BSwQk5LQ.js: 4.5 KB raw
    scene84-standard-renderable-ByTTKC6N.js: 14.3 KB raw
    scene84-wgsl-helpers-WTsokIfK.js: 1.1 KB raw
  Γ£ô   92 tests\parity\bundle-size.spec.ts:69:9 ΓÇ║ Scene 84 ΓÇö NME Fragment Screen bundle Γëñ 90 KB raw (648ms)
  Scene 85 ΓÇö NME Matrix: 58.9 KB raw (limit: 68 KB), 25.1 KB gzip (informational)
  Files loaded (16):
    scene85.js: 43.9 KB raw
    scene85-node-registry-D7ZrvQ-g.js: 6.0 KB raw
    scene85-input-block-CiyIDsT_.js: 1.9 KB raw
    scene85-node-registry-extra-advanced-BHEcVu1g.js: 1.3 KB raw
    scene85-transform-block-DDhnh2Z5.js: 0.6 KB raw
    scene85-vertex-output-C7G5u6Y0.js: 0.2 KB raw
    scene85-vector-merger-YcC3xFyg.js: 0.8 KB raw
    scene85-dot-block-CZvSS42-.js: 0.3 KB raw
    scene85-scale-block-6qtIvFiz.js: 0.2 KB raw
    scene85-clamp-block-BY3QFEL2.js: 0.5 KB raw
    scene85-node-registry-extra-procedural-CIRC8AQw.js: 1.5 KB raw
    scene85-fragment-output-CfRmfbPv.js: 0.6 KB raw
    scene85-matrix-blocks-D0PHoYFn.js: 1.5 KB raw
    scene85-_math-factory-DFVyS8gB.js: 0.8 KB raw
    scene85-color-merger-0HZ9FICW.js: 1.0 KB raw
    scene85-node-renderable-DgwHIOIt.js: 4.5 KB raw
  Γ£ô   93 tests\parity\bundle-size.spec.ts:69:9 ΓÇ║ Scene 85 ΓÇö NME Matrix bundle Γëñ 68 KB raw (657ms)
  Scene 86 ΓÇö NME Scene State: 58.2 KB raw (limit: 75 KB), 25.8 KB gzip (informational)
  Files loaded (19):
    scene86.js: 44.4 KB raw
    scene86-node-registry-DOmqCOKc.js: 6.0 KB raw
    scene86-input-block-CwCrNWmt.js: 1.9 KB raw
    scene86-transform-block-Cf9qywIP.js: 0.6 KB raw
    scene86-node-registry-extra-compat-BySiaXlE.js: 1.4 KB raw
    scene86-vertex-output-C7G5u6Y0.js: 0.2 KB raw
    scene86-vector-splitter-BMf4DQi8.js: 0.6 KB raw
    scene86-color-splitter-BK-XgtrJ.js: 0.6 KB raw
    scene86-scale-block-6qtIvFiz.js: 0.2 KB raw
    scene86-add-block-YYbHbbPv.js: 0.1 KB raw
    scene86-clamp-block-BrLIINjo.js: 0.5 KB raw
    scene86-node-registry-extra-procedural-B0-_-3_0.js: 1.5 KB raw
    scene86-fragment-output-CfRmfbPv.js: 0.6 KB raw
    scene86-_math-factory-DFVyS8gB.js: 0.8 KB raw
    scene86-mesh-attribute-exists-block-BROoqX_6.js: 0.6 KB raw
    scene86-reflection-texture-base-block-CklyAZSo.js: 0.2 KB raw
    scene86-clip-planes-block-BJf4gOOV.js: 0.6 KB raw
    scene86-color-merger-0HZ9FICW.js: 1.0 KB raw
    scene86-node-renderable-Dia-yVy0.js: 4.5 KB raw
  Γ£ô   94 tests\parity\bundle-size.spec.ts:69:9 ΓÇ║ Scene 86 ΓÇö NME Scene State bundle Γëñ 75 KB raw (676ms)
  Scene 87 ΓÇö NME Iridescence + Image Processing: 87.8 KB raw (limit: 99 KB), 35.9 KB gzip (informational)
  Files loaded (15):
    scene87.js: 55.3 KB raw
    scene87-rgbd-decode-Baow08lG.js: 2.6 KB raw
    scene87-node-registry-Dz_6jnae.js: 6.0 KB raw
    scene87-transform-block-PbUiwa3z.js: 0.6 KB raw
    scene87-reflection-block-CIXuH-z0.js: 0.1 KB raw
    scene87-input-block-B0pvoVCO.js: 1.9 KB raw
    scene87-vertex-output-C7G5u6Y0.js: 0.2 KB raw
    scene87-pbr-metallic-roughness-block-full-B1MPosRz.js: 21.2 KB raw
    scene87-fragment-output-CfRmfbPv.js: 0.6 KB raw
    scene87-node-registry-extra-compat-DA2oTCsk.js: 1.4 KB raw
    scene87-_math-factory-DFVyS8gB.js: 0.8 KB raw
    scene87-iridescence-block-BtJ3SYHs.js: 2.6 KB raw
    scene87-image-processing-block-BZE0hSms.js: 1.0 KB raw
    scene87-node-env-9-digQG0.js: 1.1 KB raw
    scene87-node-renderable-B-YmwNE6.js: 4.5 KB raw
  Γ£ô   95 tests\parity\bundle-size.spec.ts:69:9 ΓÇ║ Scene 87 ΓÇö NME Iridescence + Image Processing bundle Γëñ 99 KB raw (892ms)
  Scene 88 ΓÇö NME LoopBlock: 59.1 KB raw (limit: 68 KB), 25.6 KB gzip (informational)
  Files loaded (20):
    scene88.js: 43.9 KB raw
    scene88-node-registry-C8_8BWk9.js: 6.0 KB raw
    scene88-transform-block-DEElVmaV.js: 0.6 KB raw
    scene88-vertex-output-C7G5u6Y0.js: 0.2 KB raw
    scene88-input-block-NiGRHl6P.js: 1.9 KB raw
    scene88-vector-splitter-BMf4DQi8.js: 0.6 KB raw
    scene88-node-registry-extra-compat-NqgyiD-S.js: 1.4 KB raw
    scene88-step-block-sbiWJXfG.js: 0.2 KB raw
    scene88-node-registry-extra-math-BzNJZp4Y.js: 1.6 KB raw
    scene88-subtract-block-ogYRTPIx.js: 0.1 KB raw
    scene88-multiply-block-CsAITn0r.js: 0.1 KB raw
    scene88-fragment-output-CfRmfbPv.js: 0.6 KB raw
    scene88-vector-merger-YcC3xFyg.js: 0.8 KB raw
    scene88-add-block-D7fV2syB.js: 0.1 KB raw
    scene88-loop-block-csHtAvnG.js: 1.5 KB raw
    scene88-storage-write-block-BSqc-AKf.js: 0.1 KB raw
    scene88-_math-factory-DFVyS8gB.js: 0.8 KB raw
    scene88-storage-read-block-DkBAxglb.js: 0.5 KB raw
    scene88-divide-block-BvpeJ80F.js: 0.1 KB raw
    scene88-node-renderable-Bu823Te_.js: 4.5 KB raw
  Γ£ô   96 tests\parity\bundle-size.spec.ts:69:9 ΓÇ║ Scene 88 ΓÇö NME LoopBlock bundle Γëñ 68 KB raw (795ms)
  Scene 89 ΓÇö NME Storage Blocks: 58.6 KB raw (limit: 68 KB), 25.8 KB gzip (informational)
  Files loaded (20):
    scene89.js: 44.6 KB raw
    scene89-node-registry-D6_R6KVv.js: 6.0 KB raw
    scene89-input-block-CLXo1VJ0.js: 1.9 KB raw
    scene89-transform-block-D6aWTY0w.js: 0.6 KB raw
    scene89-vertex-output-C7G5u6Y0.js: 0.2 KB raw
    scene89-vector-splitter-BMf4DQi8.js: 0.6 KB raw
    scene89-node-registry-extra-compat-DjvO4Ffj.js: 1.4 KB raw
    scene89-add-block-d4WPLv3_.js: 0.1 KB raw
    scene89-node-registry-extra-math-BaLrv1wL.js: 1.6 KB raw
    scene89-step-block-sbiWJXfG.js: 0.2 KB raw
    scene89-subtract-block-aISjSbYh.js: 0.1 KB raw
    scene89-multiply-block-BqOpGCEj.js: 0.1 KB raw
    scene89-vector-merger-YcC3xFyg.js: 0.8 KB raw
    scene89-fragment-output-CfRmfbPv.js: 0.6 KB raw
    scene89-_math-factory-DFVyS8gB.js: 0.8 KB raw
    scene89-storage-write-block-BSqc-AKf.js: 0.1 KB raw
    scene89-loop-block-D-f9D6qu.js: 1.5 KB raw
    scene89-storage-read-block-DkBAxglb.js: 0.5 KB raw
    scene89-divide-block-DneT2xkF.js: 0.1 KB raw
    scene89-node-renderable-DNqUwOnp.js: 4.5 KB raw
  Γ£ô   97 tests\parity\bundle-size.spec.ts:69:9 ΓÇ║ Scene 89 ΓÇö NME Storage Blocks bundle Γëñ 68 KB raw (671ms)
  Scene 90 ΓÇö CSG Operations: 55.5 KB raw (limit: 78 KB), 21.8 KB gzip (informational)
  Files loaded (4):
    scene90.js: 37.6 KB raw
    scene90-generate-mipmaps-DG1Tcl7Z.js: 1.8 KB raw
    scene90-standard-renderable-BLYx4G1K.js: 15.1 KB raw
    scene90-wgsl-helpers-WTsokIfK.js: 1.1 KB raw
  Γ£ô   98 tests\parity\bundle-size.spec.ts:69:9 ΓÇ║ Scene 90 ΓÇö CSG Operations bundle Γëñ 78 KB raw (2.1s)
  Scene 91 ΓÇö CSG2 Operations: 54.7 KB raw (limit: 78 KB), 21.6 KB gzip (informational)
  Files loaded (4):
    scene91.js: 36.7 KB raw
    scene91-generate-mipmaps-DEgDnSqu.js: 1.8 KB raw
    scene91-standard-renderable-B4xb-Vcu.js: 15.1 KB raw
    scene91-wgsl-helpers-WTsokIfK.js: 1.1 KB raw
  Γ£ô   99 tests\parity\bundle-size.spec.ts:69:9 ΓÇ║ Scene 91 ΓÇö CSG2 Operations bundle Γëñ 78 KB raw (893ms)
Full image (921600 px): MAD=0.065  within1=97.1%
  Γ£ô   91 tests\parity\scenes\scene124-gs-compressed-ply.spec.ts:21:5 ΓÇ║ Scene 124 ΓÇö Compressed PLY Gaussian Splatting matches Babylon.js reference (8.2s)
  Scene 110 ΓÇö RTT with material override: 46.8 KB raw (limit: 52 KB), 18.2 KB gzip (informational)
  Files loaded (3):
    scene110.js: 30.6 KB raw
    scene110-standard-renderable-BTj4LRT-.js: 15.1 KB raw
    scene110-wgsl-helpers-WTsokIfK.js: 1.1 KB raw
  Γ£ô  100 tests\parity\bundle-size.spec.ts:69:9 ΓÇ║ Scene 110 ΓÇö RTT with material override bundle Γëñ 52 KB raw (782ms)
  Scene 111 ΓÇö Light Selection Stress Test: 128.1 KB raw (limit: 136 KB), 51.4 KB gzip (informational)
  Files loaded (26):
    scene111.js: 70.1 KB raw
    scene111-node-registry-Dr3k6YKy.js: 6.0 KB raw
    scene111-input-block-BNO-UK1o.js: 1.9 KB raw
    scene111-transform-block-xSHzJVmq.js: 0.6 KB raw
    scene111-vertex-output-C7G5u6Y0.js: 0.2 KB raw
    scene111-light-block-DwiSnHn_.js: 2.6 KB raw
    scene111-fragment-output-CfRmfbPv.js: 0.6 KB raw
    scene111-_math-factory-DFVyS8gB.js: 0.8 KB raw
    scene111-node-shadow-CMDpglyc.js: 4.7 KB raw
    scene111-std-shadow-fragment-H0IlS3xP.js: 0.1 KB raw
    scene111-pbr-renderable-DPSzHBzV.js: 17.3 KB raw
    scene111-node-renderable-DXypJONa.js: 4.6 KB raw
    scene111-shadow-fragment-core-BgZG1upy.js: 4.0 KB raw
    scene111-mesh-features-DtVvwSLO.js: 4.6 KB raw
    scene111-node-flags-3CD_c1Kp.js: 0.0 KB raw
    scene111-standard-renderable-AOugqgX-.js: 9.8 KB raw
    scene111-multilight-wgsl-Bu2dfC0i.js: 2.3 KB raw
    scene111-wgsl-helpers-WTsokIfK.js: 1.1 KB raw
    scene111-pbr-shadow-fragment-D_IVR4A_.js: 0.2 KB raw
    scene111-shadow-task-B9KV2P3O.js: 0.8 KB raw
    scene111-esm-shadow-view-C_Wf9Pd0.js: 0.6 KB raw
    scene111-esm-shadow-view-BYvK4l6C.js: 0.6 KB raw
    scene111-no-color-view-DvvwhelJ.js: 0.3 KB raw
    scene111-no-color-view-BSBcE0Kf.js: 0.2 KB raw
    scene111-no-color-view-Dp82Z35g.js: 0.2 KB raw
    scene111-material-view-Dua1bl7W.js: 0.2 KB raw
  Γ£ô  102 tests\parity\bundle-size.spec.ts:69:9 ΓÇ║ Scene 111 ΓÇö Light Selection Stress Test bundle Γëñ 136 KB raw (679ms)
  Scene 112 ΓÇö KHR_texture_basisu Flight Helmet: 109.5 KB raw (limit: 110 KB), 43.4 KB gzip (informational)
  Files loaded (15):
    scene112.js: 44.6 KB raw
    scene112-gltf-ext-dielectric-fB9ecuBG.js: 1.8 KB raw
    scene112-gltf-ext-basisu-DOZpAppo.js: 9.6 KB raw
    scene112-generate-mipmaps-5aynAtAS.js: 1.7 KB raw
    scene112-rgbd-decode-Baow08lG.js: 2.6 KB raw
    scene112-background-dds-skybox-BVA8hSj1.js: 3.3 KB raw
    scene112-pbr-renderable-1OynppEY.js: 22.4 KB raw
    scene112-scene-uniforms-FTYH6Ct0.js: 0.5 KB raw
    scene112-wgsl-helpers-BgB2AJrF.js: 0.3 KB raw
    scene112-cubemap-skybox-material-D907RL3j.js: 1.1 KB raw
    scene112-ibl-fragment-BfgmykuX.js: 2.6 KB raw
    scene112-background-ground-m03MBtj0.js: 5.3 KB raw
    scene112-singlelight-hemispheric-wgsl-De5EJRDs.js: 0.7 KB raw
    scene112-pbr-refraction-6jtlIp9n.js: 0.2 KB raw
    scene112-pbr-transmission-ext-CBFi_vbl.js: 12.8 KB raw
  Γ£ô  103 tests\parity\bundle-size.spec.ts:69:9 ΓÇ║ Scene 112 ΓÇö KHR_texture_basisu Flight Helmet bundle Γëñ 110 KB raw (4.0s)
  Scene 113 ΓÇö Picking Precision: 58.3 KB raw (limit: 68 KB), 22.3 KB gzip (informational)
  Files loaded (3):
    scene113.js: 41.9 KB raw
    scene113-standard-renderable-Ct-IrJqM.js: 15.4 KB raw
    scene113-wgsl-helpers-WTsokIfK.js: 1.1 KB raw
  Γ£ô  104 tests\parity\bundle-size.spec.ts:69:9 ΓÇ║ Scene 113 ΓÇö Picking Precision bundle Γëñ 68 KB raw (808ms)
  Scene 114 ΓÇö Morph/Skeleton Picking: 75.6 KB raw (limit: 86 KB), 28.8 KB gzip (informational)
  Files loaded (7):
    scene114.js: 46.4 KB raw
    scene114-pbr-renderable-DprAhxxr.js: 22.7 KB raw
    scene114-singlelight-hemispheric-wgsl-BSjAY3sb.js: 0.7 KB raw
    scene114-unlit-fragment-C0-vFiaY.js: 0.6 KB raw
    scene114-skeleton-fragment-DawPD3FM.js: 1.8 KB raw
    scene114-morph-fragment-BPmRrto4.js: 2.0 KB raw
    scene114-pbr-template-ext-B00NeHp4.js: 1.5 KB raw
  Γ£ô  105 tests\parity\bundle-size.spec.ts:69:9 ΓÇ║ Scene 114 ΓÇö Morph/Skeleton Picking bundle Γëñ 86 KB raw (759ms)
Full image (921600 px): MAD=0.083  within1=99.2%
  Γ£ô  101 tests\parity\scenes\scene125-gs-bake-transform.spec.ts:11:5 ΓÇ║ Scene 125 ΓÇö GS bakeCurrentTransformIntoVertices matches Babylon.js reference (7.4s)
  Scene 115 ΓÇö Alien Picking Frame 100: 113.7 KB raw (limit: 120 KB), 45.6 KB gzip (informational)
  Files loaded (16):
    scene115.js: 65.5 KB raw
    scene115-gltf-feature-skeleton-DtwMPs4A.js: 0.7 KB raw
    scene115-gltf-feature-morph-CL6zYMT6.js: 0.6 KB raw
    scene115-gltf-feature-animations-Din8o8Ia.js: 0.4 KB raw
    scene115-generate-mipmaps-Bc18VK9V.js: 1.9 KB raw
    scene115-create-skeleton-CVBLZSre.js: 0.8 KB raw
    scene115-gltf-animation-CSKXFXmp.js: 3.2 KB raw
    scene115-create-morph-targets-CnhwR1Bc.js: 0.9 KB raw
    scene115-standard-renderable-CmPq_E_W.js: 9.8 KB raw
    scene115-pbr-renderable-BzkXuYk3.js: 17.4 KB raw
    scene115-wgsl-helpers-WTsokIfK.js: 1.1 KB raw
    scene115-mesh-features-GJGfSdO-.js: 5.6 KB raw
    scene115-singlelight-hemispheric-wgsl-BQTWI-6s.js: 0.7 KB raw
    scene115-skeleton-fragment-Sa2bymIR.js: 1.7 KB raw
    scene115-morph-fragment-t6RXXXtF.js: 1.9 KB raw
    scene115-pbr-template-ext-B00NeHp4.js: 1.5 KB raw
  Γ£ô  106 tests\parity\bundle-size.spec.ts:69:9 ΓÇ║ Scene 115 ΓÇö Alien Picking Frame 100 bundle Γëñ 120 KB raw (2.9s)
  Scene 116 ΓÇö Shadow Depth Materials: 70.3 KB raw (limit: 82 KB), 28.7 KB gzip (informational)
  Files loaded (8):
    scene116.js: 34.7 KB raw
    scene116-std-emissive-fragment-Dbkg8I5G.js: 0.6 KB raw
    scene116-pbr-renderable-DdgNVPEq.js: 17.3 KB raw
    scene116-standard-renderable-C2_mq3tF.js: 9.8 KB raw
    scene116-mesh-features-CmiDU-Vn.js: 5.6 KB raw
    scene116-wgsl-helpers-WTsokIfK.js: 1.1 KB raw
    scene116-singlelight-hemispheric-wgsl-DhG_VRRW.js: 0.7 KB raw
    scene116-unlit-fragment-XtoycUlq.js: 0.6 KB raw
  Γ£ô  108 tests\parity\bundle-size.spec.ts:69:9 ΓÇ║ Scene 116 ΓÇö Shadow Depth Materials bundle Γëñ 82 KB raw (617ms)
  Scene 120 ΓÇö Gaussian Splatting: 33.5 KB raw (limit: 35 KB), 12.9 KB gzip (informational)
  Files loaded (1):
    scene120.js: 33.5 KB raw
  Γ£ô  109 tests\parity\bundle-size.spec.ts:69:9 ΓÇ║ Scene 120 ΓÇö Gaussian Splatting bundle Γëñ 35 KB raw (3.0s)
Full image (921600 px): MAD=0.005  within1=99.7%
  Γ£ô  107 tests\parity\scenes\scene126-gs-material-plugin.spec.ts:11:5 ΓÇ║ Scene 126 ΓÇö GS material plugin matches Babylon.js reference (7.6s)
  Scene 121 ΓÇö Gaussian Splatting updateData: 33.7 KB raw (limit: 35 KB), 13.0 KB gzip (informational)
  Files loaded (1):
    scene121.js: 33.7 KB raw
  Γ£ô  110 tests\parity\bundle-size.spec.ts:69:9 ΓÇ║ Scene 121 ΓÇö Gaussian Splatting updateData bundle Γëñ 35 KB raw (1.8s)
  Scene 122 ΓÇö Gaussian Splatting SOG: 46.2 KB raw (limit: 70 KB), 18.1 KB gzip (informational)
  Files loaded (2):
    scene122.js: 36.1 KB raw
    scene122-gaussian-splatting-pipeline-sh-Gsl3cGGt.js: 10.1 KB raw
  Γ£ô  112 tests\parity\bundle-size.spec.ts:69:9 ΓÇ║ Scene 122 ΓÇö Gaussian Splatting SOG bundle Γëñ 70 KB raw (3.0s)
  Scene 123 ΓÇö Gaussian Splatting SPZ: 43.0 KB raw (limit: 65 KB), 17.1 KB gzip (informational)
  Files loaded (2):
    scene123.js: 32.8 KB raw
    scene123-gaussian-splatting-pipeline-sh-BKtIUMUr.js: 10.1 KB raw
  Γ£ô  113 tests\parity\bundle-size.spec.ts:69:9 ΓÇ║ Scene 123 ΓÇö Gaussian Splatting SPZ bundle Γëñ 65 KB raw (2.8s)
Full image (921600 px): MAD=0.052  within1=99.8%
  Γ£ô  111 tests\parity\scenes\scene127-gs-depth-rendering.spec.ts:11:5 ΓÇ║ Scene 127 ΓÇö GS linear-depth rendering matches Babylon.js reference (7.8s)
  Scene 124 ΓÇö Gaussian Splatting compressed PLY: 48.9 KB raw (limit: 65 KB), 19.1 KB gzip (informational)
  Files loaded (3):
    scene124.js: 33.5 KB raw
    scene124-splat-ply-compressed-D-fMhYTB.js: 5.3 KB raw
    scene124-gaussian-splatting-pipeline-sh-DLRYlm_1.js: 10.1 KB raw
  Γ£ô  114 tests\parity\bundle-size.spec.ts:69:9 ΓÇ║ Scene 124 ΓÇö Gaussian Splatting compressed PLY bundle Γëñ 65 KB raw (4.4s)
  Scene 125 ΓÇö Gaussian Splatting bakeCurrentTransformIntoVertices: 35.4 KB raw (limit: 37 KB), 13.6 KB gzip (informational)
  Files loaded (1):
    scene125.js: 35.4 KB raw
  Γ£ô  116 tests\parity\bundle-size.spec.ts:69:9 ΓÇ║ Scene 125 ΓÇö Gaussian Splatting bakeCurrentTransformIntoVertices bundle Γëñ 37 KB raw (1.8s)
  Scene 126 ΓÇö Gaussian Splatting Material Plugin: 33.7 KB raw (limit: 35 KB), 13.0 KB gzip (informational)
  Files loaded (1):
    scene126.js: 33.7 KB raw
  Γ£ô  117 tests\parity\bundle-size.spec.ts:69:9 ΓÇ║ Scene 126 ΓÇö Gaussian Splatting Material Plugin bundle Γëñ 35 KB raw (1.7s)
  Scene 140 ΓÇö NME PCF Alpha Discard Shadows: 94.3 KB raw (limit: 102 KB), 40.2 KB gzip (informational)
  Files loaded (37):
    scene140.js: 58.7 KB raw
    scene140-generate-mipmaps-D8vyFQEw.js: 1.8 KB raw
    scene140-node-registry-mtsDhie9.js: 6.0 KB raw
    scene140-transform-block-vyE-wAbL.js: 0.6 KB raw
    scene140-vertex-output-C7G5u6Y0.js: 0.2 KB raw
    scene140-morph-targets-CsnL5CDS.js: 0.6 KB raw
    scene140-input-block-_1ymrwAS.js: 1.9 KB raw
    scene140-instances-block-ClV6QcvR.js: 0.1 KB raw
    scene140-bones-block-17BsH0Oj.js: 0.6 KB raw
    scene140-fog-block-Dv6mnoZu.js: 0.8 KB raw
    scene140-max-block-1EyElr9R.js: 0.1 KB raw
    scene140-lerp-block-vFicSisS.js: 0.3 KB raw
    scene140-add-block-CnC-uEoX.js: 0.1 KB raw
    scene140-reflection-texture-block-DVZpi6Yq.js: 1.5 KB raw
    scene140-normalize-block-DF8IC9k_.js: 0.1 KB raw
    scene140-texture-block-qpJiHpPr.js: 1.4 KB raw
    scene140-perturb-normal-Bqx-TYaB.js: 1.0 KB raw
    scene140-negate-block-BHKNRsp7.js: 0.1 KB raw
    scene140-multiply-block-BX2I8F6E.js: 0.1 KB raw
    scene140-front-facing-BE20bXNF.js: 0.2 KB raw
    scene140-oneminus-block-CS0SK7Sc.js: 0.1 KB raw
    scene140-color-splitter-BK-XgtrJ.js: 0.6 KB raw
    scene140-light-block-CL_7Le3e.js: 2.7 KB raw
    scene140-clamp-block-DOWJW9pi.js: 0.5 KB raw
    scene140-fragment-output-CfRmfbPv.js: 0.6 KB raw
    scene140-vector-merger-YcC3xFyg.js: 0.8 KB raw
    scene140-vector-splitter-BMf4DQi8.js: 0.6 KB raw
    scene140-dot-block-C56KG8LJ.js: 0.3 KB raw
    scene140-subtract-block-Cf35mB59.js: 0.1 KB raw
    scene140-discard-block-C8ZjFVJk.js: 0.5 KB raw
    scene140-_math-factory-DFVyS8gB.js: 0.8 KB raw
    scene140-node-shadow-BujSPIa0.js: 4.7 KB raw
    scene140-node-renderable-BJwOCfN4.js: 4.6 KB raw
    scene140-node-flags-3CD_c1Kp.js: 0.0 KB raw
    scene140-shadow-task-BPkaAs6e.js: 0.8 KB raw
    scene140-no-color-view-Bf6EFWnB.js: 0.2 KB raw
    scene140-material-view-Dua1bl7W.js: 0.2 KB raw
  Γ£ô  118 tests\parity\bundle-size.spec.ts:69:9 ΓÇ║ Scene 140 ΓÇö NME PCF Alpha Discard Shadows bundle Γëñ 102 KB raw (1.1s)
  Scene 141 ΓÇö ESM Material Casters: 124.0 KB raw (limit: 137 KB), 48.1 KB gzip (informational)
  Files loaded (23):
    scene141.js: 61.5 KB raw
    scene141-node-registry-CUwwW1Pv.js: 6.0 KB raw
    scene141-input-block-avYMt29J.js: 1.9 KB raw
    scene141-transform-block-DWUOQ_Fz.js: 0.6 KB raw
    scene141-vertex-output-C7G5u6Y0.js: 0.2 KB raw
    scene141-light-block-CimckRKd.js: 2.6 KB raw
    scene141-fragment-output-CfRmfbPv.js: 0.6 KB raw
    scene141-_math-factory-DFVyS8gB.js: 0.8 KB raw
    scene141-node-shadow-DlFYdcs3.js: 4.7 KB raw
    scene141-node-renderable-B85xwsVA.js: 4.6 KB raw
    scene141-standard-renderable-D4af25sZ.js: 9.8 KB raw
    scene141-pbr-renderable-iWhvCF5j.js: 17.3 KB raw
    scene141-node-flags-3CD_c1Kp.js: 0.0 KB raw
    scene141-wgsl-helpers-WTsokIfK.js: 1.1 KB raw
    scene141-mesh-features-Cd5ILGnU.js: 4.6 KB raw
    scene141-singlelight-directional-wgsl-l_YMnTTP.js: 0.7 KB raw
    scene141-pbr-shadow-fragment-D9r-Jru6.js: 0.2 KB raw
    scene141-shadow-fragment-core-BgZG1upy.js: 4.0 KB raw
    scene141-shadow-task-OB17Ce04.js: 0.8 KB raw
    scene141-esm-shadow-view-CWYactf4.js: 0.6 KB raw
    scene141-esm-shadow-view-BN170hQU.js: 0.6 KB raw
    scene141-esm-shadow-view-B5mKuT0s.js: 0.6 KB raw
    scene141-material-view-Dua1bl7W.js: 0.2 KB raw
  Γ£ô  119 tests\parity\bundle-size.spec.ts:69:9 ΓÇ║ Scene 141 ΓÇö ESM Material Casters bundle Γëñ 137 KB raw (697ms)
Full image (921600 px): MAD=0.155  within1=98.3%
  Γ£ô  115 tests\parity\scenes\scene128-gs-depth-rendering-alpha.spec.ts:11:5 ΓÇ║ Scene 128 ΓÇö GS alpha-blended depth rendering matches Babylon.js reference (8.5s)
  Scene 142 ΓÇö Post-process Viewports: 57.7 KB raw (limit: 65 KB), 21.3 KB gzip (informational)
  Files loaded (3):
    scene142.js: 41.6 KB raw
    scene142-standard-renderable-uNGBYpSH.js: 15.1 KB raw
    scene142-wgsl-helpers-WTsokIfK.js: 1.1 KB raw
  Γ£ô  120 tests\parity\bundle-size.spec.ts:69:9 ΓÇ║ Scene 142 ΓÇö Post-process Viewports bundle Γëñ 65 KB raw (689ms)
  Scene 143 ΓÇö Pipelined Post-processes: 64.2 KB raw (limit: 73 KB), 25.2 KB gzip (informational)
  Files loaded (10):
    scene143.js: 41.8 KB raw
    scene143-generate-mipmaps-BHg7ig5Q.js: 1.7 KB raw
    scene143-point-light-9Uu6yB0O.js: 1.1 KB raw
    scene143-std-ambient-fragment-POJhHsBY.js: 0.6 KB raw
    scene143-normal-map-fragment-CCP8Y4uo.js: 0.6 KB raw
    scene143-std-opacity-fragment-BFyJ36CD.js: 0.6 KB raw
    scene143-std-specular-fragment-70jyLqRF.js: 0.6 KB raw
    scene143-std-reflection-fragment-CHPjfLRb.js: 1.1 KB raw
    scene143-wgsl-helpers-WTsokIfK.js: 1.1 KB raw
    scene143-standard-renderable-DKFDaPzm.js: 15.1 KB raw
  Γ£ô  122 tests\parity\bundle-size.spec.ts:69:9 ΓÇ║ Scene 143 ΓÇö Pipelined Post-processes bundle Γëñ 73 KB raw (6.4s)
Full image (921600 px): MAD=0.006  within1=100.0%
Picked hit: renderMesh
  Γ£ô  121 tests\parity\scenes\scene129-gs-gpu-picking.spec.ts:11:5 ΓÇ║ Scene 129 ΓÇö GS GPU picking matches Babylon.js reference (7.7s)
  Scene 144 ΓÇö Bloom Post-process: 100.9 KB raw (limit: 112 KB), 39.6 KB gzip (informational)
  Files loaded (15):
    scene144.js: 60.6 KB raw
    scene144-gltf-glb-parser-BdYiApo0.js: 0.5 KB raw
    scene144-gltf-ext-spec-gloss-D60sFZYX.js: 0.4 KB raw
    scene144-gltf-feature-animations-BAa1aSey.js: 0.4 KB raw
    scene144-gltf-feature-skeleton-DiauIxRi.js: 0.7 KB raw
    scene144-generate-mipmaps-BxE2wjbf.js: 1.7 KB raw
    scene144-gltf-pbr-builder-ext-CXw28sRk.js: 2.0 KB raw
    scene144-texture-2d-DQo3n8D6.js: 0.0 KB raw
    scene144-create-skeleton-CdtJ6X66.js: 0.8 KB raw
    scene144-gltf-animation-7h-pEKpD.js: 3.8 KB raw
    scene144-rgbd-decode-Baow08lG.js: 2.6 KB raw
    scene144-pbr-renderable-CxBhR4Aw.js: 22.4 KB raw
    scene144-scene-uniforms-FTYH6Ct0.js: 0.5 KB raw
    scene144-ibl-fragment-BfgmykuX.js: 2.6 KB raw
    scene144-skeleton-fragment-Da4jzWZ7.js: 1.8 KB raw
  Γ£ô  123 tests\parity\bundle-size.spec.ts:69:9 ΓÇ║ Scene 144 ΓÇö Bloom Post-process bundle Γëñ 112 KB raw (5.2s)
  Scene 150 ΓÇö Manual X Slide Animation: 51.2 KB raw (limit: 57 KB), 19.9 KB gzip (informational)
  Files loaded (3):
    scene150.js: 34.8 KB raw
    scene150-standard-renderable-CyrJkZPg.js: 15.3 KB raw
    scene150-wgsl-helpers-WTsokIfK.js: 1.1 KB raw
  Γ£ô  125 tests\parity\bundle-size.spec.ts:69:9 ΓÇ║ Scene 150 ΓÇö Manual X Slide Animation bundle Γëñ 57 KB raw (635ms)
  Scene 151 ΓÇö Manual Transform Animation: 51.5 KB raw (limit: 57 KB), 20.0 KB gzip (informational)
  Files loaded (3):
    scene151.js: 35.0 KB raw
    scene151-standard-renderable-CYh63q2B.js: 15.3 KB raw
    scene151-wgsl-helpers-WTsokIfK.js: 1.1 KB raw
  Γ£ô  126 tests\parity\bundle-size.spec.ts:69:9 ΓÇ║ Scene 151 ΓÇö Manual Transform Animation bundle Γëñ 57 KB raw (740ms)
Full image (921600 px): MAD=0.008, within-5=100.0%
  Γ£ô  124 tests\parity\scenes\scene13-pbr-spheres.spec.ts:20:5 ΓÇ║ Scene 13 ΓÇö PBR Spheres grid matches Babylon.js reference (6.0s)
  Scene 152 ΓÇö Unified AnimationManager: 82.6 KB raw (limit: 90 KB), 33.5 KB gzip (informational)
  Files loaded (11):
    scene152.js: 48.9 KB raw
    scene152-gltf-glb-parser-BdYiApo0.js: 0.5 KB raw
    scene152-gltf-ext-spec-gloss-D60sFZYX.js: 0.4 KB raw
    scene152-gltf-feature-skeleton-DjhS1Gmg.js: 0.7 KB raw
    scene152-gltf-feature-animations-DGH-Mypu.js: 0.4 KB raw
    scene152-generate-mipmaps-C60AZT9b.js: 1.9 KB raw
    scene152-create-skeleton-j2bLSLr4.js: 0.8 KB raw
    scene152-gltf-animation-DfB_Ld4J.js: 3.8 KB raw
    scene152-pbr-renderable-CbGoxyX3.js: 22.7 KB raw
    scene152-singlelight-hemispheric-wgsl-DHul_Jju.js: 0.7 KB raw
    scene152-skeleton-fragment-BaHGnOso.js: 1.8 KB raw
  Γ£ô  127 tests\parity\bundle-size.spec.ts:69:9 ΓÇ║ Scene 152 ΓÇö Unified AnimationManager bundle Γëñ 90 KB raw (2.5s)
  Scene 153 ΓÇö Autonomous AnimationManager: 7.9 KB raw (limit: 16 KB), 3.3 KB gzip (informational)
  Files loaded (1):
    scene153.js: 7.9 KB raw
  Γ£ô  129 tests\parity\bundle-size.spec.ts:69:9 ΓÇ║ Scene 153 ΓÇö Autonomous AnimationManager bundle Γëñ 16 KB raw (619ms)
  Scene 154 - Step Time Animation: 51.6 KB raw (limit: 58 KB), 20.0 KB gzip (informational)
  Files loaded (3):
    scene154.js: 35.2 KB raw
    scene154-standard-renderable-Bii6bDC-.js: 15.3 KB raw
    scene154-wgsl-helpers-WTsokIfK.js: 1.1 KB raw
  Γ£ô  130 tests\parity\bundle-size.spec.ts:69:9 ΓÇ║ Scene 154 - Step Time Animation bundle Γëñ 58 KB raw (601ms)
  Scene 155 ΓÇö Manual Weighted Animation Blend: 54.1 KB raw (limit: 60 KB), 20.9 KB gzip (informational)
  Files loaded (3):
    scene155.js: 37.7 KB raw
    scene155-standard-renderable-CSp9Lttq.js: 15.4 KB raw
    scene155-wgsl-helpers-WTsokIfK.js: 1.1 KB raw
  Γ£ô  131 tests\parity\bundle-size.spec.ts:69:9 ΓÇ║ Scene 155 ΓÇö Manual Weighted Animation Blend bundle Γëñ 60 KB raw (558ms)
  Scene 156 ΓÇö Manual Cross-Fade Animation: 54.9 KB raw (limit: 61 KB), 21.2 KB gzip (informational)
  Files loaded (3):
    scene156.js: 38.4 KB raw
    scene156-standard-renderable-cQbD9hHa.js: 15.3 KB raw
    scene156-wgsl-helpers-WTsokIfK.js: 1.1 KB raw
  Γ£ô  132 tests\parity\bundle-size.spec.ts:69:9 ΓÇ║ Scene 156 ΓÇö Manual Cross-Fade Animation bundle Γëñ 61 KB raw (728ms)
  Scene 157 ΓÇö glTF Weighted Animation Blend: 85.9 KB raw (limit: 96 KB), 34.3 KB gzip (informational)
  Files loaded (10):
    scene157.js: 51.1 KB raw
    scene157-gltf-glb-parser-BdYiApo0.js: 0.5 KB raw
    scene157-gltf-feature-skeleton-D_L6xZck.js: 0.7 KB raw
    scene157-gltf-feature-animations-B9ZFDUS0.js: 0.4 KB raw
    scene157-generate-mipmaps-CMZXo-QW.js: 1.9 KB raw
    scene157-create-skeleton-CGMbAwUi.js: 0.8 KB raw
    scene157-gltf-animation-BOlNGYJ4.js: 3.8 KB raw
    scene157-pbr-renderable-DSsa5Jd_.js: 22.8 KB raw
    scene157-multilight-wgsl-Bg9nXHrC.js: 2.3 KB raw
    scene157-skeleton-fragment-D8AZtC1U.js: 1.8 KB raw
  Γ£ô  133 tests\parity\bundle-size.spec.ts:69:9 ΓÇ║ Scene 157 ΓÇö glTF Weighted Animation Blend bundle Γëñ 96 KB raw (1.3s)
  Scene 158 ΓÇö Additive Animation Blend: 86.3 KB raw (limit: 98 KB), 34.4 KB gzip (informational)
  Files loaded (10):
    scene158.js: 51.5 KB raw
    scene158-gltf-glb-parser-BdYiApo0.js: 0.5 KB raw
    scene158-gltf-feature-skeleton-CJIawiRE.js: 0.7 KB raw
    scene158-gltf-feature-animations-CIGVnZ23.js: 0.4 KB raw
    scene158-generate-mipmaps-DaV-YOHv.js: 1.9 KB raw
    scene158-gltf-animation-LhLotcg2.js: 3.8 KB raw
    scene158-create-skeleton-BzOuiZcs.js: 0.8 KB raw
    scene158-pbr-renderable-BwqFzGON.js: 22.8 KB raw
    scene158-multilight-wgsl-LCfeYrYM.js: 2.3 KB raw
    scene158-skeleton-fragment-Dvl9OCs9.js: 1.8 KB raw
  Γ£ô  134 tests\parity\bundle-size.spec.ts:69:9 ΓÇ║ Scene 158 ΓÇö Additive Animation Blend bundle Γëñ 98 KB raw (1.1s)
  Scene 159 - ShaderMaterial Basic: 33.3 KB raw (limit: 37 KB), 13.1 KB gzip (informational)
  Files loaded (2):
    scene159.js: 23.9 KB raw
    scene159-shader-renderable-xNWNjhT5.js: 9.5 KB raw
  Γ£ô  135 tests\parity\bundle-size.spec.ts:69:9 ΓÇ║ Scene 159 - ShaderMaterial Basic bundle Γëñ 37 KB raw (746ms)
  Scene 160 - ShaderMaterial Texture: 35.4 KB raw (limit: 39 KB), 13.8 KB gzip (informational)
  Files loaded (2):
    scene160.js: 26.1 KB raw
    scene160-shader-renderable-QZZJquIK.js: 9.2 KB raw
  Γ£ô  136 tests\parity\bundle-size.spec.ts:69:9 ΓÇ║ Scene 160 - ShaderMaterial Texture bundle Γëñ 39 KB raw (775ms)
  Scene 161 - ShaderMaterial Uniform: 33.6 KB raw (limit: 37 KB), 13.2 KB gzip (informational)
  Files loaded (2):
    scene161.js: 24.2 KB raw
    scene161-shader-renderable-DOvPivTO.js: 9.5 KB raw
  Γ£ô  137 tests\parity\bundle-size.spec.ts:69:9 ΓÇ║ Scene 161 - ShaderMaterial Uniform bundle Γëñ 37 KB raw (670ms)
  Scene 162 - ShaderMaterial Defines: 33.3 KB raw (limit: 37 KB), 13.1 KB gzip (informational)
  Files loaded (2):
    scene162.js: 23.9 KB raw
    scene162-shader-renderable-VajnJDwG.js: 9.5 KB raw
  Γ£ô  138 tests\parity\bundle-size.spec.ts:69:9 ΓÇ║ Scene 162 - ShaderMaterial Defines bundle Γëñ 37 KB raw (612ms)
  Scene 163 - ShaderMaterial Alpha: 33.0 KB raw (limit: 37 KB), 12.9 KB gzip (informational)
  Files loaded (2):
    scene163.js: 23.6 KB raw
    scene163-shader-renderable-DCJCCwF9.js: 9.5 KB raw
  Γ£ô  139 tests\parity\bundle-size.spec.ts:69:9 ΓÇ║ Scene 163 - ShaderMaterial Alpha bundle Γëñ 37 KB raw (723ms)
  Scene 164 - Device Lost Recovery: 88.7 KB raw (limit: 95 KB), 35.5 KB gzip (informational)
  Files loaded (13):
    scene164.js: 50.9 KB raw
    scene164-gltf-feature-skeleton-CvKADYkc.js: 0.7 KB raw
    scene164-gltf-feature-morph-DwbKTh6H.js: 0.6 KB raw
    scene164-gltf-feature-animations---DwAZyx.js: 0.4 KB raw
    scene164-generate-mipmaps-C1U3wnkC.js: 1.7 KB raw
    scene164-create-morph-targets-m__P6Pr2.js: 0.9 KB raw
    scene164-create-skeleton-Bw_9AqJb.js: 0.8 KB raw
    scene164-gltf-animation-DYpaLKNG.js: 3.8 KB raw
    scene164-pbr-renderable-DObLjjVs.js: 22.8 KB raw
    scene164-singlelight-hemispheric-wgsl-B1doqVvb.js: 0.7 KB raw
    scene164-skeleton-fragment-DiNyXfh7.js: 1.8 KB raw
    scene164-morph-fragment-dl1RSean.js: 2.0 KB raw
    scene164-pbr-template-ext-B00NeHp4.js: 1.5 KB raw
  Γ£ô  140 tests\parity\bundle-size.spec.ts:69:9 ΓÇ║ Scene 164 - Device Lost Recovery bundle Γëñ 95 KB raw (4.4s)
  Scene 170 - Navigation Basic: 48.1 KB raw (limit: 55 KB), 18.9 KB gzip (informational)
  Files loaded (3):
    scene170.js: 31.7 KB raw
    scene170-standard-renderable-CKdGY63Q.js: 15.3 KB raw
    scene170-wgsl-helpers-WTsokIfK.js: 1.1 KB raw
  Γ£ô  141 tests\parity\bundle-size.spec.ts:69:9 ΓÇ║ Scene 170 - Navigation Basic bundle Γëñ 55 KB raw (867ms)
  Scene 171 - Navigation Crowd Path: 90.6 KB raw (limit: 100 KB), 36.2 KB gzip (informational)
  Files loaded (8):
    scene171.js: 53.7 KB raw
    scene171-gltf-glb-parser-BdYiApo0.js: 0.5 KB raw
    scene171-generate-mipmaps-DqEPUiy3.js: 1.9 KB raw
    scene171-standard-renderable-BkLwDgne.js: 9.8 KB raw
    scene171-pbr-renderable-DSsj4zRb.js: 17.3 KB raw
    scene171-wgsl-helpers-WTsokIfK.js: 1.1 KB raw
    scene171-mesh-features-GJGfSdO-.js: 5.6 KB raw
    scene171-singlelight-hemispheric-wgsl-fdOH0N74.js: 0.7 KB raw
  Γ£ô  142 tests\parity\bundle-size.spec.ts:69:9 ΓÇ║ Scene 171 - Navigation Crowd Path bundle Γëñ 100 KB raw (754ms)
Full image (921600 px): MAD=0.161, within-5=100.0%
  Γ£ô  128 tests\parity\scenes\scene14-flight-helmet.spec.ts:20:5 ΓÇ║ Scene 14 ΓÇö Flight Helmet matches Babylon.js reference (17.0s)
  Scene 172 - Navigation Obstacles: 56.0 KB raw (limit: 65 KB), 21.8 KB gzip (informational)
  Files loaded (3):
    scene172.js: 39.6 KB raw
    scene172-standard-renderable-DAAWgggB.js: 15.3 KB raw
    scene172-wgsl-helpers-WTsokIfK.js: 1.1 KB raw
  Γ£ô  143 tests\parity\bundle-size.spec.ts:69:9 ΓÇ║ Scene 172 - Navigation Obstacles bundle Γëñ 65 KB raw (723ms)
  Scene 173 - Navigation Dynamic Obstacles: 57.9 KB raw (limit: 65 KB), 22.4 KB gzip (informational)
  Files loaded (3):
    scene173.js: 41.5 KB raw
    scene173-standard-renderable-CUsCI2GT.js: 15.3 KB raw
    scene173-wgsl-helpers-WTsokIfK.js: 1.1 KB raw
  Γ£ô  145 tests\parity\bundle-size.spec.ts:69:9 ΓÇ║ Scene 173 - Navigation Dynamic Obstacles bundle Γëñ 65 KB raw (898ms)
  Scene 174 - Navigation Off-Mesh Connections: 91.2 KB raw (limit: 100 KB), 36.6 KB gzip (informational)
  Files loaded (8):
    scene174.js: 54.3 KB raw
    scene174-gltf-glb-parser-BdYiApo0.js: 0.5 KB raw
    scene174-generate-mipmaps-B_s9OROT.js: 1.9 KB raw
    scene174-standard-renderable-C5PF5FnJ.js: 9.8 KB raw
    scene174-pbr-renderable-roNZ5mI1.js: 17.3 KB raw
    scene174-wgsl-helpers-WTsokIfK.js: 1.1 KB raw
    scene174-mesh-features-GJGfSdO-.js: 5.6 KB raw
    scene174-singlelight-hemispheric-wgsl--TtdjZvs.js: 0.7 KB raw
  Γ£ô  146 tests\parity\bundle-size.spec.ts:69:9 ΓÇ║ Scene 174 - Navigation Off-Mesh Connections bundle Γëñ 100 KB raw (929ms)
  Scene 175 - Navigation Raycast: 89.5 KB raw (limit: 100 KB), 35.9 KB gzip (informational)
  Files loaded (8):
    scene175.js: 52.6 KB raw
    scene175-gltf-glb-parser-BdYiApo0.js: 0.5 KB raw
    scene175-generate-mipmaps-MLpm8A4Y.js: 1.9 KB raw
    scene175-pbr-renderable-R-HF095A.js: 17.3 KB raw
    scene175-standard-renderable-tg0-iVOG.js: 9.8 KB raw
    scene175-mesh-features-GJGfSdO-.js: 5.6 KB raw
    scene175-wgsl-helpers-WTsokIfK.js: 1.1 KB raw
    scene175-singlelight-hemispheric-wgsl-mcWzrVrn.js: 0.7 KB raw
  Γ£ô  147 tests\parity\bundle-size.spec.ts:69:9 ΓÇ║ Scene 175 - Navigation Raycast bundle Γëñ 100 KB raw (898ms)
Full image MAD=0.004
  Γ£ô  144 tests\parity\scenes\scene140-nme-pcf-alpha-discard-shadows.spec.ts:83:5 ΓÇ║ Scene 140 ΓÇö NME PCF alpha discard shadows match Babylon.js reference (6.6s)
Full image MAD=0.001
  Γ£ô  148 tests\parity\scenes\scene141-esm-material-casters.spec.ts:11:5 ΓÇ║ Scene 141 - ESM shadow casters with NME, Standard, and PBR materials match Babylon.js reference (5.2s)
Morph ground-shadow region MAD=16.275, max tile MAD=11.826 at 558,460,48,48
  Γ£ô  149 tests\parity\scenes\scene140-nme-pcf-alpha-discard-shadows.spec.ts:101:5 ΓÇ║ Scene 140 ΓÇö morphing sphere updates its PCF shadow on the ground (2.4s)
Cube cutout-vs-solid max ground-shadow tile MAD=12.271 at 478,556,48,48
  Γ£ô  151 tests\parity\scenes\scene140-nme-pcf-alpha-discard-shadows.spec.ts:121:5 ΓÇ║ Scene 140 ΓÇö cube final-alpha discard cuts holes in its PCF ground shadow (2.3s)
Full image MAD=0.000
  Γ£ô  150 tests\parity\scenes\scene142-black-and-white-post-process.spec.ts:11:5 ΓÇ║ Scene 142 ΓÇö Frame-graph post-process viewport quadrants match Babylon.js reference (3.9s)
BJS cube cutout-vs-solid max ground-shadow tile MAD=12.269 at 478,556,48,48
  Γ£ô  152 tests\parity\scenes\scene140-nme-pcf-alpha-discard-shadows.spec.ts:139:5 ΓÇ║ Scene 140 ΓÇö BJS reference cube final-alpha discard cuts holes in its PCF ground shadow (3.9s)
Full image MAD=0.013
  Γ£ô  153 tests\parity\scenes\scene143-pipelined-post-processes.spec.ts:11:5 ΓÇ║ Scene 143 ΓÇö Pipelined frame-graph post-processes match Babylon.js reference (13.7s)
Full image (921600 px): MAD=0.000
  Γ£ô  155 tests\parity\scenes\scene15-spotlights.spec.ts:20:5 ΓÇ║ Scene 15 ΓÇö SpotLights + Ground matches Babylon.js reference (4.2s)
Full image MAD=0.015
  Γ£ô  154 tests\parity\scenes\scene144-bloom-post-process.spec.ts:11:5 ΓÇ║ Scene 144 ΓÇö Bloom frame-graph post-process matches Babylon.js reference (17.3s)
Full image MAD=0.000
  Γ£ô  156 tests\parity\scenes\scene150-manual-x-slide.spec.ts:12:5 ΓÇ║ Scene 150 ΓÇö manual property animation matches Babylon.js reference (3.2s)
Full image MAD=0.000
  Γ£ô  157 tests\parity\scenes\scene151-manual-transform.spec.ts:12:5 ΓÇ║ Scene 151 ΓÇö manual transform animation matches Babylon.js reference (3.3s)
Full image MAD=0.000
  Γ£ô  159 tests\parity\scenes\scene153-autonomous-manager.spec.ts:12:5 ΓÇ║ Scene 153 - autonomous AnimationManager runs without a Lite scene (1.8s)
  Γ£ô  160 tests\parity\scenes\scene153-autonomous-manager.spec.ts:31:5 ΓÇ║ Scene 153 - autonomous AnimationManager advances on its own RAF loop (1.5s)
  Γ£ô  161 tests\parity\scenes\scene153-autonomous-manager.spec.ts:42:5 ΓÇ║ Scene 153 - Babylon.js reference advances automatically (1.4s)
Full image (921600 px): MAD=0.000, within-5=100.0%
  Γ£ô  158 tests\parity\scenes\scene152-gltf-manager.spec.ts:12:5 ΓÇ║ Scene 152 ΓÇö unified AnimationManager drives glTF and manual groups (7.4s)
Full image MAD=0.000
  Γ£ô  162 tests\parity\scenes\scene154-step-time-animation.spec.ts:12:5 ΓÇ║ Scene 154 - time keys and STEP interpolation match Babylon.js reference (3.2s)
  Γ£ô  163 tests\parity\scenes\scene152-gltf-manager.spec.ts:33:5 ΓÇ║ Scene 152 ΓÇö Babylon.js reference advances glTF and camera animations live (3.4s)
Full image MAD=0.000
  Γ£ô  164 tests\parity\scenes\scene155-manual-weighted-blend.spec.ts:12:5 ΓÇ║ Scene 155 ΓÇö manual weighted animation blend matches Babylon.js reference (3.2s)
Full image MAD=0.000
  Γ£ô  165 tests\parity\scenes\scene156-manual-cross-fade.spec.ts:12:5 ΓÇ║ Scene 156 ΓÇö manual cross-fade animation matches Babylon.js reference (3.3s)
Full image MAD=0.011, Xbot region=33466 px
  Γ£ô  166 tests\parity\scenes\scene157-gltf-weighted-blend.spec.ts:12:5 ΓÇ║ Scene 157 ΓÇö glTF weighted animation blend matches Babylon.js reference (4.2s)
Full image MAD=0.010, Xbot region=28584 px
  Γ£ô  167 tests\parity\scenes\scene158-additive-animation-blend.spec.ts:12:5 ΓÇ║ Scene 158 ΓÇö additive animation blend matches Babylon.js reference (4.3s)
Full image MAD=0.000
  Γ£ô  168 tests\parity\scenes\scene159-shader-material-basic.spec.ts:11:5 ΓÇ║ Scene 159 - ShaderMaterial basic color matches Babylon.js reference (1.6s)
Full image MAD=0.000
  Γ£ô  170 tests\parity\scenes\scene160-shader-material-texture.spec.ts:11:5 ΓÇ║ Scene 160 - ShaderMaterial texture sampler matches Babylon.js reference (1.5s)
Full image MAD=0.000
  Γ£ô  171 tests\parity\scenes\scene161-shader-material-uniform.spec.ts:11:5 ΓÇ║ Scene 161 - ShaderMaterial uniform setters match Babylon.js reference (1.5s)
Full image (921600 px):
  MAD: 0.000
  Exact: 100.0%
  Γëñ1: 100.0%
  Γ£ô  169 tests\parity\scenes\scene16-thin-instances.spec.ts:21:5 ΓÇ║ Scene 16 ΓÇö Thin Instances matches Babylon.js reference (4.9s)
Full image MAD=0.000
  Γ£ô  172 tests\parity\scenes\scene162-shader-material-defines.spec.ts:11:5 ΓÇ║ Scene 162 - ShaderMaterial defines match Babylon.js reference (1.5s)
Full image MAD=0.000
  Γ£ô  173 tests\parity\scenes\scene163-shader-material-alpha.spec.ts:11:5 ΓÇ║ Scene 163 - ShaderMaterial alpha blending matches Babylon.js reference (1.6s)
  Γ£ô  174 tests\parity\scenes\scene164-device-lost-recovery.spec.ts:11:5 ΓÇ║ Scene 164 ΓÇö device-lost recovery restores Alien rendering (7.2s)
Full image (921600 px):
  MAD: 0.001
  Exact: 99.8%
  Γëñ1: 100.0%
  Γëñ5: 100.0%
  Γ£ô  175 tests\parity\scenes\scene17-pbr-std-thin-instances.spec.ts:17:5 ΓÇ║ Scene 17 ΓÇö PBR + Std Thin Instances matches Babylon.js reference (7.2s)
Full image (921600 px): MAD=0.000, within-5=100.0%
  Γ£ô  176 tests\parity\scenes\scene170-navigation-basic.spec.ts:14:5 ΓÇ║ Scene 170 - Navigation Basic matches Babylon.js reference (4.6s)
Full image (921600 px): MAD=0.095, within-5=100.0%
  Γ£ô  177 tests\parity\scenes\scene171-navigation-crowd-path.spec.ts:19:5 ΓÇ║ Scene 171 ΓÇö Navigation Crowd Path matches Babylon.js reference (5.1s)
Full image (921600 px): MAD=0.000, within-5=100.0%
  Γ£ô  178 tests\parity\scenes\scene172-navigation-obstacles.spec.ts:19:5 ΓÇ║ Scene 172 ΓÇö Navigation Obstacles matches Babylon.js reference (4.5s)
Full image (921600 px): MAD=0.000, within-5=100.0%
  Γ£ô  179 tests\parity\scenes\scene173-navigation-dynamic-obstacles.spec.ts:19:5 ΓÇ║ Scene 173 ΓÇö Navigation Dynamic Obstacles matches Babylon.js reference (4.5s)
Full image (921600 px): MAD=0.048, within-5=100.0%
  Γ£ô  180 tests\parity\scenes\scene174-navigation-offmesh.spec.ts:19:5 ΓÇ║ Scene 174 ΓÇö Navigation Off-Mesh Connections matches Babylon.js reference (4.6s)
Full image (921600 px): MAD=0.048, within-5=100.0%
  Γ£ô  181 tests\parity\scenes\scene175-navigation-raycast.spec.ts:19:5 ΓÇ║ Scene 175 ΓÇö Navigation Raycast matches Babylon.js reference (4.8s)
Full image (921600 px):
  MAD: 0.000
  Exact: 100.0%
  Γëñ1: 100.0%
  Γëñ5: 100.0%
  Γ£ô  182 tests\parity\scenes\scene18-spotlight-shadows.spec.ts:21:5 ΓÇ║ Scene 18 ΓÇö Spotlight Hard Shadows (PCF) matches Babylon.js reference (5.2s)
Full image (921600 px):
  MAD: 0.001
  Exact: 99.8%
  Γëñ5: 100.0%
  Γ£ô  183 tests\parity\scenes\scene19-clearcoat.spec.ts:21:5 ΓÇ║ Scene 19 ΓÇö PBR Clearcoat matches Babylon.js reference (5.1s)
Sphere region (23096 px):
  MAD: 0.000
  Exact: 100.0%
  Γëñ1: 100.0%
Full image (921600 px): MAD=0.000
  Γ£ô  184 tests\parity\scenes\scene2-sphere.spec.ts:21:5 ΓÇ║ Scene 2 ΓÇö Sphere + DirectionalLight matches Babylon.js reference (4.2s)
Full image (921600 px):
  MAD: 0.208
  Exact: 70.9%
  Γëñ5: 100.0%
  Γ£ô  185 tests\parity\scenes\scene20-emissive-grid.spec.ts:23:5 ΓÇ║ Scene 20 ΓÇö PBR Emissive Spheres Grid matches Babylon.js reference (8.5s)
Full image (921600 px):
  MAD: 0.007
  Exact: 98.3%
  Γëñ5: 100.0%
  Γ£ô  186 tests\parity\scenes\scene21-sheen-cloth.spec.ts:20:5 ΓÇ║ Scene 21 ΓÇö PBR Sheen Cloth matches Babylon.js reference (6.3s)
Full image (921600 px):
  MAD: 0.001
  Exact: 99.8%
  Γëñ5: 100.0%
  Γ£ô  188 tests\parity\scenes\scene23-anisotropy.spec.ts:22:5 ΓÇ║ Scene 23 ΓÇö PBR Anisotropy matches Babylon.js reference (5.1s)
Full image (921600 px):
  MAD: 0.064
  Exact: 82.8%
  Γëñ1: 100.0%
  Γëñ5: 100.0%
  Γ£ô  187 tests\parity\scenes\scene22-pbr-shadows.spec.ts:21:5 ΓÇ║ Scene 22 ΓÇö PBR Shadows matches Babylon.js reference (5.7s)
Full image (921600 px):
  MAD: 0.000
  Exact: 100.0%
  Γëñ5: 100.0%
  Γ£ô  190 tests\parity\scenes\scene25-ktx-texture.spec.ts:20:5 ΓÇ║ Scene 25 ΓÇö KTX Texture matches Babylon.js reference (5.0s)
Full image (921600 px):
  MAD: 0.093
  Exact: 77.9%
  Γëñ5: 100.0%
  Γ£ô  191 tests\parity\scenes\scene26-pbr-subsurface.spec.ts:20:5 ΓÇ║ Scene 26 ΓÇö PBR Subsurface matches Babylon.js reference (2.8s)
Full image (921600 px): MAD=0.000, within-5=100.0%
  Γ£ô  192 tests\parity\scenes\scene27-material-variants.spec.ts:20:5 ΓÇ║ Scene 27 ΓÇö Material Variants matches Babylon.js reference (8.3s)
Full image (921600 px):
  MAD: 0.044
  Exact: 95.0%
  Γëñ5: 99.9%
  Γ£ô  189 tests\parity\scenes\scene24-hillvalley.spec.ts:20:5 ΓÇ║ Scene 24 ΓÇö Hill Valley matches Babylon.js reference (18.9s)
Full image (921600 px):
  MAD: 0.007
  Exact: 98.7%
  Γëñ5: 100.0%
  Γ£ô  193 tests\parity\scenes\scene28-clearcoat-gltf.spec.ts:18:5 ΓÇ║ Scene 28 ΓÇö Clearcoat glTF matches Babylon.js reference (6.0s)
Full image (921600 px):
  MAD: 0.005
  Exact: 99.6%
  Γëñ5: 100.0%
  Γ£ô  194 tests\parity\scenes\scene29-sheen-cloth-gltf.spec.ts:18:5 ΓÇ║ Scene 29 ΓÇö Sheen Cloth glTF matches Babylon.js reference (6.2s)
Full image (921600 px):
  MAD: 0.000
  Exact: 100.0%
  Γëñ1: 100.0%
  Γ£ô  195 tests\parity\scenes\scene3-fog.spec.ts:25:5 ΓÇ║ Scene 3 ΓÇö Fog + Boxes + Skybox matches Babylon.js reference (5.5s)
Full image (921600 px):
  MAD: 0.123
  Exact: 85.1%
  Γëñ5: 99.6%
  Γ£ô  196 tests\parity\scenes\scene30-volume-testing.spec.ts:18:5 ΓÇ║ Scene 30 ΓÇö KHR_materials_volume_testing matches Babylon.js reference (7.1s)
Full image (921600 px):
  MAD: 0.002
  Exact: 99.3%
  Γëñ5: 100.0%
  Γ£ô  197 tests\parity\scenes\scene31-emissive-strength.spec.ts:18:5 ΓÇ║ Scene 31 ΓÇö KHR_materials_emissive_strength matches Babylon.js reference (5.4s)
Full image (921600 px):
  MAD: 0.000
  Exact: 100.0%
  Γëñ5: 100.0%
  Γ£ô  198 tests\parity\scenes\scene32-unlit.spec.ts:17:5 ΓÇ║ Scene 32 ΓÇö Unlit glTF matches Babylon.js reference (5.5s)
Full image (921600 px):
  MAD: 0.050
  Exact: 98.4%
  Γëñ5: 99.7%
  Γ£ô  199 tests\parity\scenes\scene33-lights-punctual.spec.ts:22:5 ΓÇ║ Scene 33 ΓÇö KHR_lights_punctual matches Babylon.js reference (6.4s)
Full image (921600 px):
  MAD: 0.000
  Exact: 100.0%
  Γëñ5: 100.0%
  Γ£ô  200 tests\parity\scenes\scene34-node-visibility.spec.ts:22:5 ΓÇ║ Scene 34 ΓÇö KHR_node_visibility + KHR_animation_pointer matches Babylon.js reference (5.2s)
Full image (921600 px):
  MAD: 0.000
  Exact: 100.0%
  Γëñ5: 100.0%
  Γ£ô  201 tests\parity\scenes\scene35-gltf-instancing.spec.ts:19:5 ΓÇ║ Scene 35 ΓÇö EXT_mesh_gpu_instancing matches Babylon.js reference (5.3s)
Full image (921600 px):
  MAD: 0.000
  Exact: 100.0%
  Γëñ5: 100.0%
  Γ£ô  202 tests\parity\scenes\scene36-basis-texture.spec.ts:19:5 ΓÇ║ Scene 36 ΓÇö Basis Universal Texture matches Babylon.js reference (5.6s)
Full image (921600 px):
  MAD: 0.002
  Exact: 99.5%
  Γëñ5: 100.0%
  Γ£ô  203 tests\parity\scenes\scene37-sheen-sofa.spec.ts:19:5 ΓÇ║ Scene 37 ΓÇö Sheen Wood Leather Sofa matches Babylon.js reference (7.1s)
Full image (921600 px):
  MAD: 0.000
  Exact: 100.0%
  Γëñ5: 100.0%
  Γ£ô  204 tests\parity\scenes\scene38-procedural-builders.spec.ts:18:5 ΓÇ║ Scene 38 ΓÇö Procedural Builders matches Babylon.js reference (4.3s)
Full image (921600 px):
  MAD: 0.000
  Exact: 100.0%
  Γëñ1: 100.0%
  Γëñ5: 100.0%
  Γ£ô  205 tests\parity\scenes\scene4-shadows.spec.ts:22:5 ΓÇ║ Scene 4 ΓÇö Shadows matches Babylon.js reference (5.4s)
Full image (921600 px): MAD=0.000
  Γ£ô  206 tests\parity\scenes\scene40-physics.spec.ts:19:5 ΓÇ║ Scene 40 ΓÇö Physics matches Babylon.js reference (10.3s)
Alien region (41050 px):
  MAD: 0.06
  Exact: 93.2%
  Γëñ1: 99.4%
  Γëñ5: 100.0%
Full image (921600 px): MAD=0.00
  Γ£ô  207 tests\parity\scenes\scene5-alien.spec.ts:17:5 ΓÇ║ Scene 5 ΓÇö Alien PBR + Skeleton Animation matches Babylon.js reference (7.7s)
Full image (921600 px): MAD=0.005
  Γ£ô  208 tests\parity\scenes\scene50-sprite-grid.spec.ts:19:5 ΓÇ║ Scene 50 ΓÇö Sprite Grid matches Babylon.js reference (4.0s)
Full image (921600 px): MAD=0.078
  Γ£ô  209 tests\parity\scenes\scene51-sprite-grid.spec.ts:24:5 ΓÇ║ Scene 51 ΓÇö Soft-Edged Sprites (Premultiplied) matches Babylon.js reference (4.1s)
Full image (921600 px): MAD=0.001
  Γ£ô  210 tests\parity\scenes\scene52-hud-on-3d.spec.ts:18:5 ΓÇ║ Scene 52 ΓÇö HUD on 3D matches Babylon.js reference (3.3s)
Full image (921600 px): MAD=0.000
  Γ£ô  211 tests\parity\scenes\scene53-depth-hosted-sprites.spec.ts:18:5 ΓÇ║ Scene 53 ΓÇö Depth-hosted sprites mixed with 3D matches Babylon.js reference (3.3s)
Full image (921600 px): MAD=0.000
  Γ£ô  212 tests\parity\scenes\scene54-facing-billboards.spec.ts:18:5 ΓÇ║ Scene 54 - Facing billboards match Babylon.js reference (3.3s)
Full image (921600 px): MAD=0.000
  Γ£ô  213 tests\parity\scenes\scene55-billboard-sorting.spec.ts:17:5 ΓÇ║ Scene 55 - Billboard sorting matches Babylon.js reference (3.2s)
  Γ£ô  214 tests\parity\scenes\scene56-axis-locked-billboards.spec.ts:11:5 ΓÇ║ Scene 56 ΓÇö Axis-locked billboards match Babylon.js reference (3.6s)
Full image MAD=0.000
  Γ£ô  216 tests\parity\scenes\scene58-sprite-animation.spec.ts:12:5 ΓÇ║ Scene 58 ΓÇö Sprite2D animation matches Babylon.js reference (1.5s)
  Γ£ô  215 tests\parity\scenes\scene57-cutout-billboards.spec.ts:11:5 ΓÇ║ Scene 57 - Cutout billboards match Babylon.js alpha-test reference (3.4s)
Full image MAD=0.010
  Γ£ô  217 tests\parity\scenes\scene59-billboard-animation.spec.ts:12:5 ΓÇ║ Scene 59 ΓÇö billboard sprite animation matches Babylon.js reference (1.7s)
Full image (921600 px): MAD=0.473, within-5=100.0%
  Γ£ô  218 tests\parity\scenes\scene6-pbr-sphere.spec.ts:21:5 ΓÇ║ Scene 6 ΓÇö PBR Gold Sphere matches Babylon.js reference (4.7s)
Full image MAD=0.000; sphere region MAD=0.000
  Γ£ô  219 tests\parity\scenes\scene60-nme-flat.spec.ts:17:5 ΓÇ║ Scene 60 ΓÇö NME flat colour matches Babylon.js reference (4.9s)
Full image MAD=0.000; sphere region MAD=0.000
  Γ£ô  220 tests\parity\scenes\scene61-nme-normal.spec.ts:17:5 ΓÇ║ Scene 61 ΓÇö NME normal-as-color matches Babylon.js reference (4.8s)
Full image MAD=0.001; sphere region MAD=0.001
  Γ£ô  221 tests\parity\scenes\scene62-nme-texture.spec.ts:17:5 ΓÇ║ Scene 62 ΓÇö NME diffuse texture matches Babylon.js reference (5.2s)
Full image MAD=0.000; sphere region MAD=0.000
  Γ£ô  222 tests\parity\scenes\scene63-nme-light.spec.ts:17:5 ΓÇ║ Scene 63 ΓÇö NME directional light matches Babylon.js reference (5.0s)
Full image MAD=0.000; sphere region MAD=0.000
  Γ£ô  223 tests\parity\scenes\scene64-nme-morph.spec.ts:18:5 ΓÇ║ Scene 64 ΓÇö NME morph targets matches Babylon.js reference (5.3s)
Full image MAD=0.000
  Γ£ô  224 tests\parity\scenes\scene65-nme-shadow.spec.ts:19:5 ΓÇ║ Scene 65 ΓÇö NME shadow receive matches Babylon.js reference (5.4s)
Full image MAD=0.004
  Γ£ô  225 tests\parity\scenes\scene66-nme-big.spec.ts:23:5 ΓÇ║ Scene 66 ΓÇö NME full playground matches Babylon.js reference (5.9s)
Full image MAD=0.001
  Γ£ô  226 tests\parity\scenes\scene67-nme-pbr-core.spec.ts:18:5 ΓÇ║ Scene 67 ΓÇö NME PBR core matches Babylon.js reference (5.6s)
Full image MAD=0.001
  Γ£ô  227 tests\parity\scenes\scene68-nme-pbr-clearcoat.spec.ts:17:5 ΓÇ║ Scene 68 ΓÇö NME PBR clearcoat matches Babylon.js reference (5.5s)
Full image MAD=0.001
  Γ£ô  228 tests\parity\scenes\scene69-nme-pbr-sheen.spec.ts:17:5 ΓÇ║ Scene 69 ΓÇö NME PBR Sheen matches Babylon.js reference (5.5s)
ChibiRex region (102709 px):
  MAD: 0.64
  Exact: 47.1%
  Γëñ1: 72.3%
  Γëñ5: 100.0%
Full image (921600 px): MAD=0.54
  Γ£ô  229 tests\parity\scenes\scene7-chibirex.spec.ts:19:5 ΓÇ║ Scene 7 ΓÇö ChibiRex Animated matches Babylon.js reference (8.2s)
Full image MAD=0.001
  Γ£ô  230 tests\parity\scenes\scene70-nme-pbr-aniso.spec.ts:17:5 ΓÇ║ Scene 70 ΓÇö NME PBR Anisotropy matches Babylon.js reference (5.7s)
Full image MAD=0.000
  Γ£ô  231 tests\parity\scenes\scene71-nme-pbr-subsurface.spec.ts:17:5 ΓÇ║ Scene 71 ΓÇö NME PBR SubSurface matches Babylon.js reference (5.8s)
Full image MAD=0.003
  Γ£ô  232 tests\parity\scenes\scene72-nme-pbr-full.spec.ts:20:5 ΓÇ║ Scene 72 ΓÇö NME PBR Full (D8AK3Z) matches Babylon.js reference (6.2s)
Full image MAD=0.000
  Γ£ô  234 tests\parity\scenes\scene74-effect-renderer.spec.ts:11:5 ΓÇ║ Scene 74 ΓÇö Effect Renderer fullscreen pass matches Babylon.js reference (1.8s)
Full image MAD=0.000
  Γ£ô  235 tests\parity\scenes\scene75-effect-rtt-sphere.spec.ts:11:5 ΓÇ║ Scene 75 ΓÇö EffectRenderer RTT sphere matches Babylon.js reference (1.8s)
Full image MAD=0.000
  Γ£ô  236 tests\parity\scenes\scene76-effect-texture.spec.ts:11:5 ΓÇ║ Scene 76 ΓÇö EffectWrapper texture binding matches Babylon.js reference (1.9s)
Full image MAD=0.004
  Γ£ô  233 tests\parity\scenes\scene73-wheel-nme-viewport.spec.ts:12:5 ΓÇ║ Scene 73 ΓÇö CarbonFiberWheel PBR vs NME viewports matches Babylon.js reference (6.7s)
Full image MAD=0.000
  Γ£ô  237 tests\parity\scenes\scene77-nme-compat.spec.ts:11:5 ΓÇ║ Scene 77 ΓÇö NME compatibility blocks match Babylon.js reference (1.6s)
Full image MAD=0.000
  Γ£ô  238 tests\parity\scenes\scene78-nme-math.spec.ts:11:5 ΓÇ║ Scene 78 ΓÇö NME scalar/vector math blocks match Babylon.js reference (1.6s)
Full image MAD=0.000
  Γ£ô  239 tests\parity\scenes\scene79-nme-modes.spec.ts:11:5 ΓÇ║ Scene 79 ΓÇö NME conditions/curves/waves/random match Babylon.js reference (5.6s)
Full image MAD=0.000
  Γ£ô  241 tests\parity\scenes\scene80-nme-color.spec.ts:11:5 ΓÇ║ Scene 80 ΓÇö NME color operation blocks match Babylon.js reference (1.7s)
Full image (921600 px): MAD=0.006, within-5=100.0%
  Γ£ô  240 tests\parity\scenes\scene8-glass-sphere.spec.ts:20:5 ΓÇ║ Scene 8 ΓÇö HDR Glass Sphere matches Babylon.js reference (7.1s)
Full image MAD=0.000
  Γ£ô  242 tests\parity\scenes\scene81-nme-uv-projection.spec.ts:11:5 ΓÇ║ Scene 81 ΓÇö NME UV/projection mapping blocks match Babylon.js reference (1.7s)
Full image MAD=0.000
  Γ£ô  243 tests\parity\scenes\scene82-nme-noise.spec.ts:11:5 ΓÇ║ Scene 82 ΓÇö NME procedural noise blocks match Babylon.js reference (1.7s)
Full image MAD=0.262
  Γ£ô  244 tests\parity\scenes\scene83-nme-normals.spec.ts:11:5 ΓÇ║ Scene 83 ΓÇö NME normals/derivatives/AO blocks match Babylon.js reference (1.6s)
Full image MAD=0.000
  Γ£ô  245 tests\parity\scenes\scene84-nme-fragment-screen.spec.ts:11:5 ΓÇ║ Scene 84 ΓÇö NME fragment/screen/depth blocks match Babylon.js reference (1.6s)
Full image MAD=0.000
  Γ£ô  247 tests\parity\scenes\scene86-nme-scene-state.spec.ts:11:5 ΓÇ║ Scene 86 ΓÇö NME scene/mesh state blocks match Babylon.js reference (1.7s)
Full image MAD=0.000
  Γ£ô  246 tests\parity\scenes\scene85-nme-matrix.spec.ts:11:5 ΓÇ║ Scene 85 ΓÇö NME matrix blocks match Babylon.js reference (1.9s)
Full image MAD=0.000
  Γ£ô  249 tests\parity\scenes\scene88-nme-loop.spec.ts:11:5 ΓÇ║ Scene 88 ΓÇö NME LoopBlock matches Babylon.js reference (1.7s)
Full image MAD=0.045
  Γ£ô  248 tests\parity\scenes\scene87-nme-iridescence-image.spec.ts:11:5 ΓÇ║ Scene 87 ΓÇö NME iridescence + image processing match Babylon.js reference (2.1s)
Full image MAD=0.000
  Γ£ô  250 tests\parity\scenes\scene89-nme-storage.spec.ts:11:5 ΓÇ║ Scene 89 ΓÇö NME storage blocks match Babylon.js reference (1.7s)
Full image MAD=0.000
  Γ£ô  252 tests\parity\scenes\scene90-csg.spec.ts:11:5 ΓÇ║ Scene 90 ΓÇö CSG operations match Babylon.js reference (6.0s)
Full image MAD=0.000
  Γ£ô  253 tests\parity\scenes\scene91-csg2.spec.ts:11:5 ΓÇ║ Scene 91 ΓÇö CSG2 operations match Babylon.js reference (4.9s)
Full image (921600 px): MAD=0.001, within-5=100.0%
  Γ£ô  251 tests\parity\scenes\scene9-sponza.spec.ts:21:5 ΓÇ║ Scene 9 ΓÇö Sponza (.babylon) matches Babylon.js reference (14.1s)

  253 passed (7.2m)
